CRITICAL - 2026-03-27 15:40:30 --> ErrorException: filemtime(): stat failed for C:\xampp\htdocs\eams\public\assets/css/utility-ops.css
[Method: GET, Route: boiler]
in APPPATH\Views\boiler\index.php on line 207.
 1 [internal function]: CodeIgniter\Debug\Exceptions->errorHandler(2, 'filemtime(): stat failed for C:\\xampp\\htdocs\\eams\\public\\assets/css/utility-ops.css', 'C:\\xampp\\htdocs\\eams\\app\\Views\\boiler\\index.php', 207)
 2 APPPATH\Views\boiler\index.php(207): filemtime('C:\\xampp\\htdocs\\eams\\public\\assets/css/utility-ops.css')
 3 SYSTEMPATH\View\View.php(226): include('C:\\xampp\\htdocs\\eams\\app\\Views\\boiler\\index.php')
 4 SYSTEMPATH\View\View.php(229): CodeIgniter\View\View->CodeIgniter\View\{closure}()
 5 SYSTEMPATH\Common.php(1199): CodeIgniter\View\View->render('boiler/index', [], true)
 6 APPPATH\Controllers\BoilerFuelController.php(61): view('boiler/index', [...])
 7 SYSTEMPATH\CodeIgniter.php(933): App\Controllers\BoilerFuelController->index()
 8 SYSTEMPATH\CodeIgniter.php(507): CodeIgniter\CodeIgniter->runController(Object(App\Controllers\BoilerFuelController))
 9 SYSTEMPATH\CodeIgniter.php(354): CodeIgniter\CodeIgniter->handleRequest(null, Object(Config\Cache), false)
10 SYSTEMPATH\Boot.php(363): CodeIgniter\CodeIgniter->run()
11 SYSTEMPATH\Boot.php(68): CodeIgniter\Boot::runCodeIgniter(Object(CodeIgniter\CodeIgniter))
12 FCPATH\index.php(59): CodeIgniter\Boot::bootWeb(Object(Config\Paths))
CRITICAL - 2026-03-27 15:43:11 --> ErrorException: filemtime(): stat failed for C:\xampp\htdocs\eams\public\assets/css/utility-ops.css
[Method: GET, Route: boiler]
in APPPATH\Views\boiler\index.php on line 207.
 1 [internal function]: CodeIgniter\Debug\Exceptions->errorHandler(2, 'filemtime(): stat failed for C:\\xampp\\htdocs\\eams\\public\\assets/css/utility-ops.css', 'C:\\xampp\\htdocs\\eams\\app\\Views\\boiler\\index.php', 207)
 2 APPPATH\Views\boiler\index.php(207): filemtime('C:\\xampp\\htdocs\\eams\\public\\assets/css/utility-ops.css')
 3 SYSTEMPATH\View\View.php(226): include('C:\\xampp\\htdocs\\eams\\app\\Views\\boiler\\index.php')
 4 SYSTEMPATH\View\View.php(229): CodeIgniter\View\View->CodeIgniter\View\{closure}()
 5 SYSTEMPATH\Common.php(1199): CodeIgniter\View\View->render('boiler/index', [], true)
 6 APPPATH\Controllers\BoilerFuelController.php(61): view('boiler/index', [...])
 7 SYSTEMPATH\CodeIgniter.php(933): App\Controllers\BoilerFuelController->index()
 8 SYSTEMPATH\CodeIgniter.php(507): CodeIgniter\CodeIgniter->runController(Object(App\Controllers\BoilerFuelController))
 9 SYSTEMPATH\CodeIgniter.php(354): CodeIgniter\CodeIgniter->handleRequest(null, Object(Config\Cache), false)
10 SYSTEMPATH\Boot.php(363): CodeIgniter\CodeIgniter->run()
11 SYSTEMPATH\Boot.php(68): CodeIgniter\Boot::runCodeIgniter(Object(CodeIgniter\CodeIgniter))
12 FCPATH\index.php(59): CodeIgniter\Boot::bootWeb(Object(Config\Paths))
CRITICAL - 2026-03-27 16:07:03 --> ErrorException: filemtime(): stat failed for C:\xampp\htdocs\eams\public\assets/css/checklist-master.css
[Method: GET, Route: compliance/checklist/master]
in APPPATH\Views\compliance\checklist_master\index.php on line 67.
 1 [internal function]: CodeIgniter\Debug\Exceptions->errorHandler(2, 'filemtime(): stat failed for C:\\xampp\\htdocs\\eams\\public\\assets/css/checklist-master.css', 'C:\\xampp\\htdocs\\eams\\app\\Views\\compliance\\checklist_master\\index.php', 67)
 2 APPPATH\Views\compliance\checklist_master\index.php(67): filemtime('C:\\xampp\\htdocs\\eams\\public\\assets/css/checklist-master.css')
 3 SYSTEMPATH\View\View.php(226): include('C:\\xampp\\htdocs\\eams\\app\\Views\\compliance\\checklist_master\\index.php')
 4 SYSTEMPATH\View\View.php(229): CodeIgniter\View\View->CodeIgniter\View\{closure}()
 5 SYSTEMPATH\Common.php(1199): CodeIgniter\View\View->render('compliance/checklist_master/index', [], true)
 6 APPPATH\Controllers\ComplianceChecklistMasterController.php(36): view('compliance/checklist_master/index', [...])
 7 SYSTEMPATH\CodeIgniter.php(933): App\Controllers\ComplianceChecklistMasterController->masterIndex()
 8 SYSTEMPATH\CodeIgniter.php(507): CodeIgniter\CodeIgniter->runController(Object(App\Controllers\ComplianceChecklistMasterController))
 9 SYSTEMPATH\CodeIgniter.php(354): CodeIgniter\CodeIgniter->handleRequest(null, Object(Config\Cache), false)
10 SYSTEMPATH\Boot.php(363): CodeIgniter\CodeIgniter->run()
11 SYSTEMPATH\Boot.php(68): CodeIgniter\Boot::runCodeIgniter(Object(CodeIgniter\CodeIgniter))
12 FCPATH\index.php(59): CodeIgniter\Boot::bootWeb(Object(Config\Paths))
