ERROR - 2026-04-23 15:07:48 --> mysqli_sql_exception: Duplicate entry '' for key 'uniq_asset_code' in C:\xampp\htdocs\eams\system\Database\MySQLi\Connection.php:327
Stack trace:
#0 C:\xampp\htdocs\eams\system\Database\MySQLi\Connection.php(327): mysqli->query('INSERT INTO `co...', 0)
#1 C:\xampp\htdocs\eams\system\Database\BaseConnection.php(729): CodeIgniter\Database\MySQLi\Connection->execute('INSERT INTO `co...')
#2 C:\xampp\htdocs\eams\system\Database\BaseConnection.php(646): CodeIgniter\Database\BaseConnection->simpleQuery('INSERT INTO `co...')
#3 C:\xampp\htdocs\eams\system\Database\BaseBuilder.php(2345): CodeIgniter\Database\BaseConnection->query('INSERT INTO `co...', Array, false)
#4 C:\xampp\htdocs\eams\system\Model.php(394): CodeIgniter\Database\BaseBuilder->insert()
#5 C:\xampp\htdocs\eams\system\BaseModel.php(838): CodeIgniter\Model->doInsert(Array)
#6 C:\xampp\htdocs\eams\system\Model.php(797): CodeIgniter\BaseModel->insert(Array, true)
#7 C:\xampp\htdocs\eams\app\Controllers\ComplianceInventoryController.php(307): CodeIgniter\Model->insert(Array)
#8 C:\xampp\htdocs\eams\system\CodeIgniter.php(933): App\Controllers\ComplianceInventoryController->store()
#9 C:\xampp\htdocs\eams\system\CodeIgniter.php(507): CodeIgniter\CodeIgniter->runController(Object(App\Controllers\ComplianceInventoryController))
#10 C:\xampp\htdocs\eams\system\CodeIgniter.php(354): CodeIgniter\CodeIgniter->handleRequest(NULL, Object(Config\Cache), false)
#11 C:\xampp\htdocs\eams\system\Boot.php(363): CodeIgniter\CodeIgniter->run()
#12 C:\xampp\htdocs\eams\system\Boot.php(68): CodeIgniter\Boot::runCodeIgniter(Object(CodeIgniter\CodeIgniter))
#13 C:\xampp\htdocs\eams\public\index.php(59): CodeIgniter\Boot::bootWeb(Object(Config\Paths))
#14 {main}
CRITICAL - 2026-04-23 15:07:48 --> CodeIgniter\Database\Exceptions\DatabaseException: Duplicate entry '' for key 'uniq_asset_code'
[Method: POST, Route: compliance/inventory/store]
in SYSTEMPATH\Database\BaseConnection.php on line 684.
 1 SYSTEMPATH\Database\BaseBuilder.php(2345): CodeIgniter\Database\BaseConnection->query('INSERT INTO `compliance_inventory` (`category_id`, `area_id`, `item_type_id`, `asset_code`, `type_description`, `specific_area`, `pic`, `status`, `qty`, `remark`, `expired_date`, `photo`, `created_at`, `updated_at`) VALUES (:category_id:, :area_id:, :item_type_id:, :asset_code:, :type_description:, :specific_area:, :pic:, :status:, :qty:, :remark:, :expired_date:, :photo:, :created_at:, :updated_at:)', [...], false)
 2 SYSTEMPATH\Model.php(394): CodeIgniter\Database\BaseBuilder->insert()
 3 SYSTEMPATH\BaseModel.php(838): CodeIgniter\Model->doInsert([...])
 4 SYSTEMPATH\Model.php(797): CodeIgniter\BaseModel->insert([...], true)
 5 APPPATH\Controllers\ComplianceInventoryController.php(307): CodeIgniter\Model->insert([...])
 6 SYSTEMPATH\CodeIgniter.php(933): App\Controllers\ComplianceInventoryController->store()
 7 SYSTEMPATH\CodeIgniter.php(507): CodeIgniter\CodeIgniter->runController(Object(App\Controllers\ComplianceInventoryController))
 8 SYSTEMPATH\CodeIgniter.php(354): CodeIgniter\CodeIgniter->handleRequest(null, Object(Config\Cache), false)
 9 SYSTEMPATH\Boot.php(363): CodeIgniter\CodeIgniter->run()
10 SYSTEMPATH\Boot.php(68): CodeIgniter\Boot::runCodeIgniter(Object(CodeIgniter\CodeIgniter))
11 FCPATH\index.php(59): CodeIgniter\Boot::bootWeb(Object(Config\Paths))
CRITICAL - 2026-04-23 15:07:48 --> [Caused by] CodeIgniter\Database\Exceptions\DatabaseException: Duplicate entry '' for key 'uniq_asset_code'
in SYSTEMPATH\Database\MySQLi\Connection.php on line 332.
 1 SYSTEMPATH\Database\BaseConnection.php(729): CodeIgniter\Database\MySQLi\Connection->execute('INSERT INTO `compliance_inventory` (`category_id`, `area_id`, `item_type_id`, `asset_code`, `type_description`, `specific_area`, `pic`, `status`, `qty`, `remark`, `expired_date`, `photo`, `created_at`, `updated_at`) VALUES (\'6\', \'13\', \'56\', \'\', \'\', \'Packing Lt2 1\', \'\', \'Good\', \'1\', \'\', \'\', NULL, \'2026-04-23 15:07:48\', \'2026-04-23 15:07:48\')')
 2 SYSTEMPATH\Database\BaseConnection.php(646): CodeIgniter\Database\BaseConnection->simpleQuery('INSERT INTO `compliance_inventory` (`category_id`, `area_id`, `item_type_id`, `asset_code`, `type_description`, `specific_area`, `pic`, `status`, `qty`, `remark`, `expired_date`, `photo`, `created_at`, `updated_at`) VALUES (\'6\', \'13\', \'56\', \'\', \'\', \'Packing Lt2 1\', \'\', \'Good\', \'1\', \'\', \'\', NULL, \'2026-04-23 15:07:48\', \'2026-04-23 15:07:48\')')
 3 SYSTEMPATH\Database\BaseBuilder.php(2345): CodeIgniter\Database\BaseConnection->query('INSERT INTO `compliance_inventory` (`category_id`, `area_id`, `item_type_id`, `asset_code`, `type_description`, `specific_area`, `pic`, `status`, `qty`, `remark`, `expired_date`, `photo`, `created_at`, `updated_at`) VALUES (:category_id:, :area_id:, :item_type_id:, :asset_code:, :type_description:, :specific_area:, :pic:, :status:, :qty:, :remark:, :expired_date:, :photo:, :created_at:, :updated_at:)', [...], false)
 4 SYSTEMPATH\Model.php(394): CodeIgniter\Database\BaseBuilder->insert()
 5 SYSTEMPATH\BaseModel.php(838): CodeIgniter\Model->doInsert([...])
 6 SYSTEMPATH\Model.php(797): CodeIgniter\BaseModel->insert([...], true)
 7 APPPATH\Controllers\ComplianceInventoryController.php(307): CodeIgniter\Model->insert([...])
 8 SYSTEMPATH\CodeIgniter.php(933): App\Controllers\ComplianceInventoryController->store()
 9 SYSTEMPATH\CodeIgniter.php(507): CodeIgniter\CodeIgniter->runController(Object(App\Controllers\ComplianceInventoryController))
10 SYSTEMPATH\CodeIgniter.php(354): CodeIgniter\CodeIgniter->handleRequest(null, Object(Config\Cache), false)
11 SYSTEMPATH\Boot.php(363): CodeIgniter\CodeIgniter->run()
12 SYSTEMPATH\Boot.php(68): CodeIgniter\Boot::runCodeIgniter(Object(CodeIgniter\CodeIgniter))
13 FCPATH\index.php(59): CodeIgniter\Boot::bootWeb(Object(Config\Paths))
CRITICAL - 2026-04-23 15:07:48 --> [Caused by] mysqli_sql_exception: Duplicate entry '' for key 'uniq_asset_code'
in SYSTEMPATH\Database\MySQLi\Connection.php on line 327.
 1 SYSTEMPATH\Database\MySQLi\Connection.php(327): mysqli->query('INSERT INTO `compliance_inventory` (`category_id`, `area_id`, `item_type_id`, `asset_code`, `type_description`, `specific_area`, `pic`, `status`, `qty`, `remark`, `expired_date`, `photo`, `created_at`, `updated_at`) VALUES (\'6\', \'13\', \'56\', \'\', \'\', \'Packing Lt2 1\', \'\', \'Good\', \'1\', \'\', \'\', NULL, \'2026-04-23 15:07:48\', \'2026-04-23 15:07:48\')', 0)
 2 SYSTEMPATH\Database\BaseConnection.php(729): CodeIgniter\Database\MySQLi\Connection->execute('INSERT INTO `compliance_inventory` (`category_id`, `area_id`, `item_type_id`, `asset_code`, `type_description`, `specific_area`, `pic`, `status`, `qty`, `remark`, `expired_date`, `photo`, `created_at`, `updated_at`) VALUES (\'6\', \'13\', \'56\', \'\', \'\', \'Packing Lt2 1\', \'\', \'Good\', \'1\', \'\', \'\', NULL, \'2026-04-23 15:07:48\', \'2026-04-23 15:07:48\')')
 3 SYSTEMPATH\Database\BaseConnection.php(646): CodeIgniter\Database\BaseConnection->simpleQuery('INSERT INTO `compliance_inventory` (`category_id`, `area_id`, `item_type_id`, `asset_code`, `type_description`, `specific_area`, `pic`, `status`, `qty`, `remark`, `expired_date`, `photo`, `created_at`, `updated_at`) VALUES (\'6\', \'13\', \'56\', \'\', \'\', \'Packing Lt2 1\', \'\', \'Good\', \'1\', \'\', \'\', NULL, \'2026-04-23 15:07:48\', \'2026-04-23 15:07:48\')')
 4 SYSTEMPATH\Database\BaseBuilder.php(2345): CodeIgniter\Database\BaseConnection->query('INSERT INTO `compliance_inventory` (`category_id`, `area_id`, `item_type_id`, `asset_code`, `type_description`, `specific_area`, `pic`, `status`, `qty`, `remark`, `expired_date`, `photo`, `created_at`, `updated_at`) VALUES (:category_id:, :area_id:, :item_type_id:, :asset_code:, :type_description:, :specific_area:, :pic:, :status:, :qty:, :remark:, :expired_date:, :photo:, :created_at:, :updated_at:)', [...], false)
 5 SYSTEMPATH\Model.php(394): CodeIgniter\Database\BaseBuilder->insert()
 6 SYSTEMPATH\BaseModel.php(838): CodeIgniter\Model->doInsert([...])
 7 SYSTEMPATH\Model.php(797): CodeIgniter\BaseModel->insert([...], true)
 8 APPPATH\Controllers\ComplianceInventoryController.php(307): CodeIgniter\Model->insert([...])
 9 SYSTEMPATH\CodeIgniter.php(933): App\Controllers\ComplianceInventoryController->store()
10 SYSTEMPATH\CodeIgniter.php(507): CodeIgniter\CodeIgniter->runController(Object(App\Controllers\ComplianceInventoryController))
11 SYSTEMPATH\CodeIgniter.php(354): CodeIgniter\CodeIgniter->handleRequest(null, Object(Config\Cache), false)
12 SYSTEMPATH\Boot.php(363): CodeIgniter\CodeIgniter->run()
13 SYSTEMPATH\Boot.php(68): CodeIgniter\Boot::runCodeIgniter(Object(CodeIgniter\CodeIgniter))
14 FCPATH\index.php(59): CodeIgniter\Boot::bootWeb(Object(Config\Paths))
ERROR - 2026-04-23 15:07:54 --> mysqli_sql_exception: Duplicate entry '' for key 'uniq_asset_code' in C:\xampp\htdocs\eams\system\Database\MySQLi\Connection.php:327
Stack trace:
#0 C:\xampp\htdocs\eams\system\Database\MySQLi\Connection.php(327): mysqli->query('INSERT INTO `co...', 0)
#1 C:\xampp\htdocs\eams\system\Database\BaseConnection.php(729): CodeIgniter\Database\MySQLi\Connection->execute('INSERT INTO `co...')
#2 C:\xampp\htdocs\eams\system\Database\BaseConnection.php(646): CodeIgniter\Database\BaseConnection->simpleQuery('INSERT INTO `co...')
#3 C:\xampp\htdocs\eams\system\Database\BaseBuilder.php(2345): CodeIgniter\Database\BaseConnection->query('INSERT INTO `co...', Array, false)
#4 C:\xampp\htdocs\eams\system\Model.php(394): CodeIgniter\Database\BaseBuilder->insert()
#5 C:\xampp\htdocs\eams\system\BaseModel.php(838): CodeIgniter\Model->doInsert(Array)
#6 C:\xampp\htdocs\eams\system\Model.php(797): CodeIgniter\BaseModel->insert(Array, true)
#7 C:\xampp\htdocs\eams\app\Controllers\ComplianceInventoryController.php(307): CodeIgniter\Model->insert(Array)
#8 C:\xampp\htdocs\eams\system\CodeIgniter.php(933): App\Controllers\ComplianceInventoryController->store()
#9 C:\xampp\htdocs\eams\system\CodeIgniter.php(507): CodeIgniter\CodeIgniter->runController(Object(App\Controllers\ComplianceInventoryController))
#10 C:\xampp\htdocs\eams\system\CodeIgniter.php(354): CodeIgniter\CodeIgniter->handleRequest(NULL, Object(Config\Cache), false)
#11 C:\xampp\htdocs\eams\system\Boot.php(363): CodeIgniter\CodeIgniter->run()
#12 C:\xampp\htdocs\eams\system\Boot.php(68): CodeIgniter\Boot::runCodeIgniter(Object(CodeIgniter\CodeIgniter))
#13 C:\xampp\htdocs\eams\public\index.php(59): CodeIgniter\Boot::bootWeb(Object(Config\Paths))
#14 {main}
CRITICAL - 2026-04-23 15:07:54 --> CodeIgniter\Database\Exceptions\DatabaseException: Duplicate entry '' for key 'uniq_asset_code'
[Method: POST, Route: compliance/inventory/store]
in SYSTEMPATH\Database\BaseConnection.php on line 684.
 1 SYSTEMPATH\Database\BaseBuilder.php(2345): CodeIgniter\Database\BaseConnection->query('INSERT INTO `compliance_inventory` (`category_id`, `area_id`, `item_type_id`, `asset_code`, `type_description`, `specific_area`, `pic`, `status`, `qty`, `remark`, `expired_date`, `photo`, `created_at`, `updated_at`) VALUES (:category_id:, :area_id:, :item_type_id:, :asset_code:, :type_description:, :specific_area:, :pic:, :status:, :qty:, :remark:, :expired_date:, :photo:, :created_at:, :updated_at:)', [...], false)
 2 SYSTEMPATH\Model.php(394): CodeIgniter\Database\BaseBuilder->insert()
 3 SYSTEMPATH\BaseModel.php(838): CodeIgniter\Model->doInsert([...])
 4 SYSTEMPATH\Model.php(797): CodeIgniter\BaseModel->insert([...], true)
 5 APPPATH\Controllers\ComplianceInventoryController.php(307): CodeIgniter\Model->insert([...])
 6 SYSTEMPATH\CodeIgniter.php(933): App\Controllers\ComplianceInventoryController->store()
 7 SYSTEMPATH\CodeIgniter.php(507): CodeIgniter\CodeIgniter->runController(Object(App\Controllers\ComplianceInventoryController))
 8 SYSTEMPATH\CodeIgniter.php(354): CodeIgniter\CodeIgniter->handleRequest(null, Object(Config\Cache), false)
 9 SYSTEMPATH\Boot.php(363): CodeIgniter\CodeIgniter->run()
10 SYSTEMPATH\Boot.php(68): CodeIgniter\Boot::runCodeIgniter(Object(CodeIgniter\CodeIgniter))
11 FCPATH\index.php(59): CodeIgniter\Boot::bootWeb(Object(Config\Paths))
CRITICAL - 2026-04-23 15:07:54 --> [Caused by] CodeIgniter\Database\Exceptions\DatabaseException: Duplicate entry '' for key 'uniq_asset_code'
in SYSTEMPATH\Database\MySQLi\Connection.php on line 332.
 1 SYSTEMPATH\Database\BaseConnection.php(729): CodeIgniter\Database\MySQLi\Connection->execute('INSERT INTO `compliance_inventory` (`category_id`, `area_id`, `item_type_id`, `asset_code`, `type_description`, `specific_area`, `pic`, `status`, `qty`, `remark`, `expired_date`, `photo`, `created_at`, `updated_at`) VALUES (\'6\', \'13\', \'56\', \'\', \'\', \'Packing Lt2 1\', \'\', \'Good\', \'1\', \'\', \'\', NULL, \'2026-04-23 15:07:54\', \'2026-04-23 15:07:54\')')
 2 SYSTEMPATH\Database\BaseConnection.php(646): CodeIgniter\Database\BaseConnection->simpleQuery('INSERT INTO `compliance_inventory` (`category_id`, `area_id`, `item_type_id`, `asset_code`, `type_description`, `specific_area`, `pic`, `status`, `qty`, `remark`, `expired_date`, `photo`, `created_at`, `updated_at`) VALUES (\'6\', \'13\', \'56\', \'\', \'\', \'Packing Lt2 1\', \'\', \'Good\', \'1\', \'\', \'\', NULL, \'2026-04-23 15:07:54\', \'2026-04-23 15:07:54\')')
 3 SYSTEMPATH\Database\BaseBuilder.php(2345): CodeIgniter\Database\BaseConnection->query('INSERT INTO `compliance_inventory` (`category_id`, `area_id`, `item_type_id`, `asset_code`, `type_description`, `specific_area`, `pic`, `status`, `qty`, `remark`, `expired_date`, `photo`, `created_at`, `updated_at`) VALUES (:category_id:, :area_id:, :item_type_id:, :asset_code:, :type_description:, :specific_area:, :pic:, :status:, :qty:, :remark:, :expired_date:, :photo:, :created_at:, :updated_at:)', [...], false)
 4 SYSTEMPATH\Model.php(394): CodeIgniter\Database\BaseBuilder->insert()
 5 SYSTEMPATH\BaseModel.php(838): CodeIgniter\Model->doInsert([...])
 6 SYSTEMPATH\Model.php(797): CodeIgniter\BaseModel->insert([...], true)
 7 APPPATH\Controllers\ComplianceInventoryController.php(307): CodeIgniter\Model->insert([...])
 8 SYSTEMPATH\CodeIgniter.php(933): App\Controllers\ComplianceInventoryController->store()
 9 SYSTEMPATH\CodeIgniter.php(507): CodeIgniter\CodeIgniter->runController(Object(App\Controllers\ComplianceInventoryController))
10 SYSTEMPATH\CodeIgniter.php(354): CodeIgniter\CodeIgniter->handleRequest(null, Object(Config\Cache), false)
11 SYSTEMPATH\Boot.php(363): CodeIgniter\CodeIgniter->run()
12 SYSTEMPATH\Boot.php(68): CodeIgniter\Boot::runCodeIgniter(Object(CodeIgniter\CodeIgniter))
13 FCPATH\index.php(59): CodeIgniter\Boot::bootWeb(Object(Config\Paths))
CRITICAL - 2026-04-23 15:07:54 --> [Caused by] mysqli_sql_exception: Duplicate entry '' for key 'uniq_asset_code'
in SYSTEMPATH\Database\MySQLi\Connection.php on line 327.
 1 SYSTEMPATH\Database\MySQLi\Connection.php(327): mysqli->query('INSERT INTO `compliance_inventory` (`category_id`, `area_id`, `item_type_id`, `asset_code`, `type_description`, `specific_area`, `pic`, `status`, `qty`, `remark`, `expired_date`, `photo`, `created_at`, `updated_at`) VALUES (\'6\', \'13\', \'56\', \'\', \'\', \'Packing Lt2 1\', \'\', \'Good\', \'1\', \'\', \'\', NULL, \'2026-04-23 15:07:54\', \'2026-04-23 15:07:54\')', 0)
 2 SYSTEMPATH\Database\BaseConnection.php(729): CodeIgniter\Database\MySQLi\Connection->execute('INSERT INTO `compliance_inventory` (`category_id`, `area_id`, `item_type_id`, `asset_code`, `type_description`, `specific_area`, `pic`, `status`, `qty`, `remark`, `expired_date`, `photo`, `created_at`, `updated_at`) VALUES (\'6\', \'13\', \'56\', \'\', \'\', \'Packing Lt2 1\', \'\', \'Good\', \'1\', \'\', \'\', NULL, \'2026-04-23 15:07:54\', \'2026-04-23 15:07:54\')')
 3 SYSTEMPATH\Database\BaseConnection.php(646): CodeIgniter\Database\BaseConnection->simpleQuery('INSERT INTO `compliance_inventory` (`category_id`, `area_id`, `item_type_id`, `asset_code`, `type_description`, `specific_area`, `pic`, `status`, `qty`, `remark`, `expired_date`, `photo`, `created_at`, `updated_at`) VALUES (\'6\', \'13\', \'56\', \'\', \'\', \'Packing Lt2 1\', \'\', \'Good\', \'1\', \'\', \'\', NULL, \'2026-04-23 15:07:54\', \'2026-04-23 15:07:54\')')
 4 SYSTEMPATH\Database\BaseBuilder.php(2345): CodeIgniter\Database\BaseConnection->query('INSERT INTO `compliance_inventory` (`category_id`, `area_id`, `item_type_id`, `asset_code`, `type_description`, `specific_area`, `pic`, `status`, `qty`, `remark`, `expired_date`, `photo`, `created_at`, `updated_at`) VALUES (:category_id:, :area_id:, :item_type_id:, :asset_code:, :type_description:, :specific_area:, :pic:, :status:, :qty:, :remark:, :expired_date:, :photo:, :created_at:, :updated_at:)', [...], false)
 5 SYSTEMPATH\Model.php(394): CodeIgniter\Database\BaseBuilder->insert()
 6 SYSTEMPATH\BaseModel.php(838): CodeIgniter\Model->doInsert([...])
 7 SYSTEMPATH\Model.php(797): CodeIgniter\BaseModel->insert([...], true)
 8 APPPATH\Controllers\ComplianceInventoryController.php(307): CodeIgniter\Model->insert([...])
 9 SYSTEMPATH\CodeIgniter.php(933): App\Controllers\ComplianceInventoryController->store()
10 SYSTEMPATH\CodeIgniter.php(507): CodeIgniter\CodeIgniter->runController(Object(App\Controllers\ComplianceInventoryController))
11 SYSTEMPATH\CodeIgniter.php(354): CodeIgniter\CodeIgniter->handleRequest(null, Object(Config\Cache), false)
12 SYSTEMPATH\Boot.php(363): CodeIgniter\CodeIgniter->run()
13 SYSTEMPATH\Boot.php(68): CodeIgniter\Boot::runCodeIgniter(Object(CodeIgniter\CodeIgniter))
14 FCPATH\index.php(59): CodeIgniter\Boot::bootWeb(Object(Config\Paths))
ERROR - 2026-04-23 15:08:07 --> mysqli_sql_exception: Duplicate entry '' for key 'uniq_asset_code' in C:\xampp\htdocs\eams\system\Database\MySQLi\Connection.php:327
Stack trace:
#0 C:\xampp\htdocs\eams\system\Database\MySQLi\Connection.php(327): mysqli->query('INSERT INTO `co...', 0)
#1 C:\xampp\htdocs\eams\system\Database\BaseConnection.php(729): CodeIgniter\Database\MySQLi\Connection->execute('INSERT INTO `co...')
#2 C:\xampp\htdocs\eams\system\Database\BaseConnection.php(646): CodeIgniter\Database\BaseConnection->simpleQuery('INSERT INTO `co...')
#3 C:\xampp\htdocs\eams\system\Database\BaseBuilder.php(2345): CodeIgniter\Database\BaseConnection->query('INSERT INTO `co...', Array, false)
#4 C:\xampp\htdocs\eams\system\Model.php(394): CodeIgniter\Database\BaseBuilder->insert()
#5 C:\xampp\htdocs\eams\system\BaseModel.php(838): CodeIgniter\Model->doInsert(Array)
#6 C:\xampp\htdocs\eams\system\Model.php(797): CodeIgniter\BaseModel->insert(Array, true)
#7 C:\xampp\htdocs\eams\app\Controllers\ComplianceInventoryController.php(307): CodeIgniter\Model->insert(Array)
#8 C:\xampp\htdocs\eams\system\CodeIgniter.php(933): App\Controllers\ComplianceInventoryController->store()
#9 C:\xampp\htdocs\eams\system\CodeIgniter.php(507): CodeIgniter\CodeIgniter->runController(Object(App\Controllers\ComplianceInventoryController))
#10 C:\xampp\htdocs\eams\system\CodeIgniter.php(354): CodeIgniter\CodeIgniter->handleRequest(NULL, Object(Config\Cache), false)
#11 C:\xampp\htdocs\eams\system\Boot.php(363): CodeIgniter\CodeIgniter->run()
#12 C:\xampp\htdocs\eams\system\Boot.php(68): CodeIgniter\Boot::runCodeIgniter(Object(CodeIgniter\CodeIgniter))
#13 C:\xampp\htdocs\eams\public\index.php(59): CodeIgniter\Boot::bootWeb(Object(Config\Paths))
#14 {main}
CRITICAL - 2026-04-23 15:08:07 --> CodeIgniter\Database\Exceptions\DatabaseException: Duplicate entry '' for key 'uniq_asset_code'
[Method: POST, Route: compliance/inventory/store]
in SYSTEMPATH\Database\BaseConnection.php on line 684.
 1 SYSTEMPATH\Database\BaseBuilder.php(2345): CodeIgniter\Database\BaseConnection->query('INSERT INTO `compliance_inventory` (`category_id`, `area_id`, `item_type_id`, `asset_code`, `type_description`, `specific_area`, `pic`, `status`, `qty`, `remark`, `expired_date`, `photo`, `created_at`, `updated_at`) VALUES (:category_id:, :area_id:, :item_type_id:, :asset_code:, :type_description:, :specific_area:, :pic:, :status:, :qty:, :remark:, :expired_date:, :photo:, :created_at:, :updated_at:)', [...], false)
 2 SYSTEMPATH\Model.php(394): CodeIgniter\Database\BaseBuilder->insert()
 3 SYSTEMPATH\BaseModel.php(838): CodeIgniter\Model->doInsert([...])
 4 SYSTEMPATH\Model.php(797): CodeIgniter\BaseModel->insert([...], true)
 5 APPPATH\Controllers\ComplianceInventoryController.php(307): CodeIgniter\Model->insert([...])
 6 SYSTEMPATH\CodeIgniter.php(933): App\Controllers\ComplianceInventoryController->store()
 7 SYSTEMPATH\CodeIgniter.php(507): CodeIgniter\CodeIgniter->runController(Object(App\Controllers\ComplianceInventoryController))
 8 SYSTEMPATH\CodeIgniter.php(354): CodeIgniter\CodeIgniter->handleRequest(null, Object(Config\Cache), false)
 9 SYSTEMPATH\Boot.php(363): CodeIgniter\CodeIgniter->run()
10 SYSTEMPATH\Boot.php(68): CodeIgniter\Boot::runCodeIgniter(Object(CodeIgniter\CodeIgniter))
11 FCPATH\index.php(59): CodeIgniter\Boot::bootWeb(Object(Config\Paths))
CRITICAL - 2026-04-23 15:08:07 --> [Caused by] CodeIgniter\Database\Exceptions\DatabaseException: Duplicate entry '' for key 'uniq_asset_code'
in SYSTEMPATH\Database\MySQLi\Connection.php on line 332.
 1 SYSTEMPATH\Database\BaseConnection.php(729): CodeIgniter\Database\MySQLi\Connection->execute('INSERT INTO `compliance_inventory` (`category_id`, `area_id`, `item_type_id`, `asset_code`, `type_description`, `specific_area`, `pic`, `status`, `qty`, `remark`, `expired_date`, `photo`, `created_at`, `updated_at`) VALUES (\'6\', \'13\', \'56\', \'\', \'\', \'Packing Lt2 1\', \'\', \'Good\', \'1\', \'\', \'\', NULL, \'2026-04-23 15:08:07\', \'2026-04-23 15:08:07\')')
 2 SYSTEMPATH\Database\BaseConnection.php(646): CodeIgniter\Database\BaseConnection->simpleQuery('INSERT INTO `compliance_inventory` (`category_id`, `area_id`, `item_type_id`, `asset_code`, `type_description`, `specific_area`, `pic`, `status`, `qty`, `remark`, `expired_date`, `photo`, `created_at`, `updated_at`) VALUES (\'6\', \'13\', \'56\', \'\', \'\', \'Packing Lt2 1\', \'\', \'Good\', \'1\', \'\', \'\', NULL, \'2026-04-23 15:08:07\', \'2026-04-23 15:08:07\')')
 3 SYSTEMPATH\Database\BaseBuilder.php(2345): CodeIgniter\Database\BaseConnection->query('INSERT INTO `compliance_inventory` (`category_id`, `area_id`, `item_type_id`, `asset_code`, `type_description`, `specific_area`, `pic`, `status`, `qty`, `remark`, `expired_date`, `photo`, `created_at`, `updated_at`) VALUES (:category_id:, :area_id:, :item_type_id:, :asset_code:, :type_description:, :specific_area:, :pic:, :status:, :qty:, :remark:, :expired_date:, :photo:, :created_at:, :updated_at:)', [...], false)
 4 SYSTEMPATH\Model.php(394): CodeIgniter\Database\BaseBuilder->insert()
 5 SYSTEMPATH\BaseModel.php(838): CodeIgniter\Model->doInsert([...])
 6 SYSTEMPATH\Model.php(797): CodeIgniter\BaseModel->insert([...], true)
 7 APPPATH\Controllers\ComplianceInventoryController.php(307): CodeIgniter\Model->insert([...])
 8 SYSTEMPATH\CodeIgniter.php(933): App\Controllers\ComplianceInventoryController->store()
 9 SYSTEMPATH\CodeIgniter.php(507): CodeIgniter\CodeIgniter->runController(Object(App\Controllers\ComplianceInventoryController))
10 SYSTEMPATH\CodeIgniter.php(354): CodeIgniter\CodeIgniter->handleRequest(null, Object(Config\Cache), false)
11 SYSTEMPATH\Boot.php(363): CodeIgniter\CodeIgniter->run()
12 SYSTEMPATH\Boot.php(68): CodeIgniter\Boot::runCodeIgniter(Object(CodeIgniter\CodeIgniter))
13 FCPATH\index.php(59): CodeIgniter\Boot::bootWeb(Object(Config\Paths))
CRITICAL - 2026-04-23 15:08:07 --> [Caused by] mysqli_sql_exception: Duplicate entry '' for key 'uniq_asset_code'
in SYSTEMPATH\Database\MySQLi\Connection.php on line 327.
 1 SYSTEMPATH\Database\MySQLi\Connection.php(327): mysqli->query('INSERT INTO `compliance_inventory` (`category_id`, `area_id`, `item_type_id`, `asset_code`, `type_description`, `specific_area`, `pic`, `status`, `qty`, `remark`, `expired_date`, `photo`, `created_at`, `updated_at`) VALUES (\'6\', \'13\', \'56\', \'\', \'\', \'Packing Lt2 1\', \'\', \'Good\', \'1\', \'\', \'\', NULL, \'2026-04-23 15:08:07\', \'2026-04-23 15:08:07\')', 0)
 2 SYSTEMPATH\Database\BaseConnection.php(729): CodeIgniter\Database\MySQLi\Connection->execute('INSERT INTO `compliance_inventory` (`category_id`, `area_id`, `item_type_id`, `asset_code`, `type_description`, `specific_area`, `pic`, `status`, `qty`, `remark`, `expired_date`, `photo`, `created_at`, `updated_at`) VALUES (\'6\', \'13\', \'56\', \'\', \'\', \'Packing Lt2 1\', \'\', \'Good\', \'1\', \'\', \'\', NULL, \'2026-04-23 15:08:07\', \'2026-04-23 15:08:07\')')
 3 SYSTEMPATH\Database\BaseConnection.php(646): CodeIgniter\Database\BaseConnection->simpleQuery('INSERT INTO `compliance_inventory` (`category_id`, `area_id`, `item_type_id`, `asset_code`, `type_description`, `specific_area`, `pic`, `status`, `qty`, `remark`, `expired_date`, `photo`, `created_at`, `updated_at`) VALUES (\'6\', \'13\', \'56\', \'\', \'\', \'Packing Lt2 1\', \'\', \'Good\', \'1\', \'\', \'\', NULL, \'2026-04-23 15:08:07\', \'2026-04-23 15:08:07\')')
 4 SYSTEMPATH\Database\BaseBuilder.php(2345): CodeIgniter\Database\BaseConnection->query('INSERT INTO `compliance_inventory` (`category_id`, `area_id`, `item_type_id`, `asset_code`, `type_description`, `specific_area`, `pic`, `status`, `qty`, `remark`, `expired_date`, `photo`, `created_at`, `updated_at`) VALUES (:category_id:, :area_id:, :item_type_id:, :asset_code:, :type_description:, :specific_area:, :pic:, :status:, :qty:, :remark:, :expired_date:, :photo:, :created_at:, :updated_at:)', [...], false)
 5 SYSTEMPATH\Model.php(394): CodeIgniter\Database\BaseBuilder->insert()
 6 SYSTEMPATH\BaseModel.php(838): CodeIgniter\Model->doInsert([...])
 7 SYSTEMPATH\Model.php(797): CodeIgniter\BaseModel->insert([...], true)
 8 APPPATH\Controllers\ComplianceInventoryController.php(307): CodeIgniter\Model->insert([...])
 9 SYSTEMPATH\CodeIgniter.php(933): App\Controllers\ComplianceInventoryController->store()
10 SYSTEMPATH\CodeIgniter.php(507): CodeIgniter\CodeIgniter->runController(Object(App\Controllers\ComplianceInventoryController))
11 SYSTEMPATH\CodeIgniter.php(354): CodeIgniter\CodeIgniter->handleRequest(null, Object(Config\Cache), false)
12 SYSTEMPATH\Boot.php(363): CodeIgniter\CodeIgniter->run()
13 SYSTEMPATH\Boot.php(68): CodeIgniter\Boot::runCodeIgniter(Object(CodeIgniter\CodeIgniter))
14 FCPATH\index.php(59): CodeIgniter\Boot::bootWeb(Object(Config\Paths))
ERROR - 2026-04-23 15:08:44 --> mysqli_sql_exception: Duplicate entry '' for key 'uniq_asset_code' in C:\xampp\htdocs\eams\system\Database\MySQLi\Connection.php:327
Stack trace:
#0 C:\xampp\htdocs\eams\system\Database\MySQLi\Connection.php(327): mysqli->query('INSERT INTO `co...', 0)
#1 C:\xampp\htdocs\eams\system\Database\BaseConnection.php(729): CodeIgniter\Database\MySQLi\Connection->execute('INSERT INTO `co...')
#2 C:\xampp\htdocs\eams\system\Database\BaseConnection.php(646): CodeIgniter\Database\BaseConnection->simpleQuery('INSERT INTO `co...')
#3 C:\xampp\htdocs\eams\system\Database\BaseBuilder.php(2345): CodeIgniter\Database\BaseConnection->query('INSERT INTO `co...', Array, false)
#4 C:\xampp\htdocs\eams\system\Model.php(394): CodeIgniter\Database\BaseBuilder->insert()
#5 C:\xampp\htdocs\eams\system\BaseModel.php(838): CodeIgniter\Model->doInsert(Array)
#6 C:\xampp\htdocs\eams\system\Model.php(797): CodeIgniter\BaseModel->insert(Array, true)
#7 C:\xampp\htdocs\eams\app\Controllers\ComplianceInventoryController.php(307): CodeIgniter\Model->insert(Array)
#8 C:\xampp\htdocs\eams\system\CodeIgniter.php(933): App\Controllers\ComplianceInventoryController->store()
#9 C:\xampp\htdocs\eams\system\CodeIgniter.php(507): CodeIgniter\CodeIgniter->runController(Object(App\Controllers\ComplianceInventoryController))
#10 C:\xampp\htdocs\eams\system\CodeIgniter.php(354): CodeIgniter\CodeIgniter->handleRequest(NULL, Object(Config\Cache), false)
#11 C:\xampp\htdocs\eams\system\Boot.php(363): CodeIgniter\CodeIgniter->run()
#12 C:\xampp\htdocs\eams\system\Boot.php(68): CodeIgniter\Boot::runCodeIgniter(Object(CodeIgniter\CodeIgniter))
#13 C:\xampp\htdocs\eams\public\index.php(59): CodeIgniter\Boot::bootWeb(Object(Config\Paths))
#14 {main}
CRITICAL - 2026-04-23 15:08:44 --> CodeIgniter\Database\Exceptions\DatabaseException: Duplicate entry '' for key 'uniq_asset_code'
[Method: POST, Route: compliance/inventory/store]
in SYSTEMPATH\Database\BaseConnection.php on line 684.
 1 SYSTEMPATH\Database\BaseBuilder.php(2345): CodeIgniter\Database\BaseConnection->query('INSERT INTO `compliance_inventory` (`category_id`, `area_id`, `item_type_id`, `asset_code`, `type_description`, `specific_area`, `pic`, `status`, `qty`, `remark`, `expired_date`, `photo`, `created_at`, `updated_at`) VALUES (:category_id:, :area_id:, :item_type_id:, :asset_code:, :type_description:, :specific_area:, :pic:, :status:, :qty:, :remark:, :expired_date:, :photo:, :created_at:, :updated_at:)', [...], false)
 2 SYSTEMPATH\Model.php(394): CodeIgniter\Database\BaseBuilder->insert()
 3 SYSTEMPATH\BaseModel.php(838): CodeIgniter\Model->doInsert([...])
 4 SYSTEMPATH\Model.php(797): CodeIgniter\BaseModel->insert([...], true)
 5 APPPATH\Controllers\ComplianceInventoryController.php(307): CodeIgniter\Model->insert([...])
 6 SYSTEMPATH\CodeIgniter.php(933): App\Controllers\ComplianceInventoryController->store()
 7 SYSTEMPATH\CodeIgniter.php(507): CodeIgniter\CodeIgniter->runController(Object(App\Controllers\ComplianceInventoryController))
 8 SYSTEMPATH\CodeIgniter.php(354): CodeIgniter\CodeIgniter->handleRequest(null, Object(Config\Cache), false)
 9 SYSTEMPATH\Boot.php(363): CodeIgniter\CodeIgniter->run()
10 SYSTEMPATH\Boot.php(68): CodeIgniter\Boot::runCodeIgniter(Object(CodeIgniter\CodeIgniter))
11 FCPATH\index.php(59): CodeIgniter\Boot::bootWeb(Object(Config\Paths))
CRITICAL - 2026-04-23 15:08:44 --> [Caused by] CodeIgniter\Database\Exceptions\DatabaseException: Duplicate entry '' for key 'uniq_asset_code'
in SYSTEMPATH\Database\MySQLi\Connection.php on line 332.
 1 SYSTEMPATH\Database\BaseConnection.php(729): CodeIgniter\Database\MySQLi\Connection->execute('INSERT INTO `compliance_inventory` (`category_id`, `area_id`, `item_type_id`, `asset_code`, `type_description`, `specific_area`, `pic`, `status`, `qty`, `remark`, `expired_date`, `photo`, `created_at`, `updated_at`) VALUES (\'6\', \'13\', \'56\', \'\', \'\', \'Packing Lt2-1\', \'\', \'Good\', \'1\', \'\', \'\', NULL, \'2026-04-23 15:08:44\', \'2026-04-23 15:08:44\')')
 2 SYSTEMPATH\Database\BaseConnection.php(646): CodeIgniter\Database\BaseConnection->simpleQuery('INSERT INTO `compliance_inventory` (`category_id`, `area_id`, `item_type_id`, `asset_code`, `type_description`, `specific_area`, `pic`, `status`, `qty`, `remark`, `expired_date`, `photo`, `created_at`, `updated_at`) VALUES (\'6\', \'13\', \'56\', \'\', \'\', \'Packing Lt2-1\', \'\', \'Good\', \'1\', \'\', \'\', NULL, \'2026-04-23 15:08:44\', \'2026-04-23 15:08:44\')')
 3 SYSTEMPATH\Database\BaseBuilder.php(2345): CodeIgniter\Database\BaseConnection->query('INSERT INTO `compliance_inventory` (`category_id`, `area_id`, `item_type_id`, `asset_code`, `type_description`, `specific_area`, `pic`, `status`, `qty`, `remark`, `expired_date`, `photo`, `created_at`, `updated_at`) VALUES (:category_id:, :area_id:, :item_type_id:, :asset_code:, :type_description:, :specific_area:, :pic:, :status:, :qty:, :remark:, :expired_date:, :photo:, :created_at:, :updated_at:)', [...], false)
 4 SYSTEMPATH\Model.php(394): CodeIgniter\Database\BaseBuilder->insert()
 5 SYSTEMPATH\BaseModel.php(838): CodeIgniter\Model->doInsert([...])
 6 SYSTEMPATH\Model.php(797): CodeIgniter\BaseModel->insert([...], true)
 7 APPPATH\Controllers\ComplianceInventoryController.php(307): CodeIgniter\Model->insert([...])
 8 SYSTEMPATH\CodeIgniter.php(933): App\Controllers\ComplianceInventoryController->store()
 9 SYSTEMPATH\CodeIgniter.php(507): CodeIgniter\CodeIgniter->runController(Object(App\Controllers\ComplianceInventoryController))
10 SYSTEMPATH\CodeIgniter.php(354): CodeIgniter\CodeIgniter->handleRequest(null, Object(Config\Cache), false)
11 SYSTEMPATH\Boot.php(363): CodeIgniter\CodeIgniter->run()
12 SYSTEMPATH\Boot.php(68): CodeIgniter\Boot::runCodeIgniter(Object(CodeIgniter\CodeIgniter))
13 FCPATH\index.php(59): CodeIgniter\Boot::bootWeb(Object(Config\Paths))
CRITICAL - 2026-04-23 15:08:44 --> [Caused by] mysqli_sql_exception: Duplicate entry '' for key 'uniq_asset_code'
in SYSTEMPATH\Database\MySQLi\Connection.php on line 327.
 1 SYSTEMPATH\Database\MySQLi\Connection.php(327): mysqli->query('INSERT INTO `compliance_inventory` (`category_id`, `area_id`, `item_type_id`, `asset_code`, `type_description`, `specific_area`, `pic`, `status`, `qty`, `remark`, `expired_date`, `photo`, `created_at`, `updated_at`) VALUES (\'6\', \'13\', \'56\', \'\', \'\', \'Packing Lt2-1\', \'\', \'Good\', \'1\', \'\', \'\', NULL, \'2026-04-23 15:08:44\', \'2026-04-23 15:08:44\')', 0)
 2 SYSTEMPATH\Database\BaseConnection.php(729): CodeIgniter\Database\MySQLi\Connection->execute('INSERT INTO `compliance_inventory` (`category_id`, `area_id`, `item_type_id`, `asset_code`, `type_description`, `specific_area`, `pic`, `status`, `qty`, `remark`, `expired_date`, `photo`, `created_at`, `updated_at`) VALUES (\'6\', \'13\', \'56\', \'\', \'\', \'Packing Lt2-1\', \'\', \'Good\', \'1\', \'\', \'\', NULL, \'2026-04-23 15:08:44\', \'2026-04-23 15:08:44\')')
 3 SYSTEMPATH\Database\BaseConnection.php(646): CodeIgniter\Database\BaseConnection->simpleQuery('INSERT INTO `compliance_inventory` (`category_id`, `area_id`, `item_type_id`, `asset_code`, `type_description`, `specific_area`, `pic`, `status`, `qty`, `remark`, `expired_date`, `photo`, `created_at`, `updated_at`) VALUES (\'6\', \'13\', \'56\', \'\', \'\', \'Packing Lt2-1\', \'\', \'Good\', \'1\', \'\', \'\', NULL, \'2026-04-23 15:08:44\', \'2026-04-23 15:08:44\')')
 4 SYSTEMPATH\Database\BaseBuilder.php(2345): CodeIgniter\Database\BaseConnection->query('INSERT INTO `compliance_inventory` (`category_id`, `area_id`, `item_type_id`, `asset_code`, `type_description`, `specific_area`, `pic`, `status`, `qty`, `remark`, `expired_date`, `photo`, `created_at`, `updated_at`) VALUES (:category_id:, :area_id:, :item_type_id:, :asset_code:, :type_description:, :specific_area:, :pic:, :status:, :qty:, :remark:, :expired_date:, :photo:, :created_at:, :updated_at:)', [...], false)
 5 SYSTEMPATH\Model.php(394): CodeIgniter\Database\BaseBuilder->insert()
 6 SYSTEMPATH\BaseModel.php(838): CodeIgniter\Model->doInsert([...])
 7 SYSTEMPATH\Model.php(797): CodeIgniter\BaseModel->insert([...], true)
 8 APPPATH\Controllers\ComplianceInventoryController.php(307): CodeIgniter\Model->insert([...])
 9 SYSTEMPATH\CodeIgniter.php(933): App\Controllers\ComplianceInventoryController->store()
10 SYSTEMPATH\CodeIgniter.php(507): CodeIgniter\CodeIgniter->runController(Object(App\Controllers\ComplianceInventoryController))
11 SYSTEMPATH\CodeIgniter.php(354): CodeIgniter\CodeIgniter->handleRequest(null, Object(Config\Cache), false)
12 SYSTEMPATH\Boot.php(363): CodeIgniter\CodeIgniter->run()
13 SYSTEMPATH\Boot.php(68): CodeIgniter\Boot::runCodeIgniter(Object(CodeIgniter\CodeIgniter))
14 FCPATH\index.php(59): CodeIgniter\Boot::bootWeb(Object(Config\Paths))
ERROR - 2026-04-23 15:08:52 --> mysqli_sql_exception: Duplicate entry '' for key 'uniq_asset_code' in C:\xampp\htdocs\eams\system\Database\MySQLi\Connection.php:327
Stack trace:
#0 C:\xampp\htdocs\eams\system\Database\MySQLi\Connection.php(327): mysqli->query('INSERT INTO `co...', 0)
#1 C:\xampp\htdocs\eams\system\Database\BaseConnection.php(729): CodeIgniter\Database\MySQLi\Connection->execute('INSERT INTO `co...')
#2 C:\xampp\htdocs\eams\system\Database\BaseConnection.php(646): CodeIgniter\Database\BaseConnection->simpleQuery('INSERT INTO `co...')
#3 C:\xampp\htdocs\eams\system\Database\BaseBuilder.php(2345): CodeIgniter\Database\BaseConnection->query('INSERT INTO `co...', Array, false)
#4 C:\xampp\htdocs\eams\system\Model.php(394): CodeIgniter\Database\BaseBuilder->insert()
#5 C:\xampp\htdocs\eams\system\BaseModel.php(838): CodeIgniter\Model->doInsert(Array)
#6 C:\xampp\htdocs\eams\system\Model.php(797): CodeIgniter\BaseModel->insert(Array, true)
#7 C:\xampp\htdocs\eams\app\Controllers\ComplianceInventoryController.php(307): CodeIgniter\Model->insert(Array)
#8 C:\xampp\htdocs\eams\system\CodeIgniter.php(933): App\Controllers\ComplianceInventoryController->store()
#9 C:\xampp\htdocs\eams\system\CodeIgniter.php(507): CodeIgniter\CodeIgniter->runController(Object(App\Controllers\ComplianceInventoryController))
#10 C:\xampp\htdocs\eams\system\CodeIgniter.php(354): CodeIgniter\CodeIgniter->handleRequest(NULL, Object(Config\Cache), false)
#11 C:\xampp\htdocs\eams\system\Boot.php(363): CodeIgniter\CodeIgniter->run()
#12 C:\xampp\htdocs\eams\system\Boot.php(68): CodeIgniter\Boot::runCodeIgniter(Object(CodeIgniter\CodeIgniter))
#13 C:\xampp\htdocs\eams\public\index.php(59): CodeIgniter\Boot::bootWeb(Object(Config\Paths))
#14 {main}
CRITICAL - 2026-04-23 15:08:52 --> CodeIgniter\Database\Exceptions\DatabaseException: Duplicate entry '' for key 'uniq_asset_code'
[Method: POST, Route: compliance/inventory/store]
in SYSTEMPATH\Database\BaseConnection.php on line 684.
 1 SYSTEMPATH\Database\BaseBuilder.php(2345): CodeIgniter\Database\BaseConnection->query('INSERT INTO `compliance_inventory` (`category_id`, `area_id`, `item_type_id`, `asset_code`, `type_description`, `specific_area`, `pic`, `status`, `qty`, `remark`, `expired_date`, `photo`, `created_at`, `updated_at`) VALUES (:category_id:, :area_id:, :item_type_id:, :asset_code:, :type_description:, :specific_area:, :pic:, :status:, :qty:, :remark:, :expired_date:, :photo:, :created_at:, :updated_at:)', [...], false)
 2 SYSTEMPATH\Model.php(394): CodeIgniter\Database\BaseBuilder->insert()
 3 SYSTEMPATH\BaseModel.php(838): CodeIgniter\Model->doInsert([...])
 4 SYSTEMPATH\Model.php(797): CodeIgniter\BaseModel->insert([...], true)
 5 APPPATH\Controllers\ComplianceInventoryController.php(307): CodeIgniter\Model->insert([...])
 6 SYSTEMPATH\CodeIgniter.php(933): App\Controllers\ComplianceInventoryController->store()
 7 SYSTEMPATH\CodeIgniter.php(507): CodeIgniter\CodeIgniter->runController(Object(App\Controllers\ComplianceInventoryController))
 8 SYSTEMPATH\CodeIgniter.php(354): CodeIgniter\CodeIgniter->handleRequest(null, Object(Config\Cache), false)
 9 SYSTEMPATH\Boot.php(363): CodeIgniter\CodeIgniter->run()
10 SYSTEMPATH\Boot.php(68): CodeIgniter\Boot::runCodeIgniter(Object(CodeIgniter\CodeIgniter))
11 FCPATH\index.php(59): CodeIgniter\Boot::bootWeb(Object(Config\Paths))
CRITICAL - 2026-04-23 15:08:52 --> [Caused by] CodeIgniter\Database\Exceptions\DatabaseException: Duplicate entry '' for key 'uniq_asset_code'
in SYSTEMPATH\Database\MySQLi\Connection.php on line 332.
 1 SYSTEMPATH\Database\BaseConnection.php(729): CodeIgniter\Database\MySQLi\Connection->execute('INSERT INTO `compliance_inventory` (`category_id`, `area_id`, `item_type_id`, `asset_code`, `type_description`, `specific_area`, `pic`, `status`, `qty`, `remark`, `expired_date`, `photo`, `created_at`, `updated_at`) VALUES (\'6\', \'13\', \'56\', \'\', \'\', \'Packing Lt2-1\', \'\', \'Good\', \'1\', \'\', \'\', NULL, \'2026-04-23 15:08:52\', \'2026-04-23 15:08:52\')')
 2 SYSTEMPATH\Database\BaseConnection.php(646): CodeIgniter\Database\BaseConnection->simpleQuery('INSERT INTO `compliance_inventory` (`category_id`, `area_id`, `item_type_id`, `asset_code`, `type_description`, `specific_area`, `pic`, `status`, `qty`, `remark`, `expired_date`, `photo`, `created_at`, `updated_at`) VALUES (\'6\', \'13\', \'56\', \'\', \'\', \'Packing Lt2-1\', \'\', \'Good\', \'1\', \'\', \'\', NULL, \'2026-04-23 15:08:52\', \'2026-04-23 15:08:52\')')
 3 SYSTEMPATH\Database\BaseBuilder.php(2345): CodeIgniter\Database\BaseConnection->query('INSERT INTO `compliance_inventory` (`category_id`, `area_id`, `item_type_id`, `asset_code`, `type_description`, `specific_area`, `pic`, `status`, `qty`, `remark`, `expired_date`, `photo`, `created_at`, `updated_at`) VALUES (:category_id:, :area_id:, :item_type_id:, :asset_code:, :type_description:, :specific_area:, :pic:, :status:, :qty:, :remark:, :expired_date:, :photo:, :created_at:, :updated_at:)', [...], false)
 4 SYSTEMPATH\Model.php(394): CodeIgniter\Database\BaseBuilder->insert()
 5 SYSTEMPATH\BaseModel.php(838): CodeIgniter\Model->doInsert([...])
 6 SYSTEMPATH\Model.php(797): CodeIgniter\BaseModel->insert([...], true)
 7 APPPATH\Controllers\ComplianceInventoryController.php(307): CodeIgniter\Model->insert([...])
 8 SYSTEMPATH\CodeIgniter.php(933): App\Controllers\ComplianceInventoryController->store()
 9 SYSTEMPATH\CodeIgniter.php(507): CodeIgniter\CodeIgniter->runController(Object(App\Controllers\ComplianceInventoryController))
10 SYSTEMPATH\CodeIgniter.php(354): CodeIgniter\CodeIgniter->handleRequest(null, Object(Config\Cache), false)
11 SYSTEMPATH\Boot.php(363): CodeIgniter\CodeIgniter->run()
12 SYSTEMPATH\Boot.php(68): CodeIgniter\Boot::runCodeIgniter(Object(CodeIgniter\CodeIgniter))
13 FCPATH\index.php(59): CodeIgniter\Boot::bootWeb(Object(Config\Paths))
CRITICAL - 2026-04-23 15:08:52 --> [Caused by] mysqli_sql_exception: Duplicate entry '' for key 'uniq_asset_code'
in SYSTEMPATH\Database\MySQLi\Connection.php on line 327.
 1 SYSTEMPATH\Database\MySQLi\Connection.php(327): mysqli->query('INSERT INTO `compliance_inventory` (`category_id`, `area_id`, `item_type_id`, `asset_code`, `type_description`, `specific_area`, `pic`, `status`, `qty`, `remark`, `expired_date`, `photo`, `created_at`, `updated_at`) VALUES (\'6\', \'13\', \'56\', \'\', \'\', \'Packing Lt2-1\', \'\', \'Good\', \'1\', \'\', \'\', NULL, \'2026-04-23 15:08:52\', \'2026-04-23 15:08:52\')', 0)
 2 SYSTEMPATH\Database\BaseConnection.php(729): CodeIgniter\Database\MySQLi\Connection->execute('INSERT INTO `compliance_inventory` (`category_id`, `area_id`, `item_type_id`, `asset_code`, `type_description`, `specific_area`, `pic`, `status`, `qty`, `remark`, `expired_date`, `photo`, `created_at`, `updated_at`) VALUES (\'6\', \'13\', \'56\', \'\', \'\', \'Packing Lt2-1\', \'\', \'Good\', \'1\', \'\', \'\', NULL, \'2026-04-23 15:08:52\', \'2026-04-23 15:08:52\')')
 3 SYSTEMPATH\Database\BaseConnection.php(646): CodeIgniter\Database\BaseConnection->simpleQuery('INSERT INTO `compliance_inventory` (`category_id`, `area_id`, `item_type_id`, `asset_code`, `type_description`, `specific_area`, `pic`, `status`, `qty`, `remark`, `expired_date`, `photo`, `created_at`, `updated_at`) VALUES (\'6\', \'13\', \'56\', \'\', \'\', \'Packing Lt2-1\', \'\', \'Good\', \'1\', \'\', \'\', NULL, \'2026-04-23 15:08:52\', \'2026-04-23 15:08:52\')')
 4 SYSTEMPATH\Database\BaseBuilder.php(2345): CodeIgniter\Database\BaseConnection->query('INSERT INTO `compliance_inventory` (`category_id`, `area_id`, `item_type_id`, `asset_code`, `type_description`, `specific_area`, `pic`, `status`, `qty`, `remark`, `expired_date`, `photo`, `created_at`, `updated_at`) VALUES (:category_id:, :area_id:, :item_type_id:, :asset_code:, :type_description:, :specific_area:, :pic:, :status:, :qty:, :remark:, :expired_date:, :photo:, :created_at:, :updated_at:)', [...], false)
 5 SYSTEMPATH\Model.php(394): CodeIgniter\Database\BaseBuilder->insert()
 6 SYSTEMPATH\BaseModel.php(838): CodeIgniter\Model->doInsert([...])
 7 SYSTEMPATH\Model.php(797): CodeIgniter\BaseModel->insert([...], true)
 8 APPPATH\Controllers\ComplianceInventoryController.php(307): CodeIgniter\Model->insert([...])
 9 SYSTEMPATH\CodeIgniter.php(933): App\Controllers\ComplianceInventoryController->store()
10 SYSTEMPATH\CodeIgniter.php(507): CodeIgniter\CodeIgniter->runController(Object(App\Controllers\ComplianceInventoryController))
11 SYSTEMPATH\CodeIgniter.php(354): CodeIgniter\CodeIgniter->handleRequest(null, Object(Config\Cache), false)
12 SYSTEMPATH\Boot.php(363): CodeIgniter\CodeIgniter->run()
13 SYSTEMPATH\Boot.php(68): CodeIgniter\Boot::runCodeIgniter(Object(CodeIgniter\CodeIgniter))
14 FCPATH\index.php(59): CodeIgniter\Boot::bootWeb(Object(Config\Paths))
ERROR - 2026-04-23 15:45:27 --> Error connecting to the database: mysqli_sql_exception: No connection could be made because the target machine actively refused it in C:\xampp\htdocs\eams\system\Database\MySQLi\Connection.php:201
Stack trace:
#0 C:\xampp\htdocs\eams\system\Database\MySQLi\Connection.php(201): mysqli->real_connect('localhost', 'root', Object(SensitiveParameterValue), 'asset_complianc...', 3306, '', 0)
#1 C:\xampp\htdocs\eams\system\Database\BaseConnection.php(419): CodeIgniter\Database\MySQLi\Connection->connect(false)
#2 C:\xampp\htdocs\eams\system\Database\BaseConnection.php(614): CodeIgniter\Database\BaseConnection->initialize()
#3 C:\xampp\htdocs\eams\system\Database\BaseBuilder.php(1649): CodeIgniter\Database\BaseConnection->query('SELECT *\nFROM `...', Array, false)
#4 C:\xampp\htdocs\eams\system\Model.php(330): CodeIgniter\Database\BaseBuilder->get()
#5 C:\xampp\htdocs\eams\system\BaseModel.php(715): CodeIgniter\Model->doFirst()
#6 C:\xampp\htdocs\eams\app\Controllers\Api\AgentController.php(381): CodeIgniter\BaseModel->first()
#7 C:\xampp\htdocs\eams\app\Controllers\Api\AgentController.php(211): App\Controllers\Api\AgentController->findDeviceByIdentity(Array)
#8 C:\xampp\htdocs\eams\system\CodeIgniter.php(933): App\Controllers\Api\AgentController->command()
#9 C:\xampp\htdocs\eams\system\CodeIgniter.php(507): CodeIgniter\CodeIgniter->runController(Object(App\Controllers\Api\AgentController))
#10 C:\xampp\htdocs\eams\system\CodeIgniter.php(354): CodeIgniter\CodeIgniter->handleRequest(NULL, Object(Config\Cache), false)
#11 C:\xampp\htdocs\eams\system\Boot.php(363): CodeIgniter\CodeIgniter->run()
#12 C:\xampp\htdocs\eams\system\Boot.php(68): CodeIgniter\Boot::runCodeIgniter(Object(CodeIgniter\CodeIgniter))
#13 C:\xampp\htdocs\eams\public\index.php(59): CodeIgniter\Boot::bootWeb(Object(Config\Paths))
#14 {main}

Next CodeIgniter\Database\Exceptions\DatabaseException: No connection could be made because the target machine actively refused it in C:\xampp\htdocs\eams\system\Database\MySQLi\Connection.php:246
Stack trace:
#0 C:\xampp\htdocs\eams\system\Database\BaseConnection.php(419): CodeIgniter\Database\MySQLi\Connection->connect(false)
#1 C:\xampp\htdocs\eams\system\Database\BaseConnection.php(614): CodeIgniter\Database\BaseConnection->initialize()
#2 C:\xampp\htdocs\eams\system\Database\BaseBuilder.php(1649): CodeIgniter\Database\BaseConnection->query('SELECT *\nFROM `...', Array, false)
#3 C:\xampp\htdocs\eams\system\Model.php(330): CodeIgniter\Database\BaseBuilder->get()
#4 C:\xampp\htdocs\eams\system\BaseModel.php(715): CodeIgniter\Model->doFirst()
#5 C:\xampp\htdocs\eams\app\Controllers\Api\AgentController.php(381): CodeIgniter\BaseModel->first()
#6 C:\xampp\htdocs\eams\app\Controllers\Api\AgentController.php(211): App\Controllers\Api\AgentController->findDeviceByIdentity(Array)
#7 C:\xampp\htdocs\eams\system\CodeIgniter.php(933): App\Controllers\Api\AgentController->command()
#8 C:\xampp\htdocs\eams\system\CodeIgniter.php(507): CodeIgniter\CodeIgniter->runController(Object(App\Controllers\Api\AgentController))
#9 C:\xampp\htdocs\eams\system\CodeIgniter.php(354): CodeIgniter\CodeIgniter->handleRequest(NULL, Object(Config\Cache), false)
#10 C:\xampp\htdocs\eams\system\Boot.php(363): CodeIgniter\CodeIgniter->run()
#11 C:\xampp\htdocs\eams\system\Boot.php(68): CodeIgniter\Boot::runCodeIgniter(Object(CodeIgniter\CodeIgniter))
#12 C:\xampp\htdocs\eams\public\index.php(59): CodeIgniter\Boot::bootWeb(Object(Config\Paths))
#13 {main}
CRITICAL - 2026-04-23 15:45:27 --> CodeIgniter\Database\Exceptions\DatabaseException: Unable to connect to the database.
Main connection [MySQLi]: No connection could be made because the target machine actively refused it
[Method: POST, Route: api/agent/command]
in SYSTEMPATH\Database\BaseConnection.php on line 465.
 1 SYSTEMPATH\Database\BaseConnection.php(614): CodeIgniter\Database\BaseConnection->initialize()
 2 SYSTEMPATH\Database\BaseBuilder.php(1649): CodeIgniter\Database\BaseConnection->query('SELECT *
FROM `it_devices`
WHERE `device_token` = :device_token:
 LIMIT 1', [...], false)
 3 SYSTEMPATH\Model.php(330): CodeIgniter\Database\BaseBuilder->get()
 4 SYSTEMPATH\BaseModel.php(715): CodeIgniter\Model->doFirst()
 5 APPPATH\Controllers\Api\AgentController.php(381): CodeIgniter\BaseModel->first()
 6 APPPATH\Controllers\Api\AgentController.php(211): App\Controllers\Api\AgentController->findDeviceByIdentity([...])
 7 SYSTEMPATH\CodeIgniter.php(933): App\Controllers\Api\AgentController->command()
 8 SYSTEMPATH\CodeIgniter.php(507): CodeIgniter\CodeIgniter->runController(Object(App\Controllers\Api\AgentController))
 9 SYSTEMPATH\CodeIgniter.php(354): CodeIgniter\CodeIgniter->handleRequest(null, Object(Config\Cache), false)
10 SYSTEMPATH\Boot.php(363): CodeIgniter\CodeIgniter->run()
11 SYSTEMPATH\Boot.php(68): CodeIgniter\Boot::runCodeIgniter(Object(CodeIgniter\CodeIgniter))
12 FCPATH\index.php(59): CodeIgniter\Boot::bootWeb(Object(Config\Paths))
ERROR - 2026-04-23 15:49:32 --> mysqli_sql_exception: Duplicate entry 'MNT-IK-003' for key 'uniq_asset_code' in C:\xampp\htdocs\eams\system\Database\MySQLi\Connection.php:327
Stack trace:
#0 C:\xampp\htdocs\eams\system\Database\MySQLi\Connection.php(327): mysqli->query('INSERT INTO `co...', 0)
#1 C:\xampp\htdocs\eams\system\Database\BaseConnection.php(729): CodeIgniter\Database\MySQLi\Connection->execute('INSERT INTO `co...')
#2 C:\xampp\htdocs\eams\system\Database\BaseConnection.php(646): CodeIgniter\Database\BaseConnection->simpleQuery('INSERT INTO `co...')
#3 C:\xampp\htdocs\eams\system\Database\BaseBuilder.php(2345): CodeIgniter\Database\BaseConnection->query('INSERT INTO `co...', Array, false)
#4 C:\xampp\htdocs\eams\system\Model.php(394): CodeIgniter\Database\BaseBuilder->insert()
#5 C:\xampp\htdocs\eams\system\BaseModel.php(838): CodeIgniter\Model->doInsert(Array)
#6 C:\xampp\htdocs\eams\system\Model.php(797): CodeIgniter\BaseModel->insert(Array, true)
#7 C:\xampp\htdocs\eams\app\Controllers\ComplianceInventoryController.php(307): CodeIgniter\Model->insert(Array)
#8 C:\xampp\htdocs\eams\system\CodeIgniter.php(933): App\Controllers\ComplianceInventoryController->store()
#9 C:\xampp\htdocs\eams\system\CodeIgniter.php(507): CodeIgniter\CodeIgniter->runController(Object(App\Controllers\ComplianceInventoryController))
#10 C:\xampp\htdocs\eams\system\CodeIgniter.php(354): CodeIgniter\CodeIgniter->handleRequest(NULL, Object(Config\Cache), false)
#11 C:\xampp\htdocs\eams\system\Boot.php(363): CodeIgniter\CodeIgniter->run()
#12 C:\xampp\htdocs\eams\system\Boot.php(68): CodeIgniter\Boot::runCodeIgniter(Object(CodeIgniter\CodeIgniter))
#13 C:\xampp\htdocs\eams\public\index.php(59): CodeIgniter\Boot::bootWeb(Object(Config\Paths))
#14 {main}
CRITICAL - 2026-04-23 15:49:32 --> CodeIgniter\Database\Exceptions\DatabaseException: Duplicate entry 'MNT-IK-003' for key 'uniq_asset_code'
[Method: POST, Route: compliance/inventory/store]
in SYSTEMPATH\Database\BaseConnection.php on line 684.
 1 SYSTEMPATH\Database\BaseBuilder.php(2345): CodeIgniter\Database\BaseConnection->query('INSERT INTO `compliance_inventory` (`category_id`, `area_id`, `item_type_id`, `asset_code`, `type_description`, `specific_area`, `pic`, `status`, `qty`, `remark`, `expired_date`, `photo`, `created_at`, `updated_at`) VALUES (:category_id:, :area_id:, :item_type_id:, :asset_code:, :type_description:, :specific_area:, :pic:, :status:, :qty:, :remark:, :expired_date:, :photo:, :created_at:, :updated_at:)', [...], false)
 2 SYSTEMPATH\Model.php(394): CodeIgniter\Database\BaseBuilder->insert()
 3 SYSTEMPATH\BaseModel.php(838): CodeIgniter\Model->doInsert([...])
 4 SYSTEMPATH\Model.php(797): CodeIgniter\BaseModel->insert([...], true)
 5 APPPATH\Controllers\ComplianceInventoryController.php(307): CodeIgniter\Model->insert([...])
 6 SYSTEMPATH\CodeIgniter.php(933): App\Controllers\ComplianceInventoryController->store()
 7 SYSTEMPATH\CodeIgniter.php(507): CodeIgniter\CodeIgniter->runController(Object(App\Controllers\ComplianceInventoryController))
 8 SYSTEMPATH\CodeIgniter.php(354): CodeIgniter\CodeIgniter->handleRequest(null, Object(Config\Cache), false)
 9 SYSTEMPATH\Boot.php(363): CodeIgniter\CodeIgniter->run()
10 SYSTEMPATH\Boot.php(68): CodeIgniter\Boot::runCodeIgniter(Object(CodeIgniter\CodeIgniter))
11 FCPATH\index.php(59): CodeIgniter\Boot::bootWeb(Object(Config\Paths))
CRITICAL - 2026-04-23 15:49:32 --> [Caused by] CodeIgniter\Database\Exceptions\DatabaseException: Duplicate entry 'MNT-IK-003' for key 'uniq_asset_code'
in SYSTEMPATH\Database\MySQLi\Connection.php on line 332.
 1 SYSTEMPATH\Database\BaseConnection.php(729): CodeIgniter\Database\MySQLi\Connection->execute('INSERT INTO `compliance_inventory` (`category_id`, `area_id`, `item_type_id`, `asset_code`, `type_description`, `specific_area`, `pic`, `status`, `qty`, `remark`, `expired_date`, `photo`, `created_at`, `updated_at`) VALUES (\'6\', \'13\', \'56\', \'MNT-IK-003\', \'\', \'Packing Lt2-1\', \'\', \'Good\', \'1\', \'\', \'\', NULL, \'2026-04-23 15:49:32\', \'2026-04-23 15:49:32\')')
 2 SYSTEMPATH\Database\BaseConnection.php(646): CodeIgniter\Database\BaseConnection->simpleQuery('INSERT INTO `compliance_inventory` (`category_id`, `area_id`, `item_type_id`, `asset_code`, `type_description`, `specific_area`, `pic`, `status`, `qty`, `remark`, `expired_date`, `photo`, `created_at`, `updated_at`) VALUES (\'6\', \'13\', \'56\', \'MNT-IK-003\', \'\', \'Packing Lt2-1\', \'\', \'Good\', \'1\', \'\', \'\', NULL, \'2026-04-23 15:49:32\', \'2026-04-23 15:49:32\')')
 3 SYSTEMPATH\Database\BaseBuilder.php(2345): CodeIgniter\Database\BaseConnection->query('INSERT INTO `compliance_inventory` (`category_id`, `area_id`, `item_type_id`, `asset_code`, `type_description`, `specific_area`, `pic`, `status`, `qty`, `remark`, `expired_date`, `photo`, `created_at`, `updated_at`) VALUES (:category_id:, :area_id:, :item_type_id:, :asset_code:, :type_description:, :specific_area:, :pic:, :status:, :qty:, :remark:, :expired_date:, :photo:, :created_at:, :updated_at:)', [...], false)
 4 SYSTEMPATH\Model.php(394): CodeIgniter\Database\BaseBuilder->insert()
 5 SYSTEMPATH\BaseModel.php(838): CodeIgniter\Model->doInsert([...])
 6 SYSTEMPATH\Model.php(797): CodeIgniter\BaseModel->insert([...], true)
 7 APPPATH\Controllers\ComplianceInventoryController.php(307): CodeIgniter\Model->insert([...])
 8 SYSTEMPATH\CodeIgniter.php(933): App\Controllers\ComplianceInventoryController->store()
 9 SYSTEMPATH\CodeIgniter.php(507): CodeIgniter\CodeIgniter->runController(Object(App\Controllers\ComplianceInventoryController))
10 SYSTEMPATH\CodeIgniter.php(354): CodeIgniter\CodeIgniter->handleRequest(null, Object(Config\Cache), false)
11 SYSTEMPATH\Boot.php(363): CodeIgniter\CodeIgniter->run()
12 SYSTEMPATH\Boot.php(68): CodeIgniter\Boot::runCodeIgniter(Object(CodeIgniter\CodeIgniter))
13 FCPATH\index.php(59): CodeIgniter\Boot::bootWeb(Object(Config\Paths))
CRITICAL - 2026-04-23 15:49:32 --> [Caused by] mysqli_sql_exception: Duplicate entry 'MNT-IK-003' for key 'uniq_asset_code'
in SYSTEMPATH\Database\MySQLi\Connection.php on line 327.
 1 SYSTEMPATH\Database\MySQLi\Connection.php(327): mysqli->query('INSERT INTO `compliance_inventory` (`category_id`, `area_id`, `item_type_id`, `asset_code`, `type_description`, `specific_area`, `pic`, `status`, `qty`, `remark`, `expired_date`, `photo`, `created_at`, `updated_at`) VALUES (\'6\', \'13\', \'56\', \'MNT-IK-003\', \'\', \'Packing Lt2-1\', \'\', \'Good\', \'1\', \'\', \'\', NULL, \'2026-04-23 15:49:32\', \'2026-04-23 15:49:32\')', 0)
 2 SYSTEMPATH\Database\BaseConnection.php(729): CodeIgniter\Database\MySQLi\Connection->execute('INSERT INTO `compliance_inventory` (`category_id`, `area_id`, `item_type_id`, `asset_code`, `type_description`, `specific_area`, `pic`, `status`, `qty`, `remark`, `expired_date`, `photo`, `created_at`, `updated_at`) VALUES (\'6\', \'13\', \'56\', \'MNT-IK-003\', \'\', \'Packing Lt2-1\', \'\', \'Good\', \'1\', \'\', \'\', NULL, \'2026-04-23 15:49:32\', \'2026-04-23 15:49:32\')')
 3 SYSTEMPATH\Database\BaseConnection.php(646): CodeIgniter\Database\BaseConnection->simpleQuery('INSERT INTO `compliance_inventory` (`category_id`, `area_id`, `item_type_id`, `asset_code`, `type_description`, `specific_area`, `pic`, `status`, `qty`, `remark`, `expired_date`, `photo`, `created_at`, `updated_at`) VALUES (\'6\', \'13\', \'56\', \'MNT-IK-003\', \'\', \'Packing Lt2-1\', \'\', \'Good\', \'1\', \'\', \'\', NULL, \'2026-04-23 15:49:32\', \'2026-04-23 15:49:32\')')
 4 SYSTEMPATH\Database\BaseBuilder.php(2345): CodeIgniter\Database\BaseConnection->query('INSERT INTO `compliance_inventory` (`category_id`, `area_id`, `item_type_id`, `asset_code`, `type_description`, `specific_area`, `pic`, `status`, `qty`, `remark`, `expired_date`, `photo`, `created_at`, `updated_at`) VALUES (:category_id:, :area_id:, :item_type_id:, :asset_code:, :type_description:, :specific_area:, :pic:, :status:, :qty:, :remark:, :expired_date:, :photo:, :created_at:, :updated_at:)', [...], false)
 5 SYSTEMPATH\Model.php(394): CodeIgniter\Database\BaseBuilder->insert()
 6 SYSTEMPATH\BaseModel.php(838): CodeIgniter\Model->doInsert([...])
 7 SYSTEMPATH\Model.php(797): CodeIgniter\BaseModel->insert([...], true)
 8 APPPATH\Controllers\ComplianceInventoryController.php(307): CodeIgniter\Model->insert([...])
 9 SYSTEMPATH\CodeIgniter.php(933): App\Controllers\ComplianceInventoryController->store()
10 SYSTEMPATH\CodeIgniter.php(507): CodeIgniter\CodeIgniter->runController(Object(App\Controllers\ComplianceInventoryController))
11 SYSTEMPATH\CodeIgniter.php(354): CodeIgniter\CodeIgniter->handleRequest(null, Object(Config\Cache), false)
12 SYSTEMPATH\Boot.php(363): CodeIgniter\CodeIgniter->run()
13 SYSTEMPATH\Boot.php(68): CodeIgniter\Boot::runCodeIgniter(Object(CodeIgniter\CodeIgniter))
14 FCPATH\index.php(59): CodeIgniter\Boot::bootWeb(Object(Config\Paths))
