ERROR - 2026-05-04 10:18:14 --> mysqli_sql_exception: Duplicate entry '06' for key 'uniq_asset_code' in C:\xampp\htdocs\eams\system\Database\MySQLi\Connection.php:327
Stack trace:
#0 C:\xampp\htdocs\eams\system\Database\MySQLi\Connection.php(327): mysqli->query('UPDATE `complia...', 0)
#1 C:\xampp\htdocs\eams\system\Database\BaseConnection.php(729): CodeIgniter\Database\MySQLi\Connection->execute('UPDATE `complia...')
#2 C:\xampp\htdocs\eams\system\Database\BaseConnection.php(646): CodeIgniter\Database\BaseConnection->simpleQuery('UPDATE `complia...')
#3 C:\xampp\htdocs\eams\system\Database\BaseBuilder.php(2521): CodeIgniter\Database\BaseConnection->query('UPDATE `complia...', Array, false)
#4 C:\xampp\htdocs\eams\system\Model.php(461): CodeIgniter\Database\BaseBuilder->update()
#5 C:\xampp\htdocs\eams\system\BaseModel.php(1010): CodeIgniter\Model->doUpdate(Array, Array)
#6 C:\xampp\htdocs\eams\system\Model.php(860): CodeIgniter\BaseModel->update(Array, Array)
#7 C:\xampp\htdocs\eams\app\Controllers\ComplianceInventoryController.php(181): CodeIgniter\Model->update('106', Array)
#8 C:\xampp\htdocs\eams\system\CodeIgniter.php(933): App\Controllers\ComplianceInventoryController->update('106')
#9 C:\xampp\htdocs\eams\system\CodeIgniter.php(507): CodeIgniter\CodeIgniter->runController(Object(App\Controllers\ComplianceInventoryController))
#10 C:\xampp\htdocs\eams\system\CodeIgniter.php(354): CodeIgniter\CodeIgniter->handleRequest(NULL, Object(Config\Cache), false)
#11 C:\xampp\htdocs\eams\system\Boot.php(363): CodeIgniter\CodeIgniter->run()
#12 C:\xampp\htdocs\eams\system\Boot.php(68): CodeIgniter\Boot::runCodeIgniter(Object(CodeIgniter\CodeIgniter))
#13 C:\xampp\htdocs\eams\public\index.php(59): CodeIgniter\Boot::bootWeb(Object(Config\Paths))
#14 {main}
CRITICAL - 2026-05-04 10:18:14 --> CodeIgniter\Database\Exceptions\DatabaseException: Duplicate entry '06' for key 'uniq_asset_code'
[Method: POST, Route: compliance/inventory/update/106]
in SYSTEMPATH\Database\BaseConnection.php on line 684.
 1 SYSTEMPATH\Database\BaseBuilder.php(2521): CodeIgniter\Database\BaseConnection->query('UPDATE `compliance_inventory` SET `category_id` = :category_id:, `area_id` = :area_id:, `item_type_id` = :item_type_id:, `asset_code` = :asset_code:, `type_description` = :type_description:, `specific_area` = :specific_area:, `pic` = :pic:, `status` = :status:, `remark` = :remark:, `expired_date` = :expired_date:, `updated_at` = :updated_at:
WHERE `compliance_inventory`.`id` IN :compliance_inventory.id:', [...], false)
 2 SYSTEMPATH\Model.php(461): CodeIgniter\Database\BaseBuilder->update()
 3 SYSTEMPATH\BaseModel.php(1010): CodeIgniter\Model->doUpdate([...], [...])
 4 SYSTEMPATH\Model.php(860): CodeIgniter\BaseModel->update([...], [...])
 5 APPPATH\Controllers\ComplianceInventoryController.php(181): CodeIgniter\Model->update('106', [...])
 6 SYSTEMPATH\CodeIgniter.php(933): App\Controllers\ComplianceInventoryController->update('106')
 7 SYSTEMPATH\CodeIgniter.php(507): CodeIgniter\CodeIgniter->runController(Object(App\Controllers\ComplianceInventoryController))
 8 SYSTEMPATH\CodeIgniter.php(354): CodeIgniter\CodeIgniter->handleRequest(null, Object(Config\Cache), false)
 9 SYSTEMPATH\Boot.php(363): CodeIgniter\CodeIgniter->run()
10 SYSTEMPATH\Boot.php(68): CodeIgniter\Boot::runCodeIgniter(Object(CodeIgniter\CodeIgniter))
11 FCPATH\index.php(59): CodeIgniter\Boot::bootWeb(Object(Config\Paths))
CRITICAL - 2026-05-04 10:18:14 --> [Caused by] CodeIgniter\Database\Exceptions\DatabaseException: Duplicate entry '06' for key 'uniq_asset_code'
in SYSTEMPATH\Database\MySQLi\Connection.php on line 332.
 1 SYSTEMPATH\Database\BaseConnection.php(729): CodeIgniter\Database\MySQLi\Connection->execute('UPDATE `compliance_inventory` SET `category_id` = \'3\', `area_id` = \'4\', `item_type_id` = \'1\', `asset_code` = \'06\', `type_description` = \'3,5 Kg\', `specific_area` = \'Cutting Depan\', `pic` = \'Halim Perdana K. - Asep Septian\', `status` = \'Good\', `remark` = \'\', `expired_date` = \'2026-11-01\', `updated_at` = \'2026-05-04 10:18:14\'
WHERE `compliance_inventory`.`id` IN (\'106\')')
 2 SYSTEMPATH\Database\BaseConnection.php(646): CodeIgniter\Database\BaseConnection->simpleQuery('UPDATE `compliance_inventory` SET `category_id` = \'3\', `area_id` = \'4\', `item_type_id` = \'1\', `asset_code` = \'06\', `type_description` = \'3,5 Kg\', `specific_area` = \'Cutting Depan\', `pic` = \'Halim Perdana K. - Asep Septian\', `status` = \'Good\', `remark` = \'\', `expired_date` = \'2026-11-01\', `updated_at` = \'2026-05-04 10:18:14\'
WHERE `compliance_inventory`.`id` IN (\'106\')')
 3 SYSTEMPATH\Database\BaseBuilder.php(2521): CodeIgniter\Database\BaseConnection->query('UPDATE `compliance_inventory` SET `category_id` = :category_id:, `area_id` = :area_id:, `item_type_id` = :item_type_id:, `asset_code` = :asset_code:, `type_description` = :type_description:, `specific_area` = :specific_area:, `pic` = :pic:, `status` = :status:, `remark` = :remark:, `expired_date` = :expired_date:, `updated_at` = :updated_at:
WHERE `compliance_inventory`.`id` IN :compliance_inventory.id:', [...], false)
 4 SYSTEMPATH\Model.php(461): CodeIgniter\Database\BaseBuilder->update()
 5 SYSTEMPATH\BaseModel.php(1010): CodeIgniter\Model->doUpdate([...], [...])
 6 SYSTEMPATH\Model.php(860): CodeIgniter\BaseModel->update([...], [...])
 7 APPPATH\Controllers\ComplianceInventoryController.php(181): CodeIgniter\Model->update('106', [...])
 8 SYSTEMPATH\CodeIgniter.php(933): App\Controllers\ComplianceInventoryController->update('106')
 9 SYSTEMPATH\CodeIgniter.php(507): CodeIgniter\CodeIgniter->runController(Object(App\Controllers\ComplianceInventoryController))
10 SYSTEMPATH\CodeIgniter.php(354): CodeIgniter\CodeIgniter->handleRequest(null, Object(Config\Cache), false)
11 SYSTEMPATH\Boot.php(363): CodeIgniter\CodeIgniter->run()
12 SYSTEMPATH\Boot.php(68): CodeIgniter\Boot::runCodeIgniter(Object(CodeIgniter\CodeIgniter))
13 FCPATH\index.php(59): CodeIgniter\Boot::bootWeb(Object(Config\Paths))
CRITICAL - 2026-05-04 10:18:14 --> [Caused by] mysqli_sql_exception: Duplicate entry '06' for key 'uniq_asset_code'
in SYSTEMPATH\Database\MySQLi\Connection.php on line 327.
 1 SYSTEMPATH\Database\MySQLi\Connection.php(327): mysqli->query('UPDATE `compliance_inventory` SET `category_id` = \'3\', `area_id` = \'4\', `item_type_id` = \'1\', `asset_code` = \'06\', `type_description` = \'3,5 Kg\', `specific_area` = \'Cutting Depan\', `pic` = \'Halim Perdana K. - Asep Septian\', `status` = \'Good\', `remark` = \'\', `expired_date` = \'2026-11-01\', `updated_at` = \'2026-05-04 10:18:14\'
WHERE `compliance_inventory`.`id` IN (\'106\')', 0)
 2 SYSTEMPATH\Database\BaseConnection.php(729): CodeIgniter\Database\MySQLi\Connection->execute('UPDATE `compliance_inventory` SET `category_id` = \'3\', `area_id` = \'4\', `item_type_id` = \'1\', `asset_code` = \'06\', `type_description` = \'3,5 Kg\', `specific_area` = \'Cutting Depan\', `pic` = \'Halim Perdana K. - Asep Septian\', `status` = \'Good\', `remark` = \'\', `expired_date` = \'2026-11-01\', `updated_at` = \'2026-05-04 10:18:14\'
WHERE `compliance_inventory`.`id` IN (\'106\')')
 3 SYSTEMPATH\Database\BaseConnection.php(646): CodeIgniter\Database\BaseConnection->simpleQuery('UPDATE `compliance_inventory` SET `category_id` = \'3\', `area_id` = \'4\', `item_type_id` = \'1\', `asset_code` = \'06\', `type_description` = \'3,5 Kg\', `specific_area` = \'Cutting Depan\', `pic` = \'Halim Perdana K. - Asep Septian\', `status` = \'Good\', `remark` = \'\', `expired_date` = \'2026-11-01\', `updated_at` = \'2026-05-04 10:18:14\'
WHERE `compliance_inventory`.`id` IN (\'106\')')
 4 SYSTEMPATH\Database\BaseBuilder.php(2521): CodeIgniter\Database\BaseConnection->query('UPDATE `compliance_inventory` SET `category_id` = :category_id:, `area_id` = :area_id:, `item_type_id` = :item_type_id:, `asset_code` = :asset_code:, `type_description` = :type_description:, `specific_area` = :specific_area:, `pic` = :pic:, `status` = :status:, `remark` = :remark:, `expired_date` = :expired_date:, `updated_at` = :updated_at:
WHERE `compliance_inventory`.`id` IN :compliance_inventory.id:', [...], false)
 5 SYSTEMPATH\Model.php(461): CodeIgniter\Database\BaseBuilder->update()
 6 SYSTEMPATH\BaseModel.php(1010): CodeIgniter\Model->doUpdate([...], [...])
 7 SYSTEMPATH\Model.php(860): CodeIgniter\BaseModel->update([...], [...])
 8 APPPATH\Controllers\ComplianceInventoryController.php(181): CodeIgniter\Model->update('106', [...])
 9 SYSTEMPATH\CodeIgniter.php(933): App\Controllers\ComplianceInventoryController->update('106')
10 SYSTEMPATH\CodeIgniter.php(507): CodeIgniter\CodeIgniter->runController(Object(App\Controllers\ComplianceInventoryController))
11 SYSTEMPATH\CodeIgniter.php(354): CodeIgniter\CodeIgniter->handleRequest(null, Object(Config\Cache), false)
12 SYSTEMPATH\Boot.php(363): CodeIgniter\CodeIgniter->run()
13 SYSTEMPATH\Boot.php(68): CodeIgniter\Boot::runCodeIgniter(Object(CodeIgniter\CodeIgniter))
14 FCPATH\index.php(59): CodeIgniter\Boot::bootWeb(Object(Config\Paths))
