ERROR - 2026-06-22 11:04:21 --> mysqli_sql_exception: Duplicate entry 'BI-15-51' for key 'uniq_asset_code' in C:\xampp\htdocs\eams\system\Database\MySQLi\Connection.php:327
Stack trace:
#0 C:\xampp\htdocs\eams\system\Database\MySQLi\Connection.php(327): mysqli->query('INSERT INTO `co...', 0)
#1 C:\xampp\htdocs\eams\system\Database\BaseConnection.php(729): CodeIgniter\Database\MySQLi\Connection->execute('INSERT INTO `co...')
#2 C:\xampp\htdocs\eams\system\Database\BaseConnection.php(646): CodeIgniter\Database\BaseConnection->simpleQuery('INSERT INTO `co...')
#3 C:\xampp\htdocs\eams\system\Database\BaseBuilder.php(2345): CodeIgniter\Database\BaseConnection->query('INSERT INTO `co...', Array, false)
#4 C:\xampp\htdocs\eams\system\Model.php(394): CodeIgniter\Database\BaseBuilder->insert()
#5 C:\xampp\htdocs\eams\system\BaseModel.php(838): CodeIgniter\Model->doInsert(Array)
#6 C:\xampp\htdocs\eams\system\Model.php(797): CodeIgniter\BaseModel->insert(Array, true)
#7 C:\xampp\htdocs\eams\app\Controllers\ComplianceInventoryController.php(338): CodeIgniter\Model->insert(Array)
#8 C:\xampp\htdocs\eams\system\CodeIgniter.php(933): App\Controllers\ComplianceInventoryController->store()
#9 C:\xampp\htdocs\eams\system\CodeIgniter.php(507): CodeIgniter\CodeIgniter->runController(Object(App\Controllers\ComplianceInventoryController))
#10 C:\xampp\htdocs\eams\system\CodeIgniter.php(354): CodeIgniter\CodeIgniter->handleRequest(NULL, Object(Config\Cache), false)
#11 C:\xampp\htdocs\eams\system\Boot.php(363): CodeIgniter\CodeIgniter->run()
#12 C:\xampp\htdocs\eams\system\Boot.php(68): CodeIgniter\Boot::runCodeIgniter(Object(CodeIgniter\CodeIgniter))
#13 C:\xampp\htdocs\eams\public\index.php(59): CodeIgniter\Boot::bootWeb(Object(Config\Paths))
#14 {main}
CRITICAL - 2026-06-22 11:04:21 --> CodeIgniter\Database\Exceptions\DatabaseException: Duplicate entry 'BI-15-51' for key 'uniq_asset_code'
[Method: POST, Route: compliance/inventory/store]
in SYSTEMPATH\Database\BaseConnection.php on line 684.
 1 SYSTEMPATH\Database\BaseBuilder.php(2345): CodeIgniter\Database\BaseConnection->query('INSERT INTO `compliance_inventory` (`category_id`, `area_id`, `item_type_id`, `asset_code`, `type_description`, `specific_area`, `pic`, `status`, `qty`, `remark`, `expired_date`, `photo`, `created_at`, `updated_at`) VALUES (:category_id:, :area_id:, :item_type_id:, :asset_code:, :type_description:, :specific_area:, :pic:, :status:, :qty:, :remark:, :expired_date:, :photo:, :created_at:, :updated_at:)', [...], false)
 2 SYSTEMPATH\Model.php(394): CodeIgniter\Database\BaseBuilder->insert()
 3 SYSTEMPATH\BaseModel.php(838): CodeIgniter\Model->doInsert([...])
 4 SYSTEMPATH\Model.php(797): CodeIgniter\BaseModel->insert([...], true)
 5 APPPATH\Controllers\ComplianceInventoryController.php(338): CodeIgniter\Model->insert([...])
 6 SYSTEMPATH\CodeIgniter.php(933): App\Controllers\ComplianceInventoryController->store()
 7 SYSTEMPATH\CodeIgniter.php(507): CodeIgniter\CodeIgniter->runController(Object(App\Controllers\ComplianceInventoryController))
 8 SYSTEMPATH\CodeIgniter.php(354): CodeIgniter\CodeIgniter->handleRequest(null, Object(Config\Cache), false)
 9 SYSTEMPATH\Boot.php(363): CodeIgniter\CodeIgniter->run()
10 SYSTEMPATH\Boot.php(68): CodeIgniter\Boot::runCodeIgniter(Object(CodeIgniter\CodeIgniter))
11 FCPATH\index.php(59): CodeIgniter\Boot::bootWeb(Object(Config\Paths))
CRITICAL - 2026-06-22 11:04:21 --> [Caused by] CodeIgniter\Database\Exceptions\DatabaseException: Duplicate entry 'BI-15-51' for key 'uniq_asset_code'
in SYSTEMPATH\Database\MySQLi\Connection.php on line 332.
 1 SYSTEMPATH\Database\BaseConnection.php(729): CodeIgniter\Database\MySQLi\Connection->execute('INSERT INTO `compliance_inventory` (`category_id`, `area_id`, `item_type_id`, `asset_code`, `type_description`, `specific_area`, `pic`, `status`, `qty`, `remark`, `expired_date`, `photo`, `created_at`, `updated_at`) VALUES (\'1\', \'18\', \'62\', \'BI-15-51\', \'\', \'PRODUCTION LINE (11-15)\', \'\', \'Good\', \'1\', \'\', \'\', NULL, \'2026-06-22 11:04:21\', \'2026-06-22 11:04:21\')')
 2 SYSTEMPATH\Database\BaseConnection.php(646): CodeIgniter\Database\BaseConnection->simpleQuery('INSERT INTO `compliance_inventory` (`category_id`, `area_id`, `item_type_id`, `asset_code`, `type_description`, `specific_area`, `pic`, `status`, `qty`, `remark`, `expired_date`, `photo`, `created_at`, `updated_at`) VALUES (\'1\', \'18\', \'62\', \'BI-15-51\', \'\', \'PRODUCTION LINE (11-15)\', \'\', \'Good\', \'1\', \'\', \'\', NULL, \'2026-06-22 11:04:21\', \'2026-06-22 11:04:21\')')
 3 SYSTEMPATH\Database\BaseBuilder.php(2345): CodeIgniter\Database\BaseConnection->query('INSERT INTO `compliance_inventory` (`category_id`, `area_id`, `item_type_id`, `asset_code`, `type_description`, `specific_area`, `pic`, `status`, `qty`, `remark`, `expired_date`, `photo`, `created_at`, `updated_at`) VALUES (:category_id:, :area_id:, :item_type_id:, :asset_code:, :type_description:, :specific_area:, :pic:, :status:, :qty:, :remark:, :expired_date:, :photo:, :created_at:, :updated_at:)', [...], false)
 4 SYSTEMPATH\Model.php(394): CodeIgniter\Database\BaseBuilder->insert()
 5 SYSTEMPATH\BaseModel.php(838): CodeIgniter\Model->doInsert([...])
 6 SYSTEMPATH\Model.php(797): CodeIgniter\BaseModel->insert([...], true)
 7 APPPATH\Controllers\ComplianceInventoryController.php(338): CodeIgniter\Model->insert([...])
 8 SYSTEMPATH\CodeIgniter.php(933): App\Controllers\ComplianceInventoryController->store()
 9 SYSTEMPATH\CodeIgniter.php(507): CodeIgniter\CodeIgniter->runController(Object(App\Controllers\ComplianceInventoryController))
10 SYSTEMPATH\CodeIgniter.php(354): CodeIgniter\CodeIgniter->handleRequest(null, Object(Config\Cache), false)
11 SYSTEMPATH\Boot.php(363): CodeIgniter\CodeIgniter->run()
12 SYSTEMPATH\Boot.php(68): CodeIgniter\Boot::runCodeIgniter(Object(CodeIgniter\CodeIgniter))
13 FCPATH\index.php(59): CodeIgniter\Boot::bootWeb(Object(Config\Paths))
CRITICAL - 2026-06-22 11:04:21 --> [Caused by] mysqli_sql_exception: Duplicate entry 'BI-15-51' for key 'uniq_asset_code'
in SYSTEMPATH\Database\MySQLi\Connection.php on line 327.
 1 SYSTEMPATH\Database\MySQLi\Connection.php(327): mysqli->query('INSERT INTO `compliance_inventory` (`category_id`, `area_id`, `item_type_id`, `asset_code`, `type_description`, `specific_area`, `pic`, `status`, `qty`, `remark`, `expired_date`, `photo`, `created_at`, `updated_at`) VALUES (\'1\', \'18\', \'62\', \'BI-15-51\', \'\', \'PRODUCTION LINE (11-15)\', \'\', \'Good\', \'1\', \'\', \'\', NULL, \'2026-06-22 11:04:21\', \'2026-06-22 11:04:21\')', 0)
 2 SYSTEMPATH\Database\BaseConnection.php(729): CodeIgniter\Database\MySQLi\Connection->execute('INSERT INTO `compliance_inventory` (`category_id`, `area_id`, `item_type_id`, `asset_code`, `type_description`, `specific_area`, `pic`, `status`, `qty`, `remark`, `expired_date`, `photo`, `created_at`, `updated_at`) VALUES (\'1\', \'18\', \'62\', \'BI-15-51\', \'\', \'PRODUCTION LINE (11-15)\', \'\', \'Good\', \'1\', \'\', \'\', NULL, \'2026-06-22 11:04:21\', \'2026-06-22 11:04:21\')')
 3 SYSTEMPATH\Database\BaseConnection.php(646): CodeIgniter\Database\BaseConnection->simpleQuery('INSERT INTO `compliance_inventory` (`category_id`, `area_id`, `item_type_id`, `asset_code`, `type_description`, `specific_area`, `pic`, `status`, `qty`, `remark`, `expired_date`, `photo`, `created_at`, `updated_at`) VALUES (\'1\', \'18\', \'62\', \'BI-15-51\', \'\', \'PRODUCTION LINE (11-15)\', \'\', \'Good\', \'1\', \'\', \'\', NULL, \'2026-06-22 11:04:21\', \'2026-06-22 11:04:21\')')
 4 SYSTEMPATH\Database\BaseBuilder.php(2345): CodeIgniter\Database\BaseConnection->query('INSERT INTO `compliance_inventory` (`category_id`, `area_id`, `item_type_id`, `asset_code`, `type_description`, `specific_area`, `pic`, `status`, `qty`, `remark`, `expired_date`, `photo`, `created_at`, `updated_at`) VALUES (:category_id:, :area_id:, :item_type_id:, :asset_code:, :type_description:, :specific_area:, :pic:, :status:, :qty:, :remark:, :expired_date:, :photo:, :created_at:, :updated_at:)', [...], false)
 5 SYSTEMPATH\Model.php(394): CodeIgniter\Database\BaseBuilder->insert()
 6 SYSTEMPATH\BaseModel.php(838): CodeIgniter\Model->doInsert([...])
 7 SYSTEMPATH\Model.php(797): CodeIgniter\BaseModel->insert([...], true)
 8 APPPATH\Controllers\ComplianceInventoryController.php(338): CodeIgniter\Model->insert([...])
 9 SYSTEMPATH\CodeIgniter.php(933): App\Controllers\ComplianceInventoryController->store()
10 SYSTEMPATH\CodeIgniter.php(507): CodeIgniter\CodeIgniter->runController(Object(App\Controllers\ComplianceInventoryController))
11 SYSTEMPATH\CodeIgniter.php(354): CodeIgniter\CodeIgniter->handleRequest(null, Object(Config\Cache), false)
12 SYSTEMPATH\Boot.php(363): CodeIgniter\CodeIgniter->run()
13 SYSTEMPATH\Boot.php(68): CodeIgniter\Boot::runCodeIgniter(Object(CodeIgniter\CodeIgniter))
14 FCPATH\index.php(59): CodeIgniter\Boot::bootWeb(Object(Config\Paths))
ERROR - 2026-06-22 14:33:50 --> mysqli_sql_exception: Duplicate entry 'BI-15-7' for key 'uniq_asset_code' in C:\xampp\htdocs\eams\system\Database\MySQLi\Connection.php:327
Stack trace:
#0 C:\xampp\htdocs\eams\system\Database\MySQLi\Connection.php(327): mysqli->query('INSERT INTO `co...', 0)
#1 C:\xampp\htdocs\eams\system\Database\BaseConnection.php(729): CodeIgniter\Database\MySQLi\Connection->execute('INSERT INTO `co...')
#2 C:\xampp\htdocs\eams\system\Database\BaseConnection.php(646): CodeIgniter\Database\BaseConnection->simpleQuery('INSERT INTO `co...')
#3 C:\xampp\htdocs\eams\system\Database\BaseBuilder.php(2345): CodeIgniter\Database\BaseConnection->query('INSERT INTO `co...', Array, false)
#4 C:\xampp\htdocs\eams\system\Model.php(394): CodeIgniter\Database\BaseBuilder->insert()
#5 C:\xampp\htdocs\eams\system\BaseModel.php(838): CodeIgniter\Model->doInsert(Array)
#6 C:\xampp\htdocs\eams\system\Model.php(797): CodeIgniter\BaseModel->insert(Array, true)
#7 C:\xampp\htdocs\eams\app\Controllers\ComplianceInventoryController.php(338): CodeIgniter\Model->insert(Array)
#8 C:\xampp\htdocs\eams\system\CodeIgniter.php(933): App\Controllers\ComplianceInventoryController->store()
#9 C:\xampp\htdocs\eams\system\CodeIgniter.php(507): CodeIgniter\CodeIgniter->runController(Object(App\Controllers\ComplianceInventoryController))
#10 C:\xampp\htdocs\eams\system\CodeIgniter.php(354): CodeIgniter\CodeIgniter->handleRequest(NULL, Object(Config\Cache), false)
#11 C:\xampp\htdocs\eams\system\Boot.php(363): CodeIgniter\CodeIgniter->run()
#12 C:\xampp\htdocs\eams\system\Boot.php(68): CodeIgniter\Boot::runCodeIgniter(Object(CodeIgniter\CodeIgniter))
#13 C:\xampp\htdocs\eams\public\index.php(59): CodeIgniter\Boot::bootWeb(Object(Config\Paths))
#14 {main}
CRITICAL - 2026-06-22 14:33:50 --> CodeIgniter\Database\Exceptions\DatabaseException: Duplicate entry 'BI-15-7' for key 'uniq_asset_code'
[Method: POST, Route: compliance/inventory/store]
in SYSTEMPATH\Database\BaseConnection.php on line 684.
 1 SYSTEMPATH\Database\BaseBuilder.php(2345): CodeIgniter\Database\BaseConnection->query('INSERT INTO `compliance_inventory` (`category_id`, `area_id`, `item_type_id`, `asset_code`, `type_description`, `specific_area`, `pic`, `status`, `qty`, `remark`, `expired_date`, `photo`, `created_at`, `updated_at`) VALUES (:category_id:, :area_id:, :item_type_id:, :asset_code:, :type_description:, :specific_area:, :pic:, :status:, :qty:, :remark:, :expired_date:, :photo:, :created_at:, :updated_at:)', [...], false)
 2 SYSTEMPATH\Model.php(394): CodeIgniter\Database\BaseBuilder->insert()
 3 SYSTEMPATH\BaseModel.php(838): CodeIgniter\Model->doInsert([...])
 4 SYSTEMPATH\Model.php(797): CodeIgniter\BaseModel->insert([...], true)
 5 APPPATH\Controllers\ComplianceInventoryController.php(338): CodeIgniter\Model->insert([...])
 6 SYSTEMPATH\CodeIgniter.php(933): App\Controllers\ComplianceInventoryController->store()
 7 SYSTEMPATH\CodeIgniter.php(507): CodeIgniter\CodeIgniter->runController(Object(App\Controllers\ComplianceInventoryController))
 8 SYSTEMPATH\CodeIgniter.php(354): CodeIgniter\CodeIgniter->handleRequest(null, Object(Config\Cache), false)
 9 SYSTEMPATH\Boot.php(363): CodeIgniter\CodeIgniter->run()
10 SYSTEMPATH\Boot.php(68): CodeIgniter\Boot::runCodeIgniter(Object(CodeIgniter\CodeIgniter))
11 FCPATH\index.php(59): CodeIgniter\Boot::bootWeb(Object(Config\Paths))
CRITICAL - 2026-06-22 14:33:50 --> [Caused by] CodeIgniter\Database\Exceptions\DatabaseException: Duplicate entry 'BI-15-7' for key 'uniq_asset_code'
in SYSTEMPATH\Database\MySQLi\Connection.php on line 332.
 1 SYSTEMPATH\Database\BaseConnection.php(729): CodeIgniter\Database\MySQLi\Connection->execute('INSERT INTO `compliance_inventory` (`category_id`, `area_id`, `item_type_id`, `asset_code`, `type_description`, `specific_area`, `pic`, `status`, `qty`, `remark`, `expired_date`, `photo`, `created_at`, `updated_at`) VALUES (\'1\', \'1\', \'55\', \'BI-15-7\', \'\', \'PAGAR AREA DEPAN LUAR\', \'\', \'Good\', \'1\', \'\', \'\', NULL, \'2026-06-22 14:33:50\', \'2026-06-22 14:33:50\')')
 2 SYSTEMPATH\Database\BaseConnection.php(646): CodeIgniter\Database\BaseConnection->simpleQuery('INSERT INTO `compliance_inventory` (`category_id`, `area_id`, `item_type_id`, `asset_code`, `type_description`, `specific_area`, `pic`, `status`, `qty`, `remark`, `expired_date`, `photo`, `created_at`, `updated_at`) VALUES (\'1\', \'1\', \'55\', \'BI-15-7\', \'\', \'PAGAR AREA DEPAN LUAR\', \'\', \'Good\', \'1\', \'\', \'\', NULL, \'2026-06-22 14:33:50\', \'2026-06-22 14:33:50\')')
 3 SYSTEMPATH\Database\BaseBuilder.php(2345): CodeIgniter\Database\BaseConnection->query('INSERT INTO `compliance_inventory` (`category_id`, `area_id`, `item_type_id`, `asset_code`, `type_description`, `specific_area`, `pic`, `status`, `qty`, `remark`, `expired_date`, `photo`, `created_at`, `updated_at`) VALUES (:category_id:, :area_id:, :item_type_id:, :asset_code:, :type_description:, :specific_area:, :pic:, :status:, :qty:, :remark:, :expired_date:, :photo:, :created_at:, :updated_at:)', [...], false)
 4 SYSTEMPATH\Model.php(394): CodeIgniter\Database\BaseBuilder->insert()
 5 SYSTEMPATH\BaseModel.php(838): CodeIgniter\Model->doInsert([...])
 6 SYSTEMPATH\Model.php(797): CodeIgniter\BaseModel->insert([...], true)
 7 APPPATH\Controllers\ComplianceInventoryController.php(338): CodeIgniter\Model->insert([...])
 8 SYSTEMPATH\CodeIgniter.php(933): App\Controllers\ComplianceInventoryController->store()
 9 SYSTEMPATH\CodeIgniter.php(507): CodeIgniter\CodeIgniter->runController(Object(App\Controllers\ComplianceInventoryController))
10 SYSTEMPATH\CodeIgniter.php(354): CodeIgniter\CodeIgniter->handleRequest(null, Object(Config\Cache), false)
11 SYSTEMPATH\Boot.php(363): CodeIgniter\CodeIgniter->run()
12 SYSTEMPATH\Boot.php(68): CodeIgniter\Boot::runCodeIgniter(Object(CodeIgniter\CodeIgniter))
13 FCPATH\index.php(59): CodeIgniter\Boot::bootWeb(Object(Config\Paths))
CRITICAL - 2026-06-22 14:33:50 --> [Caused by] mysqli_sql_exception: Duplicate entry 'BI-15-7' for key 'uniq_asset_code'
in SYSTEMPATH\Database\MySQLi\Connection.php on line 327.
 1 SYSTEMPATH\Database\MySQLi\Connection.php(327): mysqli->query('INSERT INTO `compliance_inventory` (`category_id`, `area_id`, `item_type_id`, `asset_code`, `type_description`, `specific_area`, `pic`, `status`, `qty`, `remark`, `expired_date`, `photo`, `created_at`, `updated_at`) VALUES (\'1\', \'1\', \'55\', \'BI-15-7\', \'\', \'PAGAR AREA DEPAN LUAR\', \'\', \'Good\', \'1\', \'\', \'\', NULL, \'2026-06-22 14:33:50\', \'2026-06-22 14:33:50\')', 0)
 2 SYSTEMPATH\Database\BaseConnection.php(729): CodeIgniter\Database\MySQLi\Connection->execute('INSERT INTO `compliance_inventory` (`category_id`, `area_id`, `item_type_id`, `asset_code`, `type_description`, `specific_area`, `pic`, `status`, `qty`, `remark`, `expired_date`, `photo`, `created_at`, `updated_at`) VALUES (\'1\', \'1\', \'55\', \'BI-15-7\', \'\', \'PAGAR AREA DEPAN LUAR\', \'\', \'Good\', \'1\', \'\', \'\', NULL, \'2026-06-22 14:33:50\', \'2026-06-22 14:33:50\')')
 3 SYSTEMPATH\Database\BaseConnection.php(646): CodeIgniter\Database\BaseConnection->simpleQuery('INSERT INTO `compliance_inventory` (`category_id`, `area_id`, `item_type_id`, `asset_code`, `type_description`, `specific_area`, `pic`, `status`, `qty`, `remark`, `expired_date`, `photo`, `created_at`, `updated_at`) VALUES (\'1\', \'1\', \'55\', \'BI-15-7\', \'\', \'PAGAR AREA DEPAN LUAR\', \'\', \'Good\', \'1\', \'\', \'\', NULL, \'2026-06-22 14:33:50\', \'2026-06-22 14:33:50\')')
 4 SYSTEMPATH\Database\BaseBuilder.php(2345): CodeIgniter\Database\BaseConnection->query('INSERT INTO `compliance_inventory` (`category_id`, `area_id`, `item_type_id`, `asset_code`, `type_description`, `specific_area`, `pic`, `status`, `qty`, `remark`, `expired_date`, `photo`, `created_at`, `updated_at`) VALUES (:category_id:, :area_id:, :item_type_id:, :asset_code:, :type_description:, :specific_area:, :pic:, :status:, :qty:, :remark:, :expired_date:, :photo:, :created_at:, :updated_at:)', [...], false)
 5 SYSTEMPATH\Model.php(394): CodeIgniter\Database\BaseBuilder->insert()
 6 SYSTEMPATH\BaseModel.php(838): CodeIgniter\Model->doInsert([...])
 7 SYSTEMPATH\Model.php(797): CodeIgniter\BaseModel->insert([...], true)
 8 APPPATH\Controllers\ComplianceInventoryController.php(338): CodeIgniter\Model->insert([...])
 9 SYSTEMPATH\CodeIgniter.php(933): App\Controllers\ComplianceInventoryController->store()
10 SYSTEMPATH\CodeIgniter.php(507): CodeIgniter\CodeIgniter->runController(Object(App\Controllers\ComplianceInventoryController))
11 SYSTEMPATH\CodeIgniter.php(354): CodeIgniter\CodeIgniter->handleRequest(null, Object(Config\Cache), false)
12 SYSTEMPATH\Boot.php(363): CodeIgniter\CodeIgniter->run()
13 SYSTEMPATH\Boot.php(68): CodeIgniter\Boot::runCodeIgniter(Object(CodeIgniter\CodeIgniter))
14 FCPATH\index.php(59): CodeIgniter\Boot::bootWeb(Object(Config\Paths))
ERROR - 2026-06-22 14:33:57 --> mysqli_sql_exception: Duplicate entry 'BI-15-57' for key 'uniq_asset_code' in C:\xampp\htdocs\eams\system\Database\MySQLi\Connection.php:327
Stack trace:
#0 C:\xampp\htdocs\eams\system\Database\MySQLi\Connection.php(327): mysqli->query('INSERT INTO `co...', 0)
#1 C:\xampp\htdocs\eams\system\Database\BaseConnection.php(729): CodeIgniter\Database\MySQLi\Connection->execute('INSERT INTO `co...')
#2 C:\xampp\htdocs\eams\system\Database\BaseConnection.php(646): CodeIgniter\Database\BaseConnection->simpleQuery('INSERT INTO `co...')
#3 C:\xampp\htdocs\eams\system\Database\BaseBuilder.php(2345): CodeIgniter\Database\BaseConnection->query('INSERT INTO `co...', Array, false)
#4 C:\xampp\htdocs\eams\system\Model.php(394): CodeIgniter\Database\BaseBuilder->insert()
#5 C:\xampp\htdocs\eams\system\BaseModel.php(838): CodeIgniter\Model->doInsert(Array)
#6 C:\xampp\htdocs\eams\system\Model.php(797): CodeIgniter\BaseModel->insert(Array, true)
#7 C:\xampp\htdocs\eams\app\Controllers\ComplianceInventoryController.php(338): CodeIgniter\Model->insert(Array)
#8 C:\xampp\htdocs\eams\system\CodeIgniter.php(933): App\Controllers\ComplianceInventoryController->store()
#9 C:\xampp\htdocs\eams\system\CodeIgniter.php(507): CodeIgniter\CodeIgniter->runController(Object(App\Controllers\ComplianceInventoryController))
#10 C:\xampp\htdocs\eams\system\CodeIgniter.php(354): CodeIgniter\CodeIgniter->handleRequest(NULL, Object(Config\Cache), false)
#11 C:\xampp\htdocs\eams\system\Boot.php(363): CodeIgniter\CodeIgniter->run()
#12 C:\xampp\htdocs\eams\system\Boot.php(68): CodeIgniter\Boot::runCodeIgniter(Object(CodeIgniter\CodeIgniter))
#13 C:\xampp\htdocs\eams\public\index.php(59): CodeIgniter\Boot::bootWeb(Object(Config\Paths))
#14 {main}
CRITICAL - 2026-06-22 14:33:57 --> CodeIgniter\Database\Exceptions\DatabaseException: Duplicate entry 'BI-15-57' for key 'uniq_asset_code'
[Method: POST, Route: compliance/inventory/store]
in SYSTEMPATH\Database\BaseConnection.php on line 684.
 1 SYSTEMPATH\Database\BaseBuilder.php(2345): CodeIgniter\Database\BaseConnection->query('INSERT INTO `compliance_inventory` (`category_id`, `area_id`, `item_type_id`, `asset_code`, `type_description`, `specific_area`, `pic`, `status`, `qty`, `remark`, `expired_date`, `photo`, `created_at`, `updated_at`) VALUES (:category_id:, :area_id:, :item_type_id:, :asset_code:, :type_description:, :specific_area:, :pic:, :status:, :qty:, :remark:, :expired_date:, :photo:, :created_at:, :updated_at:)', [...], false)
 2 SYSTEMPATH\Model.php(394): CodeIgniter\Database\BaseBuilder->insert()
 3 SYSTEMPATH\BaseModel.php(838): CodeIgniter\Model->doInsert([...])
 4 SYSTEMPATH\Model.php(797): CodeIgniter\BaseModel->insert([...], true)
 5 APPPATH\Controllers\ComplianceInventoryController.php(338): CodeIgniter\Model->insert([...])
 6 SYSTEMPATH\CodeIgniter.php(933): App\Controllers\ComplianceInventoryController->store()
 7 SYSTEMPATH\CodeIgniter.php(507): CodeIgniter\CodeIgniter->runController(Object(App\Controllers\ComplianceInventoryController))
 8 SYSTEMPATH\CodeIgniter.php(354): CodeIgniter\CodeIgniter->handleRequest(null, Object(Config\Cache), false)
 9 SYSTEMPATH\Boot.php(363): CodeIgniter\CodeIgniter->run()
10 SYSTEMPATH\Boot.php(68): CodeIgniter\Boot::runCodeIgniter(Object(CodeIgniter\CodeIgniter))
11 FCPATH\index.php(59): CodeIgniter\Boot::bootWeb(Object(Config\Paths))
CRITICAL - 2026-06-22 14:33:57 --> [Caused by] CodeIgniter\Database\Exceptions\DatabaseException: Duplicate entry 'BI-15-57' for key 'uniq_asset_code'
in SYSTEMPATH\Database\MySQLi\Connection.php on line 332.
 1 SYSTEMPATH\Database\BaseConnection.php(729): CodeIgniter\Database\MySQLi\Connection->execute('INSERT INTO `compliance_inventory` (`category_id`, `area_id`, `item_type_id`, `asset_code`, `type_description`, `specific_area`, `pic`, `status`, `qty`, `remark`, `expired_date`, `photo`, `created_at`, `updated_at`) VALUES (\'1\', \'1\', \'55\', \'BI-15-57\', \'\', \'PAGAR AREA DEPAN LUAR\', \'\', \'Good\', \'1\', \'\', \'\', NULL, \'2026-06-22 14:33:57\', \'2026-06-22 14:33:57\')')
 2 SYSTEMPATH\Database\BaseConnection.php(646): CodeIgniter\Database\BaseConnection->simpleQuery('INSERT INTO `compliance_inventory` (`category_id`, `area_id`, `item_type_id`, `asset_code`, `type_description`, `specific_area`, `pic`, `status`, `qty`, `remark`, `expired_date`, `photo`, `created_at`, `updated_at`) VALUES (\'1\', \'1\', \'55\', \'BI-15-57\', \'\', \'PAGAR AREA DEPAN LUAR\', \'\', \'Good\', \'1\', \'\', \'\', NULL, \'2026-06-22 14:33:57\', \'2026-06-22 14:33:57\')')
 3 SYSTEMPATH\Database\BaseBuilder.php(2345): CodeIgniter\Database\BaseConnection->query('INSERT INTO `compliance_inventory` (`category_id`, `area_id`, `item_type_id`, `asset_code`, `type_description`, `specific_area`, `pic`, `status`, `qty`, `remark`, `expired_date`, `photo`, `created_at`, `updated_at`) VALUES (:category_id:, :area_id:, :item_type_id:, :asset_code:, :type_description:, :specific_area:, :pic:, :status:, :qty:, :remark:, :expired_date:, :photo:, :created_at:, :updated_at:)', [...], false)
 4 SYSTEMPATH\Model.php(394): CodeIgniter\Database\BaseBuilder->insert()
 5 SYSTEMPATH\BaseModel.php(838): CodeIgniter\Model->doInsert([...])
 6 SYSTEMPATH\Model.php(797): CodeIgniter\BaseModel->insert([...], true)
 7 APPPATH\Controllers\ComplianceInventoryController.php(338): CodeIgniter\Model->insert([...])
 8 SYSTEMPATH\CodeIgniter.php(933): App\Controllers\ComplianceInventoryController->store()
 9 SYSTEMPATH\CodeIgniter.php(507): CodeIgniter\CodeIgniter->runController(Object(App\Controllers\ComplianceInventoryController))
10 SYSTEMPATH\CodeIgniter.php(354): CodeIgniter\CodeIgniter->handleRequest(null, Object(Config\Cache), false)
11 SYSTEMPATH\Boot.php(363): CodeIgniter\CodeIgniter->run()
12 SYSTEMPATH\Boot.php(68): CodeIgniter\Boot::runCodeIgniter(Object(CodeIgniter\CodeIgniter))
13 FCPATH\index.php(59): CodeIgniter\Boot::bootWeb(Object(Config\Paths))
CRITICAL - 2026-06-22 14:33:57 --> [Caused by] mysqli_sql_exception: Duplicate entry 'BI-15-57' for key 'uniq_asset_code'
in SYSTEMPATH\Database\MySQLi\Connection.php on line 327.
 1 SYSTEMPATH\Database\MySQLi\Connection.php(327): mysqli->query('INSERT INTO `compliance_inventory` (`category_id`, `area_id`, `item_type_id`, `asset_code`, `type_description`, `specific_area`, `pic`, `status`, `qty`, `remark`, `expired_date`, `photo`, `created_at`, `updated_at`) VALUES (\'1\', \'1\', \'55\', \'BI-15-57\', \'\', \'PAGAR AREA DEPAN LUAR\', \'\', \'Good\', \'1\', \'\', \'\', NULL, \'2026-06-22 14:33:57\', \'2026-06-22 14:33:57\')', 0)
 2 SYSTEMPATH\Database\BaseConnection.php(729): CodeIgniter\Database\MySQLi\Connection->execute('INSERT INTO `compliance_inventory` (`category_id`, `area_id`, `item_type_id`, `asset_code`, `type_description`, `specific_area`, `pic`, `status`, `qty`, `remark`, `expired_date`, `photo`, `created_at`, `updated_at`) VALUES (\'1\', \'1\', \'55\', \'BI-15-57\', \'\', \'PAGAR AREA DEPAN LUAR\', \'\', \'Good\', \'1\', \'\', \'\', NULL, \'2026-06-22 14:33:57\', \'2026-06-22 14:33:57\')')
 3 SYSTEMPATH\Database\BaseConnection.php(646): CodeIgniter\Database\BaseConnection->simpleQuery('INSERT INTO `compliance_inventory` (`category_id`, `area_id`, `item_type_id`, `asset_code`, `type_description`, `specific_area`, `pic`, `status`, `qty`, `remark`, `expired_date`, `photo`, `created_at`, `updated_at`) VALUES (\'1\', \'1\', \'55\', \'BI-15-57\', \'\', \'PAGAR AREA DEPAN LUAR\', \'\', \'Good\', \'1\', \'\', \'\', NULL, \'2026-06-22 14:33:57\', \'2026-06-22 14:33:57\')')
 4 SYSTEMPATH\Database\BaseBuilder.php(2345): CodeIgniter\Database\BaseConnection->query('INSERT INTO `compliance_inventory` (`category_id`, `area_id`, `item_type_id`, `asset_code`, `type_description`, `specific_area`, `pic`, `status`, `qty`, `remark`, `expired_date`, `photo`, `created_at`, `updated_at`) VALUES (:category_id:, :area_id:, :item_type_id:, :asset_code:, :type_description:, :specific_area:, :pic:, :status:, :qty:, :remark:, :expired_date:, :photo:, :created_at:, :updated_at:)', [...], false)
 5 SYSTEMPATH\Model.php(394): CodeIgniter\Database\BaseBuilder->insert()
 6 SYSTEMPATH\BaseModel.php(838): CodeIgniter\Model->doInsert([...])
 7 SYSTEMPATH\Model.php(797): CodeIgniter\BaseModel->insert([...], true)
 8 APPPATH\Controllers\ComplianceInventoryController.php(338): CodeIgniter\Model->insert([...])
 9 SYSTEMPATH\CodeIgniter.php(933): App\Controllers\ComplianceInventoryController->store()
10 SYSTEMPATH\CodeIgniter.php(507): CodeIgniter\CodeIgniter->runController(Object(App\Controllers\ComplianceInventoryController))
11 SYSTEMPATH\CodeIgniter.php(354): CodeIgniter\CodeIgniter->handleRequest(null, Object(Config\Cache), false)
12 SYSTEMPATH\Boot.php(363): CodeIgniter\CodeIgniter->run()
13 SYSTEMPATH\Boot.php(68): CodeIgniter\Boot::runCodeIgniter(Object(CodeIgniter\CodeIgniter))
14 FCPATH\index.php(59): CodeIgniter\Boot::bootWeb(Object(Config\Paths))
ERROR - 2026-06-22 14:39:38 --> mysqli_sql_exception: Duplicate entry 'BI-15-60' for key 'uniq_asset_code' in C:\xampp\htdocs\eams\system\Database\MySQLi\Connection.php:327
Stack trace:
#0 C:\xampp\htdocs\eams\system\Database\MySQLi\Connection.php(327): mysqli->query('INSERT INTO `co...', 0)
#1 C:\xampp\htdocs\eams\system\Database\BaseConnection.php(729): CodeIgniter\Database\MySQLi\Connection->execute('INSERT INTO `co...')
#2 C:\xampp\htdocs\eams\system\Database\BaseConnection.php(646): CodeIgniter\Database\BaseConnection->simpleQuery('INSERT INTO `co...')
#3 C:\xampp\htdocs\eams\system\Database\BaseBuilder.php(2345): CodeIgniter\Database\BaseConnection->query('INSERT INTO `co...', Array, false)
#4 C:\xampp\htdocs\eams\system\Model.php(394): CodeIgniter\Database\BaseBuilder->insert()
#5 C:\xampp\htdocs\eams\system\BaseModel.php(838): CodeIgniter\Model->doInsert(Array)
#6 C:\xampp\htdocs\eams\system\Model.php(797): CodeIgniter\BaseModel->insert(Array, true)
#7 C:\xampp\htdocs\eams\app\Controllers\ComplianceInventoryController.php(338): CodeIgniter\Model->insert(Array)
#8 C:\xampp\htdocs\eams\system\CodeIgniter.php(933): App\Controllers\ComplianceInventoryController->store()
#9 C:\xampp\htdocs\eams\system\CodeIgniter.php(507): CodeIgniter\CodeIgniter->runController(Object(App\Controllers\ComplianceInventoryController))
#10 C:\xampp\htdocs\eams\system\CodeIgniter.php(354): CodeIgniter\CodeIgniter->handleRequest(NULL, Object(Config\Cache), false)
#11 C:\xampp\htdocs\eams\system\Boot.php(363): CodeIgniter\CodeIgniter->run()
#12 C:\xampp\htdocs\eams\system\Boot.php(68): CodeIgniter\Boot::runCodeIgniter(Object(CodeIgniter\CodeIgniter))
#13 C:\xampp\htdocs\eams\public\index.php(59): CodeIgniter\Boot::bootWeb(Object(Config\Paths))
#14 {main}
CRITICAL - 2026-06-22 14:39:38 --> CodeIgniter\Database\Exceptions\DatabaseException: Duplicate entry 'BI-15-60' for key 'uniq_asset_code'
[Method: POST, Route: compliance/inventory/store]
in SYSTEMPATH\Database\BaseConnection.php on line 684.
 1 SYSTEMPATH\Database\BaseBuilder.php(2345): CodeIgniter\Database\BaseConnection->query('INSERT INTO `compliance_inventory` (`category_id`, `area_id`, `item_type_id`, `asset_code`, `type_description`, `specific_area`, `pic`, `status`, `qty`, `remark`, `expired_date`, `photo`, `created_at`, `updated_at`) VALUES (:category_id:, :area_id:, :item_type_id:, :asset_code:, :type_description:, :specific_area:, :pic:, :status:, :qty:, :remark:, :expired_date:, :photo:, :created_at:, :updated_at:)', [...], false)
 2 SYSTEMPATH\Model.php(394): CodeIgniter\Database\BaseBuilder->insert()
 3 SYSTEMPATH\BaseModel.php(838): CodeIgniter\Model->doInsert([...])
 4 SYSTEMPATH\Model.php(797): CodeIgniter\BaseModel->insert([...], true)
 5 APPPATH\Controllers\ComplianceInventoryController.php(338): CodeIgniter\Model->insert([...])
 6 SYSTEMPATH\CodeIgniter.php(933): App\Controllers\ComplianceInventoryController->store()
 7 SYSTEMPATH\CodeIgniter.php(507): CodeIgniter\CodeIgniter->runController(Object(App\Controllers\ComplianceInventoryController))
 8 SYSTEMPATH\CodeIgniter.php(354): CodeIgniter\CodeIgniter->handleRequest(null, Object(Config\Cache), false)
 9 SYSTEMPATH\Boot.php(363): CodeIgniter\CodeIgniter->run()
10 SYSTEMPATH\Boot.php(68): CodeIgniter\Boot::runCodeIgniter(Object(CodeIgniter\CodeIgniter))
11 FCPATH\index.php(59): CodeIgniter\Boot::bootWeb(Object(Config\Paths))
CRITICAL - 2026-06-22 14:39:38 --> [Caused by] CodeIgniter\Database\Exceptions\DatabaseException: Duplicate entry 'BI-15-60' for key 'uniq_asset_code'
in SYSTEMPATH\Database\MySQLi\Connection.php on line 332.
 1 SYSTEMPATH\Database\BaseConnection.php(729): CodeIgniter\Database\MySQLi\Connection->execute('INSERT INTO `compliance_inventory` (`category_id`, `area_id`, `item_type_id`, `asset_code`, `type_description`, `specific_area`, `pic`, `status`, `qty`, `remark`, `expired_date`, `photo`, `created_at`, `updated_at`) VALUES (\'1\', \'1\', \'55\', \'BI-15-60\', \'\', \'PAGAR BELAKANG MESS\', \'\', \'Good\', \'1\', \'\', \'\', NULL, \'2026-06-22 14:39:38\', \'2026-06-22 14:39:38\')')
 2 SYSTEMPATH\Database\BaseConnection.php(646): CodeIgniter\Database\BaseConnection->simpleQuery('INSERT INTO `compliance_inventory` (`category_id`, `area_id`, `item_type_id`, `asset_code`, `type_description`, `specific_area`, `pic`, `status`, `qty`, `remark`, `expired_date`, `photo`, `created_at`, `updated_at`) VALUES (\'1\', \'1\', \'55\', \'BI-15-60\', \'\', \'PAGAR BELAKANG MESS\', \'\', \'Good\', \'1\', \'\', \'\', NULL, \'2026-06-22 14:39:38\', \'2026-06-22 14:39:38\')')
 3 SYSTEMPATH\Database\BaseBuilder.php(2345): CodeIgniter\Database\BaseConnection->query('INSERT INTO `compliance_inventory` (`category_id`, `area_id`, `item_type_id`, `asset_code`, `type_description`, `specific_area`, `pic`, `status`, `qty`, `remark`, `expired_date`, `photo`, `created_at`, `updated_at`) VALUES (:category_id:, :area_id:, :item_type_id:, :asset_code:, :type_description:, :specific_area:, :pic:, :status:, :qty:, :remark:, :expired_date:, :photo:, :created_at:, :updated_at:)', [...], false)
 4 SYSTEMPATH\Model.php(394): CodeIgniter\Database\BaseBuilder->insert()
 5 SYSTEMPATH\BaseModel.php(838): CodeIgniter\Model->doInsert([...])
 6 SYSTEMPATH\Model.php(797): CodeIgniter\BaseModel->insert([...], true)
 7 APPPATH\Controllers\ComplianceInventoryController.php(338): CodeIgniter\Model->insert([...])
 8 SYSTEMPATH\CodeIgniter.php(933): App\Controllers\ComplianceInventoryController->store()
 9 SYSTEMPATH\CodeIgniter.php(507): CodeIgniter\CodeIgniter->runController(Object(App\Controllers\ComplianceInventoryController))
10 SYSTEMPATH\CodeIgniter.php(354): CodeIgniter\CodeIgniter->handleRequest(null, Object(Config\Cache), false)
11 SYSTEMPATH\Boot.php(363): CodeIgniter\CodeIgniter->run()
12 SYSTEMPATH\Boot.php(68): CodeIgniter\Boot::runCodeIgniter(Object(CodeIgniter\CodeIgniter))
13 FCPATH\index.php(59): CodeIgniter\Boot::bootWeb(Object(Config\Paths))
CRITICAL - 2026-06-22 14:39:38 --> [Caused by] mysqli_sql_exception: Duplicate entry 'BI-15-60' for key 'uniq_asset_code'
in SYSTEMPATH\Database\MySQLi\Connection.php on line 327.
 1 SYSTEMPATH\Database\MySQLi\Connection.php(327): mysqli->query('INSERT INTO `compliance_inventory` (`category_id`, `area_id`, `item_type_id`, `asset_code`, `type_description`, `specific_area`, `pic`, `status`, `qty`, `remark`, `expired_date`, `photo`, `created_at`, `updated_at`) VALUES (\'1\', \'1\', \'55\', \'BI-15-60\', \'\', \'PAGAR BELAKANG MESS\', \'\', \'Good\', \'1\', \'\', \'\', NULL, \'2026-06-22 14:39:38\', \'2026-06-22 14:39:38\')', 0)
 2 SYSTEMPATH\Database\BaseConnection.php(729): CodeIgniter\Database\MySQLi\Connection->execute('INSERT INTO `compliance_inventory` (`category_id`, `area_id`, `item_type_id`, `asset_code`, `type_description`, `specific_area`, `pic`, `status`, `qty`, `remark`, `expired_date`, `photo`, `created_at`, `updated_at`) VALUES (\'1\', \'1\', \'55\', \'BI-15-60\', \'\', \'PAGAR BELAKANG MESS\', \'\', \'Good\', \'1\', \'\', \'\', NULL, \'2026-06-22 14:39:38\', \'2026-06-22 14:39:38\')')
 3 SYSTEMPATH\Database\BaseConnection.php(646): CodeIgniter\Database\BaseConnection->simpleQuery('INSERT INTO `compliance_inventory` (`category_id`, `area_id`, `item_type_id`, `asset_code`, `type_description`, `specific_area`, `pic`, `status`, `qty`, `remark`, `expired_date`, `photo`, `created_at`, `updated_at`) VALUES (\'1\', \'1\', \'55\', \'BI-15-60\', \'\', \'PAGAR BELAKANG MESS\', \'\', \'Good\', \'1\', \'\', \'\', NULL, \'2026-06-22 14:39:38\', \'2026-06-22 14:39:38\')')
 4 SYSTEMPATH\Database\BaseBuilder.php(2345): CodeIgniter\Database\BaseConnection->query('INSERT INTO `compliance_inventory` (`category_id`, `area_id`, `item_type_id`, `asset_code`, `type_description`, `specific_area`, `pic`, `status`, `qty`, `remark`, `expired_date`, `photo`, `created_at`, `updated_at`) VALUES (:category_id:, :area_id:, :item_type_id:, :asset_code:, :type_description:, :specific_area:, :pic:, :status:, :qty:, :remark:, :expired_date:, :photo:, :created_at:, :updated_at:)', [...], false)
 5 SYSTEMPATH\Model.php(394): CodeIgniter\Database\BaseBuilder->insert()
 6 SYSTEMPATH\BaseModel.php(838): CodeIgniter\Model->doInsert([...])
 7 SYSTEMPATH\Model.php(797): CodeIgniter\BaseModel->insert([...], true)
 8 APPPATH\Controllers\ComplianceInventoryController.php(338): CodeIgniter\Model->insert([...])
 9 SYSTEMPATH\CodeIgniter.php(933): App\Controllers\ComplianceInventoryController->store()
10 SYSTEMPATH\CodeIgniter.php(507): CodeIgniter\CodeIgniter->runController(Object(App\Controllers\ComplianceInventoryController))
11 SYSTEMPATH\CodeIgniter.php(354): CodeIgniter\CodeIgniter->handleRequest(null, Object(Config\Cache), false)
12 SYSTEMPATH\Boot.php(363): CodeIgniter\CodeIgniter->run()
13 SYSTEMPATH\Boot.php(68): CodeIgniter\Boot::runCodeIgniter(Object(CodeIgniter\CodeIgniter))
14 FCPATH\index.php(59): CodeIgniter\Boot::bootWeb(Object(Config\Paths))
ERROR - 2026-06-22 14:48:38 --> mysqli_sql_exception: Duplicate entry 'BI-15-66' for key 'uniq_asset_code' in C:\xampp\htdocs\eams\system\Database\MySQLi\Connection.php:327
Stack trace:
#0 C:\xampp\htdocs\eams\system\Database\MySQLi\Connection.php(327): mysqli->query('INSERT INTO `co...', 0)
#1 C:\xampp\htdocs\eams\system\Database\BaseConnection.php(729): CodeIgniter\Database\MySQLi\Connection->execute('INSERT INTO `co...')
#2 C:\xampp\htdocs\eams\system\Database\BaseConnection.php(646): CodeIgniter\Database\BaseConnection->simpleQuery('INSERT INTO `co...')
#3 C:\xampp\htdocs\eams\system\Database\BaseBuilder.php(2345): CodeIgniter\Database\BaseConnection->query('INSERT INTO `co...', Array, false)
#4 C:\xampp\htdocs\eams\system\Model.php(394): CodeIgniter\Database\BaseBuilder->insert()
#5 C:\xampp\htdocs\eams\system\BaseModel.php(838): CodeIgniter\Model->doInsert(Array)
#6 C:\xampp\htdocs\eams\system\Model.php(797): CodeIgniter\BaseModel->insert(Array, true)
#7 C:\xampp\htdocs\eams\app\Controllers\ComplianceInventoryController.php(338): CodeIgniter\Model->insert(Array)
#8 C:\xampp\htdocs\eams\system\CodeIgniter.php(933): App\Controllers\ComplianceInventoryController->store()
#9 C:\xampp\htdocs\eams\system\CodeIgniter.php(507): CodeIgniter\CodeIgniter->runController(Object(App\Controllers\ComplianceInventoryController))
#10 C:\xampp\htdocs\eams\system\CodeIgniter.php(354): CodeIgniter\CodeIgniter->handleRequest(NULL, Object(Config\Cache), false)
#11 C:\xampp\htdocs\eams\system\Boot.php(363): CodeIgniter\CodeIgniter->run()
#12 C:\xampp\htdocs\eams\system\Boot.php(68): CodeIgniter\Boot::runCodeIgniter(Object(CodeIgniter\CodeIgniter))
#13 C:\xampp\htdocs\eams\public\index.php(59): CodeIgniter\Boot::bootWeb(Object(Config\Paths))
#14 {main}
CRITICAL - 2026-06-22 14:48:38 --> CodeIgniter\Database\Exceptions\DatabaseException: Duplicate entry 'BI-15-66' for key 'uniq_asset_code'
[Method: POST, Route: compliance/inventory/store]
in SYSTEMPATH\Database\BaseConnection.php on line 684.
 1 SYSTEMPATH\Database\BaseBuilder.php(2345): CodeIgniter\Database\BaseConnection->query('INSERT INTO `compliance_inventory` (`category_id`, `area_id`, `item_type_id`, `asset_code`, `type_description`, `specific_area`, `pic`, `status`, `qty`, `remark`, `expired_date`, `photo`, `created_at`, `updated_at`) VALUES (:category_id:, :area_id:, :item_type_id:, :asset_code:, :type_description:, :specific_area:, :pic:, :status:, :qty:, :remark:, :expired_date:, :photo:, :created_at:, :updated_at:)', [...], false)
 2 SYSTEMPATH\Model.php(394): CodeIgniter\Database\BaseBuilder->insert()
 3 SYSTEMPATH\BaseModel.php(838): CodeIgniter\Model->doInsert([...])
 4 SYSTEMPATH\Model.php(797): CodeIgniter\BaseModel->insert([...], true)
 5 APPPATH\Controllers\ComplianceInventoryController.php(338): CodeIgniter\Model->insert([...])
 6 SYSTEMPATH\CodeIgniter.php(933): App\Controllers\ComplianceInventoryController->store()
 7 SYSTEMPATH\CodeIgniter.php(507): CodeIgniter\CodeIgniter->runController(Object(App\Controllers\ComplianceInventoryController))
 8 SYSTEMPATH\CodeIgniter.php(354): CodeIgniter\CodeIgniter->handleRequest(null, Object(Config\Cache), false)
 9 SYSTEMPATH\Boot.php(363): CodeIgniter\CodeIgniter->run()
10 SYSTEMPATH\Boot.php(68): CodeIgniter\Boot::runCodeIgniter(Object(CodeIgniter\CodeIgniter))
11 FCPATH\index.php(59): CodeIgniter\Boot::bootWeb(Object(Config\Paths))
CRITICAL - 2026-06-22 14:48:38 --> [Caused by] CodeIgniter\Database\Exceptions\DatabaseException: Duplicate entry 'BI-15-66' for key 'uniq_asset_code'
in SYSTEMPATH\Database\MySQLi\Connection.php on line 332.
 1 SYSTEMPATH\Database\BaseConnection.php(729): CodeIgniter\Database\MySQLi\Connection->execute('INSERT INTO `compliance_inventory` (`category_id`, `area_id`, `item_type_id`, `asset_code`, `type_description`, `specific_area`, `pic`, `status`, `qty`, `remark`, `expired_date`, `photo`, `created_at`, `updated_at`) VALUES (\'1\', \'1\', \'55\', \'BI-15-66\', \'\', \'GERBANG 1\', \'\', \'Good\', \'1\', \'\', \'\', NULL, \'2026-06-22 14:48:38\', \'2026-06-22 14:48:38\')')
 2 SYSTEMPATH\Database\BaseConnection.php(646): CodeIgniter\Database\BaseConnection->simpleQuery('INSERT INTO `compliance_inventory` (`category_id`, `area_id`, `item_type_id`, `asset_code`, `type_description`, `specific_area`, `pic`, `status`, `qty`, `remark`, `expired_date`, `photo`, `created_at`, `updated_at`) VALUES (\'1\', \'1\', \'55\', \'BI-15-66\', \'\', \'GERBANG 1\', \'\', \'Good\', \'1\', \'\', \'\', NULL, \'2026-06-22 14:48:38\', \'2026-06-22 14:48:38\')')
 3 SYSTEMPATH\Database\BaseBuilder.php(2345): CodeIgniter\Database\BaseConnection->query('INSERT INTO `compliance_inventory` (`category_id`, `area_id`, `item_type_id`, `asset_code`, `type_description`, `specific_area`, `pic`, `status`, `qty`, `remark`, `expired_date`, `photo`, `created_at`, `updated_at`) VALUES (:category_id:, :area_id:, :item_type_id:, :asset_code:, :type_description:, :specific_area:, :pic:, :status:, :qty:, :remark:, :expired_date:, :photo:, :created_at:, :updated_at:)', [...], false)
 4 SYSTEMPATH\Model.php(394): CodeIgniter\Database\BaseBuilder->insert()
 5 SYSTEMPATH\BaseModel.php(838): CodeIgniter\Model->doInsert([...])
 6 SYSTEMPATH\Model.php(797): CodeIgniter\BaseModel->insert([...], true)
 7 APPPATH\Controllers\ComplianceInventoryController.php(338): CodeIgniter\Model->insert([...])
 8 SYSTEMPATH\CodeIgniter.php(933): App\Controllers\ComplianceInventoryController->store()
 9 SYSTEMPATH\CodeIgniter.php(507): CodeIgniter\CodeIgniter->runController(Object(App\Controllers\ComplianceInventoryController))
10 SYSTEMPATH\CodeIgniter.php(354): CodeIgniter\CodeIgniter->handleRequest(null, Object(Config\Cache), false)
11 SYSTEMPATH\Boot.php(363): CodeIgniter\CodeIgniter->run()
12 SYSTEMPATH\Boot.php(68): CodeIgniter\Boot::runCodeIgniter(Object(CodeIgniter\CodeIgniter))
13 FCPATH\index.php(59): CodeIgniter\Boot::bootWeb(Object(Config\Paths))
CRITICAL - 2026-06-22 14:48:38 --> [Caused by] mysqli_sql_exception: Duplicate entry 'BI-15-66' for key 'uniq_asset_code'
in SYSTEMPATH\Database\MySQLi\Connection.php on line 327.
 1 SYSTEMPATH\Database\MySQLi\Connection.php(327): mysqli->query('INSERT INTO `compliance_inventory` (`category_id`, `area_id`, `item_type_id`, `asset_code`, `type_description`, `specific_area`, `pic`, `status`, `qty`, `remark`, `expired_date`, `photo`, `created_at`, `updated_at`) VALUES (\'1\', \'1\', \'55\', \'BI-15-66\', \'\', \'GERBANG 1\', \'\', \'Good\', \'1\', \'\', \'\', NULL, \'2026-06-22 14:48:38\', \'2026-06-22 14:48:38\')', 0)
 2 SYSTEMPATH\Database\BaseConnection.php(729): CodeIgniter\Database\MySQLi\Connection->execute('INSERT INTO `compliance_inventory` (`category_id`, `area_id`, `item_type_id`, `asset_code`, `type_description`, `specific_area`, `pic`, `status`, `qty`, `remark`, `expired_date`, `photo`, `created_at`, `updated_at`) VALUES (\'1\', \'1\', \'55\', \'BI-15-66\', \'\', \'GERBANG 1\', \'\', \'Good\', \'1\', \'\', \'\', NULL, \'2026-06-22 14:48:38\', \'2026-06-22 14:48:38\')')
 3 SYSTEMPATH\Database\BaseConnection.php(646): CodeIgniter\Database\BaseConnection->simpleQuery('INSERT INTO `compliance_inventory` (`category_id`, `area_id`, `item_type_id`, `asset_code`, `type_description`, `specific_area`, `pic`, `status`, `qty`, `remark`, `expired_date`, `photo`, `created_at`, `updated_at`) VALUES (\'1\', \'1\', \'55\', \'BI-15-66\', \'\', \'GERBANG 1\', \'\', \'Good\', \'1\', \'\', \'\', NULL, \'2026-06-22 14:48:38\', \'2026-06-22 14:48:38\')')
 4 SYSTEMPATH\Database\BaseBuilder.php(2345): CodeIgniter\Database\BaseConnection->query('INSERT INTO `compliance_inventory` (`category_id`, `area_id`, `item_type_id`, `asset_code`, `type_description`, `specific_area`, `pic`, `status`, `qty`, `remark`, `expired_date`, `photo`, `created_at`, `updated_at`) VALUES (:category_id:, :area_id:, :item_type_id:, :asset_code:, :type_description:, :specific_area:, :pic:, :status:, :qty:, :remark:, :expired_date:, :photo:, :created_at:, :updated_at:)', [...], false)
 5 SYSTEMPATH\Model.php(394): CodeIgniter\Database\BaseBuilder->insert()
 6 SYSTEMPATH\BaseModel.php(838): CodeIgniter\Model->doInsert([...])
 7 SYSTEMPATH\Model.php(797): CodeIgniter\BaseModel->insert([...], true)
 8 APPPATH\Controllers\ComplianceInventoryController.php(338): CodeIgniter\Model->insert([...])
 9 SYSTEMPATH\CodeIgniter.php(933): App\Controllers\ComplianceInventoryController->store()
10 SYSTEMPATH\CodeIgniter.php(507): CodeIgniter\CodeIgniter->runController(Object(App\Controllers\ComplianceInventoryController))
11 SYSTEMPATH\CodeIgniter.php(354): CodeIgniter\CodeIgniter->handleRequest(null, Object(Config\Cache), false)
12 SYSTEMPATH\Boot.php(363): CodeIgniter\CodeIgniter->run()
13 SYSTEMPATH\Boot.php(68): CodeIgniter\Boot::runCodeIgniter(Object(CodeIgniter\CodeIgniter))
14 FCPATH\index.php(59): CodeIgniter\Boot::bootWeb(Object(Config\Paths))
ERROR - 2026-06-22 14:50:35 --> mysqli_sql_exception: Duplicate entry 'BI-15-58' for key 'uniq_asset_code' in C:\xampp\htdocs\eams\system\Database\MySQLi\Connection.php:327
Stack trace:
#0 C:\xampp\htdocs\eams\system\Database\MySQLi\Connection.php(327): mysqli->query('INSERT INTO `co...', 0)
#1 C:\xampp\htdocs\eams\system\Database\BaseConnection.php(729): CodeIgniter\Database\MySQLi\Connection->execute('INSERT INTO `co...')
#2 C:\xampp\htdocs\eams\system\Database\BaseConnection.php(646): CodeIgniter\Database\BaseConnection->simpleQuery('INSERT INTO `co...')
#3 C:\xampp\htdocs\eams\system\Database\BaseBuilder.php(2345): CodeIgniter\Database\BaseConnection->query('INSERT INTO `co...', Array, false)
#4 C:\xampp\htdocs\eams\system\Model.php(394): CodeIgniter\Database\BaseBuilder->insert()
#5 C:\xampp\htdocs\eams\system\BaseModel.php(838): CodeIgniter\Model->doInsert(Array)
#6 C:\xampp\htdocs\eams\system\Model.php(797): CodeIgniter\BaseModel->insert(Array, true)
#7 C:\xampp\htdocs\eams\app\Controllers\ComplianceInventoryController.php(338): CodeIgniter\Model->insert(Array)
#8 C:\xampp\htdocs\eams\system\CodeIgniter.php(933): App\Controllers\ComplianceInventoryController->store()
#9 C:\xampp\htdocs\eams\system\CodeIgniter.php(507): CodeIgniter\CodeIgniter->runController(Object(App\Controllers\ComplianceInventoryController))
#10 C:\xampp\htdocs\eams\system\CodeIgniter.php(354): CodeIgniter\CodeIgniter->handleRequest(NULL, Object(Config\Cache), false)
#11 C:\xampp\htdocs\eams\system\Boot.php(363): CodeIgniter\CodeIgniter->run()
#12 C:\xampp\htdocs\eams\system\Boot.php(68): CodeIgniter\Boot::runCodeIgniter(Object(CodeIgniter\CodeIgniter))
#13 C:\xampp\htdocs\eams\public\index.php(59): CodeIgniter\Boot::bootWeb(Object(Config\Paths))
#14 {main}
CRITICAL - 2026-06-22 14:50:35 --> CodeIgniter\Database\Exceptions\DatabaseException: Duplicate entry 'BI-15-58' for key 'uniq_asset_code'
[Method: POST, Route: compliance/inventory/store]
in SYSTEMPATH\Database\BaseConnection.php on line 684.
 1 SYSTEMPATH\Database\BaseBuilder.php(2345): CodeIgniter\Database\BaseConnection->query('INSERT INTO `compliance_inventory` (`category_id`, `area_id`, `item_type_id`, `asset_code`, `type_description`, `specific_area`, `pic`, `status`, `qty`, `remark`, `expired_date`, `photo`, `created_at`, `updated_at`) VALUES (:category_id:, :area_id:, :item_type_id:, :asset_code:, :type_description:, :specific_area:, :pic:, :status:, :qty:, :remark:, :expired_date:, :photo:, :created_at:, :updated_at:)', [...], false)
 2 SYSTEMPATH\Model.php(394): CodeIgniter\Database\BaseBuilder->insert()
 3 SYSTEMPATH\BaseModel.php(838): CodeIgniter\Model->doInsert([...])
 4 SYSTEMPATH\Model.php(797): CodeIgniter\BaseModel->insert([...], true)
 5 APPPATH\Controllers\ComplianceInventoryController.php(338): CodeIgniter\Model->insert([...])
 6 SYSTEMPATH\CodeIgniter.php(933): App\Controllers\ComplianceInventoryController->store()
 7 SYSTEMPATH\CodeIgniter.php(507): CodeIgniter\CodeIgniter->runController(Object(App\Controllers\ComplianceInventoryController))
 8 SYSTEMPATH\CodeIgniter.php(354): CodeIgniter\CodeIgniter->handleRequest(null, Object(Config\Cache), false)
 9 SYSTEMPATH\Boot.php(363): CodeIgniter\CodeIgniter->run()
10 SYSTEMPATH\Boot.php(68): CodeIgniter\Boot::runCodeIgniter(Object(CodeIgniter\CodeIgniter))
11 FCPATH\index.php(59): CodeIgniter\Boot::bootWeb(Object(Config\Paths))
CRITICAL - 2026-06-22 14:50:35 --> [Caused by] CodeIgniter\Database\Exceptions\DatabaseException: Duplicate entry 'BI-15-58' for key 'uniq_asset_code'
in SYSTEMPATH\Database\MySQLi\Connection.php on line 332.
 1 SYSTEMPATH\Database\BaseConnection.php(729): CodeIgniter\Database\MySQLi\Connection->execute('INSERT INTO `compliance_inventory` (`category_id`, `area_id`, `item_type_id`, `asset_code`, `type_description`, `specific_area`, `pic`, `status`, `qty`, `remark`, `expired_date`, `photo`, `created_at`, `updated_at`) VALUES (\'1\', \'1\', \'55\', \'BI-15-58\', \'\', \'GERBANG LOANDING\', \'\', \'Good\', \'1\', \'\', \'\', NULL, \'2026-06-22 14:50:35\', \'2026-06-22 14:50:35\')')
 2 SYSTEMPATH\Database\BaseConnection.php(646): CodeIgniter\Database\BaseConnection->simpleQuery('INSERT INTO `compliance_inventory` (`category_id`, `area_id`, `item_type_id`, `asset_code`, `type_description`, `specific_area`, `pic`, `status`, `qty`, `remark`, `expired_date`, `photo`, `created_at`, `updated_at`) VALUES (\'1\', \'1\', \'55\', \'BI-15-58\', \'\', \'GERBANG LOANDING\', \'\', \'Good\', \'1\', \'\', \'\', NULL, \'2026-06-22 14:50:35\', \'2026-06-22 14:50:35\')')
 3 SYSTEMPATH\Database\BaseBuilder.php(2345): CodeIgniter\Database\BaseConnection->query('INSERT INTO `compliance_inventory` (`category_id`, `area_id`, `item_type_id`, `asset_code`, `type_description`, `specific_area`, `pic`, `status`, `qty`, `remark`, `expired_date`, `photo`, `created_at`, `updated_at`) VALUES (:category_id:, :area_id:, :item_type_id:, :asset_code:, :type_description:, :specific_area:, :pic:, :status:, :qty:, :remark:, :expired_date:, :photo:, :created_at:, :updated_at:)', [...], false)
 4 SYSTEMPATH\Model.php(394): CodeIgniter\Database\BaseBuilder->insert()
 5 SYSTEMPATH\BaseModel.php(838): CodeIgniter\Model->doInsert([...])
 6 SYSTEMPATH\Model.php(797): CodeIgniter\BaseModel->insert([...], true)
 7 APPPATH\Controllers\ComplianceInventoryController.php(338): CodeIgniter\Model->insert([...])
 8 SYSTEMPATH\CodeIgniter.php(933): App\Controllers\ComplianceInventoryController->store()
 9 SYSTEMPATH\CodeIgniter.php(507): CodeIgniter\CodeIgniter->runController(Object(App\Controllers\ComplianceInventoryController))
10 SYSTEMPATH\CodeIgniter.php(354): CodeIgniter\CodeIgniter->handleRequest(null, Object(Config\Cache), false)
11 SYSTEMPATH\Boot.php(363): CodeIgniter\CodeIgniter->run()
12 SYSTEMPATH\Boot.php(68): CodeIgniter\Boot::runCodeIgniter(Object(CodeIgniter\CodeIgniter))
13 FCPATH\index.php(59): CodeIgniter\Boot::bootWeb(Object(Config\Paths))
CRITICAL - 2026-06-22 14:50:35 --> [Caused by] mysqli_sql_exception: Duplicate entry 'BI-15-58' for key 'uniq_asset_code'
in SYSTEMPATH\Database\MySQLi\Connection.php on line 327.
 1 SYSTEMPATH\Database\MySQLi\Connection.php(327): mysqli->query('INSERT INTO `compliance_inventory` (`category_id`, `area_id`, `item_type_id`, `asset_code`, `type_description`, `specific_area`, `pic`, `status`, `qty`, `remark`, `expired_date`, `photo`, `created_at`, `updated_at`) VALUES (\'1\', \'1\', \'55\', \'BI-15-58\', \'\', \'GERBANG LOANDING\', \'\', \'Good\', \'1\', \'\', \'\', NULL, \'2026-06-22 14:50:35\', \'2026-06-22 14:50:35\')', 0)
 2 SYSTEMPATH\Database\BaseConnection.php(729): CodeIgniter\Database\MySQLi\Connection->execute('INSERT INTO `compliance_inventory` (`category_id`, `area_id`, `item_type_id`, `asset_code`, `type_description`, `specific_area`, `pic`, `status`, `qty`, `remark`, `expired_date`, `photo`, `created_at`, `updated_at`) VALUES (\'1\', \'1\', \'55\', \'BI-15-58\', \'\', \'GERBANG LOANDING\', \'\', \'Good\', \'1\', \'\', \'\', NULL, \'2026-06-22 14:50:35\', \'2026-06-22 14:50:35\')')
 3 SYSTEMPATH\Database\BaseConnection.php(646): CodeIgniter\Database\BaseConnection->simpleQuery('INSERT INTO `compliance_inventory` (`category_id`, `area_id`, `item_type_id`, `asset_code`, `type_description`, `specific_area`, `pic`, `status`, `qty`, `remark`, `expired_date`, `photo`, `created_at`, `updated_at`) VALUES (\'1\', \'1\', \'55\', \'BI-15-58\', \'\', \'GERBANG LOANDING\', \'\', \'Good\', \'1\', \'\', \'\', NULL, \'2026-06-22 14:50:35\', \'2026-06-22 14:50:35\')')
 4 SYSTEMPATH\Database\BaseBuilder.php(2345): CodeIgniter\Database\BaseConnection->query('INSERT INTO `compliance_inventory` (`category_id`, `area_id`, `item_type_id`, `asset_code`, `type_description`, `specific_area`, `pic`, `status`, `qty`, `remark`, `expired_date`, `photo`, `created_at`, `updated_at`) VALUES (:category_id:, :area_id:, :item_type_id:, :asset_code:, :type_description:, :specific_area:, :pic:, :status:, :qty:, :remark:, :expired_date:, :photo:, :created_at:, :updated_at:)', [...], false)
 5 SYSTEMPATH\Model.php(394): CodeIgniter\Database\BaseBuilder->insert()
 6 SYSTEMPATH\BaseModel.php(838): CodeIgniter\Model->doInsert([...])
 7 SYSTEMPATH\Model.php(797): CodeIgniter\BaseModel->insert([...], true)
 8 APPPATH\Controllers\ComplianceInventoryController.php(338): CodeIgniter\Model->insert([...])
 9 SYSTEMPATH\CodeIgniter.php(933): App\Controllers\ComplianceInventoryController->store()
10 SYSTEMPATH\CodeIgniter.php(507): CodeIgniter\CodeIgniter->runController(Object(App\Controllers\ComplianceInventoryController))
11 SYSTEMPATH\CodeIgniter.php(354): CodeIgniter\CodeIgniter->handleRequest(null, Object(Config\Cache), false)
12 SYSTEMPATH\Boot.php(363): CodeIgniter\CodeIgniter->run()
13 SYSTEMPATH\Boot.php(68): CodeIgniter\Boot::runCodeIgniter(Object(CodeIgniter\CodeIgniter))
14 FCPATH\index.php(59): CodeIgniter\Boot::bootWeb(Object(Config\Paths))
ERROR - 2026-06-22 14:50:42 --> mysqli_sql_exception: Duplicate entry 'BI-15-59' for key 'uniq_asset_code' in C:\xampp\htdocs\eams\system\Database\MySQLi\Connection.php:327
Stack trace:
#0 C:\xampp\htdocs\eams\system\Database\MySQLi\Connection.php(327): mysqli->query('INSERT INTO `co...', 0)
#1 C:\xampp\htdocs\eams\system\Database\BaseConnection.php(729): CodeIgniter\Database\MySQLi\Connection->execute('INSERT INTO `co...')
#2 C:\xampp\htdocs\eams\system\Database\BaseConnection.php(646): CodeIgniter\Database\BaseConnection->simpleQuery('INSERT INTO `co...')
#3 C:\xampp\htdocs\eams\system\Database\BaseBuilder.php(2345): CodeIgniter\Database\BaseConnection->query('INSERT INTO `co...', Array, false)
#4 C:\xampp\htdocs\eams\system\Model.php(394): CodeIgniter\Database\BaseBuilder->insert()
#5 C:\xampp\htdocs\eams\system\BaseModel.php(838): CodeIgniter\Model->doInsert(Array)
#6 C:\xampp\htdocs\eams\system\Model.php(797): CodeIgniter\BaseModel->insert(Array, true)
#7 C:\xampp\htdocs\eams\app\Controllers\ComplianceInventoryController.php(338): CodeIgniter\Model->insert(Array)
#8 C:\xampp\htdocs\eams\system\CodeIgniter.php(933): App\Controllers\ComplianceInventoryController->store()
#9 C:\xampp\htdocs\eams\system\CodeIgniter.php(507): CodeIgniter\CodeIgniter->runController(Object(App\Controllers\ComplianceInventoryController))
#10 C:\xampp\htdocs\eams\system\CodeIgniter.php(354): CodeIgniter\CodeIgniter->handleRequest(NULL, Object(Config\Cache), false)
#11 C:\xampp\htdocs\eams\system\Boot.php(363): CodeIgniter\CodeIgniter->run()
#12 C:\xampp\htdocs\eams\system\Boot.php(68): CodeIgniter\Boot::runCodeIgniter(Object(CodeIgniter\CodeIgniter))
#13 C:\xampp\htdocs\eams\public\index.php(59): CodeIgniter\Boot::bootWeb(Object(Config\Paths))
#14 {main}
CRITICAL - 2026-06-22 14:50:42 --> CodeIgniter\Database\Exceptions\DatabaseException: Duplicate entry 'BI-15-59' for key 'uniq_asset_code'
[Method: POST, Route: compliance/inventory/store]
in SYSTEMPATH\Database\BaseConnection.php on line 684.
 1 SYSTEMPATH\Database\BaseBuilder.php(2345): CodeIgniter\Database\BaseConnection->query('INSERT INTO `compliance_inventory` (`category_id`, `area_id`, `item_type_id`, `asset_code`, `type_description`, `specific_area`, `pic`, `status`, `qty`, `remark`, `expired_date`, `photo`, `created_at`, `updated_at`) VALUES (:category_id:, :area_id:, :item_type_id:, :asset_code:, :type_description:, :specific_area:, :pic:, :status:, :qty:, :remark:, :expired_date:, :photo:, :created_at:, :updated_at:)', [...], false)
 2 SYSTEMPATH\Model.php(394): CodeIgniter\Database\BaseBuilder->insert()
 3 SYSTEMPATH\BaseModel.php(838): CodeIgniter\Model->doInsert([...])
 4 SYSTEMPATH\Model.php(797): CodeIgniter\BaseModel->insert([...], true)
 5 APPPATH\Controllers\ComplianceInventoryController.php(338): CodeIgniter\Model->insert([...])
 6 SYSTEMPATH\CodeIgniter.php(933): App\Controllers\ComplianceInventoryController->store()
 7 SYSTEMPATH\CodeIgniter.php(507): CodeIgniter\CodeIgniter->runController(Object(App\Controllers\ComplianceInventoryController))
 8 SYSTEMPATH\CodeIgniter.php(354): CodeIgniter\CodeIgniter->handleRequest(null, Object(Config\Cache), false)
 9 SYSTEMPATH\Boot.php(363): CodeIgniter\CodeIgniter->run()
10 SYSTEMPATH\Boot.php(68): CodeIgniter\Boot::runCodeIgniter(Object(CodeIgniter\CodeIgniter))
11 FCPATH\index.php(59): CodeIgniter\Boot::bootWeb(Object(Config\Paths))
CRITICAL - 2026-06-22 14:50:42 --> [Caused by] CodeIgniter\Database\Exceptions\DatabaseException: Duplicate entry 'BI-15-59' for key 'uniq_asset_code'
in SYSTEMPATH\Database\MySQLi\Connection.php on line 332.
 1 SYSTEMPATH\Database\BaseConnection.php(729): CodeIgniter\Database\MySQLi\Connection->execute('INSERT INTO `compliance_inventory` (`category_id`, `area_id`, `item_type_id`, `asset_code`, `type_description`, `specific_area`, `pic`, `status`, `qty`, `remark`, `expired_date`, `photo`, `created_at`, `updated_at`) VALUES (\'1\', \'1\', \'55\', \'BI-15-59\', \'\', \'GERBANG LOANDING\', \'\', \'Good\', \'1\', \'\', \'\', NULL, \'2026-06-22 14:50:42\', \'2026-06-22 14:50:42\')')
 2 SYSTEMPATH\Database\BaseConnection.php(646): CodeIgniter\Database\BaseConnection->simpleQuery('INSERT INTO `compliance_inventory` (`category_id`, `area_id`, `item_type_id`, `asset_code`, `type_description`, `specific_area`, `pic`, `status`, `qty`, `remark`, `expired_date`, `photo`, `created_at`, `updated_at`) VALUES (\'1\', \'1\', \'55\', \'BI-15-59\', \'\', \'GERBANG LOANDING\', \'\', \'Good\', \'1\', \'\', \'\', NULL, \'2026-06-22 14:50:42\', \'2026-06-22 14:50:42\')')
 3 SYSTEMPATH\Database\BaseBuilder.php(2345): CodeIgniter\Database\BaseConnection->query('INSERT INTO `compliance_inventory` (`category_id`, `area_id`, `item_type_id`, `asset_code`, `type_description`, `specific_area`, `pic`, `status`, `qty`, `remark`, `expired_date`, `photo`, `created_at`, `updated_at`) VALUES (:category_id:, :area_id:, :item_type_id:, :asset_code:, :type_description:, :specific_area:, :pic:, :status:, :qty:, :remark:, :expired_date:, :photo:, :created_at:, :updated_at:)', [...], false)
 4 SYSTEMPATH\Model.php(394): CodeIgniter\Database\BaseBuilder->insert()
 5 SYSTEMPATH\BaseModel.php(838): CodeIgniter\Model->doInsert([...])
 6 SYSTEMPATH\Model.php(797): CodeIgniter\BaseModel->insert([...], true)
 7 APPPATH\Controllers\ComplianceInventoryController.php(338): CodeIgniter\Model->insert([...])
 8 SYSTEMPATH\CodeIgniter.php(933): App\Controllers\ComplianceInventoryController->store()
 9 SYSTEMPATH\CodeIgniter.php(507): CodeIgniter\CodeIgniter->runController(Object(App\Controllers\ComplianceInventoryController))
10 SYSTEMPATH\CodeIgniter.php(354): CodeIgniter\CodeIgniter->handleRequest(null, Object(Config\Cache), false)
11 SYSTEMPATH\Boot.php(363): CodeIgniter\CodeIgniter->run()
12 SYSTEMPATH\Boot.php(68): CodeIgniter\Boot::runCodeIgniter(Object(CodeIgniter\CodeIgniter))
13 FCPATH\index.php(59): CodeIgniter\Boot::bootWeb(Object(Config\Paths))
CRITICAL - 2026-06-22 14:50:42 --> [Caused by] mysqli_sql_exception: Duplicate entry 'BI-15-59' for key 'uniq_asset_code'
in SYSTEMPATH\Database\MySQLi\Connection.php on line 327.
 1 SYSTEMPATH\Database\MySQLi\Connection.php(327): mysqli->query('INSERT INTO `compliance_inventory` (`category_id`, `area_id`, `item_type_id`, `asset_code`, `type_description`, `specific_area`, `pic`, `status`, `qty`, `remark`, `expired_date`, `photo`, `created_at`, `updated_at`) VALUES (\'1\', \'1\', \'55\', \'BI-15-59\', \'\', \'GERBANG LOANDING\', \'\', \'Good\', \'1\', \'\', \'\', NULL, \'2026-06-22 14:50:42\', \'2026-06-22 14:50:42\')', 0)
 2 SYSTEMPATH\Database\BaseConnection.php(729): CodeIgniter\Database\MySQLi\Connection->execute('INSERT INTO `compliance_inventory` (`category_id`, `area_id`, `item_type_id`, `asset_code`, `type_description`, `specific_area`, `pic`, `status`, `qty`, `remark`, `expired_date`, `photo`, `created_at`, `updated_at`) VALUES (\'1\', \'1\', \'55\', \'BI-15-59\', \'\', \'GERBANG LOANDING\', \'\', \'Good\', \'1\', \'\', \'\', NULL, \'2026-06-22 14:50:42\', \'2026-06-22 14:50:42\')')
 3 SYSTEMPATH\Database\BaseConnection.php(646): CodeIgniter\Database\BaseConnection->simpleQuery('INSERT INTO `compliance_inventory` (`category_id`, `area_id`, `item_type_id`, `asset_code`, `type_description`, `specific_area`, `pic`, `status`, `qty`, `remark`, `expired_date`, `photo`, `created_at`, `updated_at`) VALUES (\'1\', \'1\', \'55\', \'BI-15-59\', \'\', \'GERBANG LOANDING\', \'\', \'Good\', \'1\', \'\', \'\', NULL, \'2026-06-22 14:50:42\', \'2026-06-22 14:50:42\')')
 4 SYSTEMPATH\Database\BaseBuilder.php(2345): CodeIgniter\Database\BaseConnection->query('INSERT INTO `compliance_inventory` (`category_id`, `area_id`, `item_type_id`, `asset_code`, `type_description`, `specific_area`, `pic`, `status`, `qty`, `remark`, `expired_date`, `photo`, `created_at`, `updated_at`) VALUES (:category_id:, :area_id:, :item_type_id:, :asset_code:, :type_description:, :specific_area:, :pic:, :status:, :qty:, :remark:, :expired_date:, :photo:, :created_at:, :updated_at:)', [...], false)
 5 SYSTEMPATH\Model.php(394): CodeIgniter\Database\BaseBuilder->insert()
 6 SYSTEMPATH\BaseModel.php(838): CodeIgniter\Model->doInsert([...])
 7 SYSTEMPATH\Model.php(797): CodeIgniter\BaseModel->insert([...], true)
 8 APPPATH\Controllers\ComplianceInventoryController.php(338): CodeIgniter\Model->insert([...])
 9 SYSTEMPATH\CodeIgniter.php(933): App\Controllers\ComplianceInventoryController->store()
10 SYSTEMPATH\CodeIgniter.php(507): CodeIgniter\CodeIgniter->runController(Object(App\Controllers\ComplianceInventoryController))
11 SYSTEMPATH\CodeIgniter.php(354): CodeIgniter\CodeIgniter->handleRequest(null, Object(Config\Cache), false)
12 SYSTEMPATH\Boot.php(363): CodeIgniter\CodeIgniter->run()
13 SYSTEMPATH\Boot.php(68): CodeIgniter\Boot::runCodeIgniter(Object(CodeIgniter\CodeIgniter))
14 FCPATH\index.php(59): CodeIgniter\Boot::bootWeb(Object(Config\Paths))
ERROR - 2026-06-22 14:50:53 --> mysqli_sql_exception: Duplicate entry 'BI-15-68' for key 'uniq_asset_code' in C:\xampp\htdocs\eams\system\Database\MySQLi\Connection.php:327
Stack trace:
#0 C:\xampp\htdocs\eams\system\Database\MySQLi\Connection.php(327): mysqli->query('INSERT INTO `co...', 0)
#1 C:\xampp\htdocs\eams\system\Database\BaseConnection.php(729): CodeIgniter\Database\MySQLi\Connection->execute('INSERT INTO `co...')
#2 C:\xampp\htdocs\eams\system\Database\BaseConnection.php(646): CodeIgniter\Database\BaseConnection->simpleQuery('INSERT INTO `co...')
#3 C:\xampp\htdocs\eams\system\Database\BaseBuilder.php(2345): CodeIgniter\Database\BaseConnection->query('INSERT INTO `co...', Array, false)
#4 C:\xampp\htdocs\eams\system\Model.php(394): CodeIgniter\Database\BaseBuilder->insert()
#5 C:\xampp\htdocs\eams\system\BaseModel.php(838): CodeIgniter\Model->doInsert(Array)
#6 C:\xampp\htdocs\eams\system\Model.php(797): CodeIgniter\BaseModel->insert(Array, true)
#7 C:\xampp\htdocs\eams\app\Controllers\ComplianceInventoryController.php(338): CodeIgniter\Model->insert(Array)
#8 C:\xampp\htdocs\eams\system\CodeIgniter.php(933): App\Controllers\ComplianceInventoryController->store()
#9 C:\xampp\htdocs\eams\system\CodeIgniter.php(507): CodeIgniter\CodeIgniter->runController(Object(App\Controllers\ComplianceInventoryController))
#10 C:\xampp\htdocs\eams\system\CodeIgniter.php(354): CodeIgniter\CodeIgniter->handleRequest(NULL, Object(Config\Cache), false)
#11 C:\xampp\htdocs\eams\system\Boot.php(363): CodeIgniter\CodeIgniter->run()
#12 C:\xampp\htdocs\eams\system\Boot.php(68): CodeIgniter\Boot::runCodeIgniter(Object(CodeIgniter\CodeIgniter))
#13 C:\xampp\htdocs\eams\public\index.php(59): CodeIgniter\Boot::bootWeb(Object(Config\Paths))
#14 {main}
CRITICAL - 2026-06-22 14:50:53 --> CodeIgniter\Database\Exceptions\DatabaseException: Duplicate entry 'BI-15-68' for key 'uniq_asset_code'
[Method: POST, Route: compliance/inventory/store]
in SYSTEMPATH\Database\BaseConnection.php on line 684.
 1 SYSTEMPATH\Database\BaseBuilder.php(2345): CodeIgniter\Database\BaseConnection->query('INSERT INTO `compliance_inventory` (`category_id`, `area_id`, `item_type_id`, `asset_code`, `type_description`, `specific_area`, `pic`, `status`, `qty`, `remark`, `expired_date`, `photo`, `created_at`, `updated_at`) VALUES (:category_id:, :area_id:, :item_type_id:, :asset_code:, :type_description:, :specific_area:, :pic:, :status:, :qty:, :remark:, :expired_date:, :photo:, :created_at:, :updated_at:)', [...], false)
 2 SYSTEMPATH\Model.php(394): CodeIgniter\Database\BaseBuilder->insert()
 3 SYSTEMPATH\BaseModel.php(838): CodeIgniter\Model->doInsert([...])
 4 SYSTEMPATH\Model.php(797): CodeIgniter\BaseModel->insert([...], true)
 5 APPPATH\Controllers\ComplianceInventoryController.php(338): CodeIgniter\Model->insert([...])
 6 SYSTEMPATH\CodeIgniter.php(933): App\Controllers\ComplianceInventoryController->store()
 7 SYSTEMPATH\CodeIgniter.php(507): CodeIgniter\CodeIgniter->runController(Object(App\Controllers\ComplianceInventoryController))
 8 SYSTEMPATH\CodeIgniter.php(354): CodeIgniter\CodeIgniter->handleRequest(null, Object(Config\Cache), false)
 9 SYSTEMPATH\Boot.php(363): CodeIgniter\CodeIgniter->run()
10 SYSTEMPATH\Boot.php(68): CodeIgniter\Boot::runCodeIgniter(Object(CodeIgniter\CodeIgniter))
11 FCPATH\index.php(59): CodeIgniter\Boot::bootWeb(Object(Config\Paths))
CRITICAL - 2026-06-22 14:50:53 --> [Caused by] CodeIgniter\Database\Exceptions\DatabaseException: Duplicate entry 'BI-15-68' for key 'uniq_asset_code'
in SYSTEMPATH\Database\MySQLi\Connection.php on line 332.
 1 SYSTEMPATH\Database\BaseConnection.php(729): CodeIgniter\Database\MySQLi\Connection->execute('INSERT INTO `compliance_inventory` (`category_id`, `area_id`, `item_type_id`, `asset_code`, `type_description`, `specific_area`, `pic`, `status`, `qty`, `remark`, `expired_date`, `photo`, `created_at`, `updated_at`) VALUES (\'1\', \'1\', \'55\', \'BI-15-68\', \'\', \'GERBANG LOANDING\', \'\', \'Good\', \'1\', \'\', \'\', NULL, \'2026-06-22 14:50:53\', \'2026-06-22 14:50:53\')')
 2 SYSTEMPATH\Database\BaseConnection.php(646): CodeIgniter\Database\BaseConnection->simpleQuery('INSERT INTO `compliance_inventory` (`category_id`, `area_id`, `item_type_id`, `asset_code`, `type_description`, `specific_area`, `pic`, `status`, `qty`, `remark`, `expired_date`, `photo`, `created_at`, `updated_at`) VALUES (\'1\', \'1\', \'55\', \'BI-15-68\', \'\', \'GERBANG LOANDING\', \'\', \'Good\', \'1\', \'\', \'\', NULL, \'2026-06-22 14:50:53\', \'2026-06-22 14:50:53\')')
 3 SYSTEMPATH\Database\BaseBuilder.php(2345): CodeIgniter\Database\BaseConnection->query('INSERT INTO `compliance_inventory` (`category_id`, `area_id`, `item_type_id`, `asset_code`, `type_description`, `specific_area`, `pic`, `status`, `qty`, `remark`, `expired_date`, `photo`, `created_at`, `updated_at`) VALUES (:category_id:, :area_id:, :item_type_id:, :asset_code:, :type_description:, :specific_area:, :pic:, :status:, :qty:, :remark:, :expired_date:, :photo:, :created_at:, :updated_at:)', [...], false)
 4 SYSTEMPATH\Model.php(394): CodeIgniter\Database\BaseBuilder->insert()
 5 SYSTEMPATH\BaseModel.php(838): CodeIgniter\Model->doInsert([...])
 6 SYSTEMPATH\Model.php(797): CodeIgniter\BaseModel->insert([...], true)
 7 APPPATH\Controllers\ComplianceInventoryController.php(338): CodeIgniter\Model->insert([...])
 8 SYSTEMPATH\CodeIgniter.php(933): App\Controllers\ComplianceInventoryController->store()
 9 SYSTEMPATH\CodeIgniter.php(507): CodeIgniter\CodeIgniter->runController(Object(App\Controllers\ComplianceInventoryController))
10 SYSTEMPATH\CodeIgniter.php(354): CodeIgniter\CodeIgniter->handleRequest(null, Object(Config\Cache), false)
11 SYSTEMPATH\Boot.php(363): CodeIgniter\CodeIgniter->run()
12 SYSTEMPATH\Boot.php(68): CodeIgniter\Boot::runCodeIgniter(Object(CodeIgniter\CodeIgniter))
13 FCPATH\index.php(59): CodeIgniter\Boot::bootWeb(Object(Config\Paths))
CRITICAL - 2026-06-22 14:50:53 --> [Caused by] mysqli_sql_exception: Duplicate entry 'BI-15-68' for key 'uniq_asset_code'
in SYSTEMPATH\Database\MySQLi\Connection.php on line 327.
 1 SYSTEMPATH\Database\MySQLi\Connection.php(327): mysqli->query('INSERT INTO `compliance_inventory` (`category_id`, `area_id`, `item_type_id`, `asset_code`, `type_description`, `specific_area`, `pic`, `status`, `qty`, `remark`, `expired_date`, `photo`, `created_at`, `updated_at`) VALUES (\'1\', \'1\', \'55\', \'BI-15-68\', \'\', \'GERBANG LOANDING\', \'\', \'Good\', \'1\', \'\', \'\', NULL, \'2026-06-22 14:50:53\', \'2026-06-22 14:50:53\')', 0)
 2 SYSTEMPATH\Database\BaseConnection.php(729): CodeIgniter\Database\MySQLi\Connection->execute('INSERT INTO `compliance_inventory` (`category_id`, `area_id`, `item_type_id`, `asset_code`, `type_description`, `specific_area`, `pic`, `status`, `qty`, `remark`, `expired_date`, `photo`, `created_at`, `updated_at`) VALUES (\'1\', \'1\', \'55\', \'BI-15-68\', \'\', \'GERBANG LOANDING\', \'\', \'Good\', \'1\', \'\', \'\', NULL, \'2026-06-22 14:50:53\', \'2026-06-22 14:50:53\')')
 3 SYSTEMPATH\Database\BaseConnection.php(646): CodeIgniter\Database\BaseConnection->simpleQuery('INSERT INTO `compliance_inventory` (`category_id`, `area_id`, `item_type_id`, `asset_code`, `type_description`, `specific_area`, `pic`, `status`, `qty`, `remark`, `expired_date`, `photo`, `created_at`, `updated_at`) VALUES (\'1\', \'1\', \'55\', \'BI-15-68\', \'\', \'GERBANG LOANDING\', \'\', \'Good\', \'1\', \'\', \'\', NULL, \'2026-06-22 14:50:53\', \'2026-06-22 14:50:53\')')
 4 SYSTEMPATH\Database\BaseBuilder.php(2345): CodeIgniter\Database\BaseConnection->query('INSERT INTO `compliance_inventory` (`category_id`, `area_id`, `item_type_id`, `asset_code`, `type_description`, `specific_area`, `pic`, `status`, `qty`, `remark`, `expired_date`, `photo`, `created_at`, `updated_at`) VALUES (:category_id:, :area_id:, :item_type_id:, :asset_code:, :type_description:, :specific_area:, :pic:, :status:, :qty:, :remark:, :expired_date:, :photo:, :created_at:, :updated_at:)', [...], false)
 5 SYSTEMPATH\Model.php(394): CodeIgniter\Database\BaseBuilder->insert()
 6 SYSTEMPATH\BaseModel.php(838): CodeIgniter\Model->doInsert([...])
 7 SYSTEMPATH\Model.php(797): CodeIgniter\BaseModel->insert([...], true)
 8 APPPATH\Controllers\ComplianceInventoryController.php(338): CodeIgniter\Model->insert([...])
 9 SYSTEMPATH\CodeIgniter.php(933): App\Controllers\ComplianceInventoryController->store()
10 SYSTEMPATH\CodeIgniter.php(507): CodeIgniter\CodeIgniter->runController(Object(App\Controllers\ComplianceInventoryController))
11 SYSTEMPATH\CodeIgniter.php(354): CodeIgniter\CodeIgniter->handleRequest(null, Object(Config\Cache), false)
12 SYSTEMPATH\Boot.php(363): CodeIgniter\CodeIgniter->run()
13 SYSTEMPATH\Boot.php(68): CodeIgniter\Boot::runCodeIgniter(Object(CodeIgniter\CodeIgniter))
14 FCPATH\index.php(59): CodeIgniter\Boot::bootWeb(Object(Config\Paths))
