CRITICAL - 2026-04-15 09:15:59 --> ErrorException: filemtime(): stat failed for C:\xampp\htdocs\eams\public\assets/css/fdm-data-collection.css
[Method: GET, Route: fdm-data-collection]
in APPPATH\Views\fdm\index.php on line 100.
 1 [internal function]: CodeIgniter\Debug\Exceptions->errorHandler(2, 'filemtime(): stat failed for C:\\xampp\\htdocs\\eams\\public\\assets/css/fdm-data-collection.css', 'C:\\xampp\\htdocs\\eams\\app\\Views\\fdm\\index.php', 100)
 2 APPPATH\Views\fdm\index.php(100): filemtime('C:\\xampp\\htdocs\\eams\\public\\assets/css/fdm-data-collection.css')
 3 SYSTEMPATH\View\View.php(226): include('C:\\xampp\\htdocs\\eams\\app\\Views\\fdm\\index.php')
 4 SYSTEMPATH\View\View.php(229): CodeIgniter\View\View->CodeIgniter\View\{closure}()
 5 SYSTEMPATH\Common.php(1199): CodeIgniter\View\View->render('fdm/index', [], true)
 6 APPPATH\Controllers\FdmDataCollectionController.php(35): view('fdm/index', [...])
 7 SYSTEMPATH\CodeIgniter.php(933): App\Controllers\FdmDataCollectionController->index()
 8 SYSTEMPATH\CodeIgniter.php(507): CodeIgniter\CodeIgniter->runController(Object(App\Controllers\FdmDataCollectionController))
 9 SYSTEMPATH\CodeIgniter.php(354): CodeIgniter\CodeIgniter->handleRequest(null, Object(Config\Cache), false)
10 SYSTEMPATH\Boot.php(363): CodeIgniter\CodeIgniter->run()
11 SYSTEMPATH\Boot.php(68): CodeIgniter\Boot::runCodeIgniter(Object(CodeIgniter\CodeIgniter))
12 FCPATH\index.php(59): CodeIgniter\Boot::bootWeb(Object(Config\Paths))
CRITICAL - 2026-04-15 09:45:17 --> Error: Call to undefined method App\Controllers\FdmDataCollectionController::isReadOnlyUser()
[Method: POST, Route: fdm-data-collection/production-section/save]
in APPPATH\Controllers\FdmDataCollectionController.php on line 98.
 1 SYSTEMPATH\CodeIgniter.php(933): App\Controllers\FdmDataCollectionController->saveProductionSection()
 2 SYSTEMPATH\CodeIgniter.php(507): CodeIgniter\CodeIgniter->runController(Object(App\Controllers\FdmDataCollectionController))
 3 SYSTEMPATH\CodeIgniter.php(354): CodeIgniter\CodeIgniter->handleRequest(null, Object(Config\Cache), false)
 4 SYSTEMPATH\Boot.php(363): CodeIgniter\CodeIgniter->run()
 5 SYSTEMPATH\Boot.php(68): CodeIgniter\Boot::runCodeIgniter(Object(CodeIgniter\CodeIgniter))
 6 FCPATH\index.php(59): CodeIgniter\Boot::bootWeb(Object(Config\Paths))
CRITICAL - 2026-04-15 09:45:30 --> Error: Call to undefined method App\Controllers\FdmDataCollectionController::isReadOnlyUser()
[Method: POST, Route: fdm-data-collection/production-section/save]
in APPPATH\Controllers\FdmDataCollectionController.php on line 98.
 1 SYSTEMPATH\CodeIgniter.php(933): App\Controllers\FdmDataCollectionController->saveProductionSection()
 2 SYSTEMPATH\CodeIgniter.php(507): CodeIgniter\CodeIgniter->runController(Object(App\Controllers\FdmDataCollectionController))
 3 SYSTEMPATH\CodeIgniter.php(354): CodeIgniter\CodeIgniter->handleRequest(null, Object(Config\Cache), false)
 4 SYSTEMPATH\Boot.php(363): CodeIgniter\CodeIgniter->run()
 5 SYSTEMPATH\Boot.php(68): CodeIgniter\Boot::runCodeIgniter(Object(CodeIgniter\CodeIgniter))
 6 FCPATH\index.php(59): CodeIgniter\Boot::bootWeb(Object(Config\Paths))
CRITICAL - 2026-04-15 09:45:31 --> Error: Call to undefined method App\Controllers\FdmDataCollectionController::isReadOnlyUser()
[Method: POST, Route: fdm-data-collection/production-section/save]
in APPPATH\Controllers\FdmDataCollectionController.php on line 98.
 1 SYSTEMPATH\CodeIgniter.php(933): App\Controllers\FdmDataCollectionController->saveProductionSection()
 2 SYSTEMPATH\CodeIgniter.php(507): CodeIgniter\CodeIgniter->runController(Object(App\Controllers\FdmDataCollectionController))
 3 SYSTEMPATH\CodeIgniter.php(354): CodeIgniter\CodeIgniter->handleRequest(null, Object(Config\Cache), false)
 4 SYSTEMPATH\Boot.php(363): CodeIgniter\CodeIgniter->run()
 5 SYSTEMPATH\Boot.php(68): CodeIgniter\Boot::runCodeIgniter(Object(CodeIgniter\CodeIgniter))
 6 FCPATH\index.php(59): CodeIgniter\Boot::bootWeb(Object(Config\Paths))
CRITICAL - 2026-04-15 09:53:54 --> ErrorException: Undefined array key "item_name"
[Method: GET, Route: compliance/print/item/preview]
in APPPATH\Views\compliance\print\templates\recap_item_yearly.php on line 119.
 1 APPPATH\Views\compliance\print\templates\recap_item_yearly.php(119): CodeIgniter\Debug\Exceptions->errorHandler(2, 'Undefined array key "item_name"', 'C:\\xampp\\htdocs\\eams\\app\\Views\\compliance\\print\\templates\\recap_item_yearly.php', 119)
 2 SYSTEMPATH\View\View.php(226): include('C:\\xampp\\htdocs\\eams\\app\\Views\\compliance\\print\\templates\\recap_item_yearly.php')
 3 SYSTEMPATH\View\View.php(229): CodeIgniter\View\View->CodeIgniter\View\{closure}()
 4 SYSTEMPATH\Common.php(1199): CodeIgniter\View\View->render('compliance/print/templates/recap_item_yearly', [], true)
 5 APPPATH\Views\compliance\print\preview.php(55): view('compliance/print/templates/recap_item_yearly', [...])
 6 SYSTEMPATH\View\View.php(226): include('C:\\xampp\\htdocs\\eams\\app\\Views\\compliance\\print\\preview.php')
 7 SYSTEMPATH\View\View.php(229): CodeIgniter\View\View->CodeIgniter\View\{closure}()
 8 SYSTEMPATH\Common.php(1199): CodeIgniter\View\View->render('compliance/print/preview', [], true)
 9 APPPATH\Controllers\CompliancePrintController.php(66): view('compliance/print/preview', [...])
10 SYSTEMPATH\CodeIgniter.php(933): App\Controllers\CompliancePrintController->itemPreview()
11 SYSTEMPATH\CodeIgniter.php(507): CodeIgniter\CodeIgniter->runController(Object(App\Controllers\CompliancePrintController))
12 SYSTEMPATH\CodeIgniter.php(354): CodeIgniter\CodeIgniter->handleRequest(null, Object(Config\Cache), false)
13 SYSTEMPATH\Boot.php(363): CodeIgniter\CodeIgniter->run()
14 SYSTEMPATH\Boot.php(68): CodeIgniter\Boot::runCodeIgniter(Object(CodeIgniter\CodeIgniter))
15 FCPATH\index.php(59): CodeIgniter\Boot::bootWeb(Object(Config\Paths))
