ERROR - 2026-04-01 10:00:23 --> mysqli_sql_exception: Duplicate entry 'YHS15120' for key 'employee_id' in C:\xampp\htdocs\eams\system\Database\MySQLi\Connection.php:327
Stack trace:
#0 C:\xampp\htdocs\eams\system\Database\MySQLi\Connection.php(327): mysqli->query('INSERT INTO `em...', 0)
#1 C:\xampp\htdocs\eams\system\Database\BaseConnection.php(729): CodeIgniter\Database\MySQLi\Connection->execute('INSERT INTO `em...')
#2 C:\xampp\htdocs\eams\system\Database\BaseConnection.php(646): CodeIgniter\Database\BaseConnection->simpleQuery('INSERT INTO `em...')
#3 C:\xampp\htdocs\eams\system\Database\BaseBuilder.php(2345): CodeIgniter\Database\BaseConnection->query('INSERT INTO `em...', Array, false)
#4 C:\xampp\htdocs\eams\app\Controllers\EmployeeController.php(46): CodeIgniter\Database\BaseBuilder->insert(Array)
#5 C:\xampp\htdocs\eams\system\CodeIgniter.php(933): App\Controllers\EmployeeController->store()
#6 C:\xampp\htdocs\eams\system\CodeIgniter.php(507): CodeIgniter\CodeIgniter->runController(Object(App\Controllers\EmployeeController))
#7 C:\xampp\htdocs\eams\system\CodeIgniter.php(354): CodeIgniter\CodeIgniter->handleRequest(NULL, Object(Config\Cache), false)
#8 C:\xampp\htdocs\eams\system\Boot.php(363): CodeIgniter\CodeIgniter->run()
#9 C:\xampp\htdocs\eams\system\Boot.php(68): CodeIgniter\Boot::runCodeIgniter(Object(CodeIgniter\CodeIgniter))
#10 C:\xampp\htdocs\eams\public\index.php(59): CodeIgniter\Boot::bootWeb(Object(Config\Paths))
#11 {main}
CRITICAL - 2026-04-01 10:00:23 --> CodeIgniter\Database\Exceptions\DatabaseException: Duplicate entry 'YHS15120' for key 'employee_id'
[Method: POST, Route: employees/store]
in SYSTEMPATH\Database\BaseConnection.php on line 684.
 1 SYSTEMPATH\Database\BaseBuilder.php(2345): CodeIgniter\Database\BaseConnection->query('INSERT INTO `employees` (`employee_id`, `name`, `division`, `position`, `photo`, `status`) VALUES (:employee_id:, :name:, :division:, :position:, :photo:, :status:)', [...], false)
 2 APPPATH\Controllers\EmployeeController.php(46): CodeIgniter\Database\BaseBuilder->insert([...])
 3 SYSTEMPATH\CodeIgniter.php(933): App\Controllers\EmployeeController->store()
 4 SYSTEMPATH\CodeIgniter.php(507): CodeIgniter\CodeIgniter->runController(Object(App\Controllers\EmployeeController))
 5 SYSTEMPATH\CodeIgniter.php(354): CodeIgniter\CodeIgniter->handleRequest(null, Object(Config\Cache), false)
 6 SYSTEMPATH\Boot.php(363): CodeIgniter\CodeIgniter->run()
 7 SYSTEMPATH\Boot.php(68): CodeIgniter\Boot::runCodeIgniter(Object(CodeIgniter\CodeIgniter))
 8 FCPATH\index.php(59): CodeIgniter\Boot::bootWeb(Object(Config\Paths))
CRITICAL - 2026-04-01 10:00:23 --> [Caused by] CodeIgniter\Database\Exceptions\DatabaseException: Duplicate entry 'YHS15120' for key 'employee_id'
in SYSTEMPATH\Database\MySQLi\Connection.php on line 332.
 1 SYSTEMPATH\Database\BaseConnection.php(729): CodeIgniter\Database\MySQLi\Connection->execute('INSERT INTO `employees` (`employee_id`, `name`, `division`, `position`, `photo`, `status`) VALUES (\'YHS15120\', \'Yayuk Aryanti\', \'Accounting\', \'Chief\', NULL, \'active\')')
 2 SYSTEMPATH\Database\BaseConnection.php(646): CodeIgniter\Database\BaseConnection->simpleQuery('INSERT INTO `employees` (`employee_id`, `name`, `division`, `position`, `photo`, `status`) VALUES (\'YHS15120\', \'Yayuk Aryanti\', \'Accounting\', \'Chief\', NULL, \'active\')')
 3 SYSTEMPATH\Database\BaseBuilder.php(2345): CodeIgniter\Database\BaseConnection->query('INSERT INTO `employees` (`employee_id`, `name`, `division`, `position`, `photo`, `status`) VALUES (:employee_id:, :name:, :division:, :position:, :photo:, :status:)', [...], false)
 4 APPPATH\Controllers\EmployeeController.php(46): CodeIgniter\Database\BaseBuilder->insert([...])
 5 SYSTEMPATH\CodeIgniter.php(933): App\Controllers\EmployeeController->store()
 6 SYSTEMPATH\CodeIgniter.php(507): CodeIgniter\CodeIgniter->runController(Object(App\Controllers\EmployeeController))
 7 SYSTEMPATH\CodeIgniter.php(354): CodeIgniter\CodeIgniter->handleRequest(null, Object(Config\Cache), false)
 8 SYSTEMPATH\Boot.php(363): CodeIgniter\CodeIgniter->run()
 9 SYSTEMPATH\Boot.php(68): CodeIgniter\Boot::runCodeIgniter(Object(CodeIgniter\CodeIgniter))
10 FCPATH\index.php(59): CodeIgniter\Boot::bootWeb(Object(Config\Paths))
CRITICAL - 2026-04-01 10:00:23 --> [Caused by] mysqli_sql_exception: Duplicate entry 'YHS15120' for key 'employee_id'
in SYSTEMPATH\Database\MySQLi\Connection.php on line 327.
 1 SYSTEMPATH\Database\MySQLi\Connection.php(327): mysqli->query('INSERT INTO `employees` (`employee_id`, `name`, `division`, `position`, `photo`, `status`) VALUES (\'YHS15120\', \'Yayuk Aryanti\', \'Accounting\', \'Chief\', NULL, \'active\')', 0)
 2 SYSTEMPATH\Database\BaseConnection.php(729): CodeIgniter\Database\MySQLi\Connection->execute('INSERT INTO `employees` (`employee_id`, `name`, `division`, `position`, `photo`, `status`) VALUES (\'YHS15120\', \'Yayuk Aryanti\', \'Accounting\', \'Chief\', NULL, \'active\')')
 3 SYSTEMPATH\Database\BaseConnection.php(646): CodeIgniter\Database\BaseConnection->simpleQuery('INSERT INTO `employees` (`employee_id`, `name`, `division`, `position`, `photo`, `status`) VALUES (\'YHS15120\', \'Yayuk Aryanti\', \'Accounting\', \'Chief\', NULL, \'active\')')
 4 SYSTEMPATH\Database\BaseBuilder.php(2345): CodeIgniter\Database\BaseConnection->query('INSERT INTO `employees` (`employee_id`, `name`, `division`, `position`, `photo`, `status`) VALUES (:employee_id:, :name:, :division:, :position:, :photo:, :status:)', [...], false)
 5 APPPATH\Controllers\EmployeeController.php(46): CodeIgniter\Database\BaseBuilder->insert([...])
 6 SYSTEMPATH\CodeIgniter.php(933): App\Controllers\EmployeeController->store()
 7 SYSTEMPATH\CodeIgniter.php(507): CodeIgniter\CodeIgniter->runController(Object(App\Controllers\EmployeeController))
 8 SYSTEMPATH\CodeIgniter.php(354): CodeIgniter\CodeIgniter->handleRequest(null, Object(Config\Cache), false)
 9 SYSTEMPATH\Boot.php(363): CodeIgniter\CodeIgniter->run()
10 SYSTEMPATH\Boot.php(68): CodeIgniter\Boot::runCodeIgniter(Object(CodeIgniter\CodeIgniter))
11 FCPATH\index.php(59): CodeIgniter\Boot::bootWeb(Object(Config\Paths))
ERROR - 2026-04-01 10:00:29 --> mysqli_sql_exception: Duplicate entry 'YHS15120' for key 'employee_id' in C:\xampp\htdocs\eams\system\Database\MySQLi\Connection.php:327
Stack trace:
#0 C:\xampp\htdocs\eams\system\Database\MySQLi\Connection.php(327): mysqli->query('INSERT INTO `em...', 0)
#1 C:\xampp\htdocs\eams\system\Database\BaseConnection.php(729): CodeIgniter\Database\MySQLi\Connection->execute('INSERT INTO `em...')
#2 C:\xampp\htdocs\eams\system\Database\BaseConnection.php(646): CodeIgniter\Database\BaseConnection->simpleQuery('INSERT INTO `em...')
#3 C:\xampp\htdocs\eams\system\Database\BaseBuilder.php(2345): CodeIgniter\Database\BaseConnection->query('INSERT INTO `em...', Array, false)
#4 C:\xampp\htdocs\eams\app\Controllers\EmployeeController.php(46): CodeIgniter\Database\BaseBuilder->insert(Array)
#5 C:\xampp\htdocs\eams\system\CodeIgniter.php(933): App\Controllers\EmployeeController->store()
#6 C:\xampp\htdocs\eams\system\CodeIgniter.php(507): CodeIgniter\CodeIgniter->runController(Object(App\Controllers\EmployeeController))
#7 C:\xampp\htdocs\eams\system\CodeIgniter.php(354): CodeIgniter\CodeIgniter->handleRequest(NULL, Object(Config\Cache), false)
#8 C:\xampp\htdocs\eams\system\Boot.php(363): CodeIgniter\CodeIgniter->run()
#9 C:\xampp\htdocs\eams\system\Boot.php(68): CodeIgniter\Boot::runCodeIgniter(Object(CodeIgniter\CodeIgniter))
#10 C:\xampp\htdocs\eams\public\index.php(59): CodeIgniter\Boot::bootWeb(Object(Config\Paths))
#11 {main}
CRITICAL - 2026-04-01 10:00:29 --> CodeIgniter\Database\Exceptions\DatabaseException: Duplicate entry 'YHS15120' for key 'employee_id'
[Method: POST, Route: employees/store]
in SYSTEMPATH\Database\BaseConnection.php on line 684.
 1 SYSTEMPATH\Database\BaseBuilder.php(2345): CodeIgniter\Database\BaseConnection->query('INSERT INTO `employees` (`employee_id`, `name`, `division`, `position`, `photo`, `status`) VALUES (:employee_id:, :name:, :division:, :position:, :photo:, :status:)', [...], false)
 2 APPPATH\Controllers\EmployeeController.php(46): CodeIgniter\Database\BaseBuilder->insert([...])
 3 SYSTEMPATH\CodeIgniter.php(933): App\Controllers\EmployeeController->store()
 4 SYSTEMPATH\CodeIgniter.php(507): CodeIgniter\CodeIgniter->runController(Object(App\Controllers\EmployeeController))
 5 SYSTEMPATH\CodeIgniter.php(354): CodeIgniter\CodeIgniter->handleRequest(null, Object(Config\Cache), false)
 6 SYSTEMPATH\Boot.php(363): CodeIgniter\CodeIgniter->run()
 7 SYSTEMPATH\Boot.php(68): CodeIgniter\Boot::runCodeIgniter(Object(CodeIgniter\CodeIgniter))
 8 FCPATH\index.php(59): CodeIgniter\Boot::bootWeb(Object(Config\Paths))
CRITICAL - 2026-04-01 10:00:29 --> [Caused by] CodeIgniter\Database\Exceptions\DatabaseException: Duplicate entry 'YHS15120' for key 'employee_id'
in SYSTEMPATH\Database\MySQLi\Connection.php on line 332.
 1 SYSTEMPATH\Database\BaseConnection.php(729): CodeIgniter\Database\MySQLi\Connection->execute('INSERT INTO `employees` (`employee_id`, `name`, `division`, `position`, `photo`, `status`) VALUES (\'YHS15120\', \'Yayuk Aryanti\', \'Accounting\', \'Chief\', NULL, \'active\')')
 2 SYSTEMPATH\Database\BaseConnection.php(646): CodeIgniter\Database\BaseConnection->simpleQuery('INSERT INTO `employees` (`employee_id`, `name`, `division`, `position`, `photo`, `status`) VALUES (\'YHS15120\', \'Yayuk Aryanti\', \'Accounting\', \'Chief\', NULL, \'active\')')
 3 SYSTEMPATH\Database\BaseBuilder.php(2345): CodeIgniter\Database\BaseConnection->query('INSERT INTO `employees` (`employee_id`, `name`, `division`, `position`, `photo`, `status`) VALUES (:employee_id:, :name:, :division:, :position:, :photo:, :status:)', [...], false)
 4 APPPATH\Controllers\EmployeeController.php(46): CodeIgniter\Database\BaseBuilder->insert([...])
 5 SYSTEMPATH\CodeIgniter.php(933): App\Controllers\EmployeeController->store()
 6 SYSTEMPATH\CodeIgniter.php(507): CodeIgniter\CodeIgniter->runController(Object(App\Controllers\EmployeeController))
 7 SYSTEMPATH\CodeIgniter.php(354): CodeIgniter\CodeIgniter->handleRequest(null, Object(Config\Cache), false)
 8 SYSTEMPATH\Boot.php(363): CodeIgniter\CodeIgniter->run()
 9 SYSTEMPATH\Boot.php(68): CodeIgniter\Boot::runCodeIgniter(Object(CodeIgniter\CodeIgniter))
10 FCPATH\index.php(59): CodeIgniter\Boot::bootWeb(Object(Config\Paths))
CRITICAL - 2026-04-01 10:00:29 --> [Caused by] mysqli_sql_exception: Duplicate entry 'YHS15120' for key 'employee_id'
in SYSTEMPATH\Database\MySQLi\Connection.php on line 327.
 1 SYSTEMPATH\Database\MySQLi\Connection.php(327): mysqli->query('INSERT INTO `employees` (`employee_id`, `name`, `division`, `position`, `photo`, `status`) VALUES (\'YHS15120\', \'Yayuk Aryanti\', \'Accounting\', \'Chief\', NULL, \'active\')', 0)
 2 SYSTEMPATH\Database\BaseConnection.php(729): CodeIgniter\Database\MySQLi\Connection->execute('INSERT INTO `employees` (`employee_id`, `name`, `division`, `position`, `photo`, `status`) VALUES (\'YHS15120\', \'Yayuk Aryanti\', \'Accounting\', \'Chief\', NULL, \'active\')')
 3 SYSTEMPATH\Database\BaseConnection.php(646): CodeIgniter\Database\BaseConnection->simpleQuery('INSERT INTO `employees` (`employee_id`, `name`, `division`, `position`, `photo`, `status`) VALUES (\'YHS15120\', \'Yayuk Aryanti\', \'Accounting\', \'Chief\', NULL, \'active\')')
 4 SYSTEMPATH\Database\BaseBuilder.php(2345): CodeIgniter\Database\BaseConnection->query('INSERT INTO `employees` (`employee_id`, `name`, `division`, `position`, `photo`, `status`) VALUES (:employee_id:, :name:, :division:, :position:, :photo:, :status:)', [...], false)
 5 APPPATH\Controllers\EmployeeController.php(46): CodeIgniter\Database\BaseBuilder->insert([...])
 6 SYSTEMPATH\CodeIgniter.php(933): App\Controllers\EmployeeController->store()
 7 SYSTEMPATH\CodeIgniter.php(507): CodeIgniter\CodeIgniter->runController(Object(App\Controllers\EmployeeController))
 8 SYSTEMPATH\CodeIgniter.php(354): CodeIgniter\CodeIgniter->handleRequest(null, Object(Config\Cache), false)
 9 SYSTEMPATH\Boot.php(363): CodeIgniter\CodeIgniter->run()
10 SYSTEMPATH\Boot.php(68): CodeIgniter\Boot::runCodeIgniter(Object(CodeIgniter\CodeIgniter))
11 FCPATH\index.php(59): CodeIgniter\Boot::bootWeb(Object(Config\Paths))
ERROR - 2026-04-01 10:00:33 --> mysqli_sql_exception: Duplicate entry 'YHS15120' for key 'employee_id' in C:\xampp\htdocs\eams\system\Database\MySQLi\Connection.php:327
Stack trace:
#0 C:\xampp\htdocs\eams\system\Database\MySQLi\Connection.php(327): mysqli->query('INSERT INTO `em...', 0)
#1 C:\xampp\htdocs\eams\system\Database\BaseConnection.php(729): CodeIgniter\Database\MySQLi\Connection->execute('INSERT INTO `em...')
#2 C:\xampp\htdocs\eams\system\Database\BaseConnection.php(646): CodeIgniter\Database\BaseConnection->simpleQuery('INSERT INTO `em...')
#3 C:\xampp\htdocs\eams\system\Database\BaseBuilder.php(2345): CodeIgniter\Database\BaseConnection->query('INSERT INTO `em...', Array, false)
#4 C:\xampp\htdocs\eams\app\Controllers\EmployeeController.php(46): CodeIgniter\Database\BaseBuilder->insert(Array)
#5 C:\xampp\htdocs\eams\system\CodeIgniter.php(933): App\Controllers\EmployeeController->store()
#6 C:\xampp\htdocs\eams\system\CodeIgniter.php(507): CodeIgniter\CodeIgniter->runController(Object(App\Controllers\EmployeeController))
#7 C:\xampp\htdocs\eams\system\CodeIgniter.php(354): CodeIgniter\CodeIgniter->handleRequest(NULL, Object(Config\Cache), false)
#8 C:\xampp\htdocs\eams\system\Boot.php(363): CodeIgniter\CodeIgniter->run()
#9 C:\xampp\htdocs\eams\system\Boot.php(68): CodeIgniter\Boot::runCodeIgniter(Object(CodeIgniter\CodeIgniter))
#10 C:\xampp\htdocs\eams\public\index.php(59): CodeIgniter\Boot::bootWeb(Object(Config\Paths))
#11 {main}
CRITICAL - 2026-04-01 10:00:33 --> CodeIgniter\Database\Exceptions\DatabaseException: Duplicate entry 'YHS15120' for key 'employee_id'
[Method: POST, Route: employees/store]
in SYSTEMPATH\Database\BaseConnection.php on line 684.
 1 SYSTEMPATH\Database\BaseBuilder.php(2345): CodeIgniter\Database\BaseConnection->query('INSERT INTO `employees` (`employee_id`, `name`, `division`, `position`, `photo`, `status`) VALUES (:employee_id:, :name:, :division:, :position:, :photo:, :status:)', [...], false)
 2 APPPATH\Controllers\EmployeeController.php(46): CodeIgniter\Database\BaseBuilder->insert([...])
 3 SYSTEMPATH\CodeIgniter.php(933): App\Controllers\EmployeeController->store()
 4 SYSTEMPATH\CodeIgniter.php(507): CodeIgniter\CodeIgniter->runController(Object(App\Controllers\EmployeeController))
 5 SYSTEMPATH\CodeIgniter.php(354): CodeIgniter\CodeIgniter->handleRequest(null, Object(Config\Cache), false)
 6 SYSTEMPATH\Boot.php(363): CodeIgniter\CodeIgniter->run()
 7 SYSTEMPATH\Boot.php(68): CodeIgniter\Boot::runCodeIgniter(Object(CodeIgniter\CodeIgniter))
 8 FCPATH\index.php(59): CodeIgniter\Boot::bootWeb(Object(Config\Paths))
CRITICAL - 2026-04-01 10:00:33 --> [Caused by] CodeIgniter\Database\Exceptions\DatabaseException: Duplicate entry 'YHS15120' for key 'employee_id'
in SYSTEMPATH\Database\MySQLi\Connection.php on line 332.
 1 SYSTEMPATH\Database\BaseConnection.php(729): CodeIgniter\Database\MySQLi\Connection->execute('INSERT INTO `employees` (`employee_id`, `name`, `division`, `position`, `photo`, `status`) VALUES (\'YHS15120\', \'Yayuk Aryanti\', \'Accounting\', \'Chief\', NULL, \'active\')')
 2 SYSTEMPATH\Database\BaseConnection.php(646): CodeIgniter\Database\BaseConnection->simpleQuery('INSERT INTO `employees` (`employee_id`, `name`, `division`, `position`, `photo`, `status`) VALUES (\'YHS15120\', \'Yayuk Aryanti\', \'Accounting\', \'Chief\', NULL, \'active\')')
 3 SYSTEMPATH\Database\BaseBuilder.php(2345): CodeIgniter\Database\BaseConnection->query('INSERT INTO `employees` (`employee_id`, `name`, `division`, `position`, `photo`, `status`) VALUES (:employee_id:, :name:, :division:, :position:, :photo:, :status:)', [...], false)
 4 APPPATH\Controllers\EmployeeController.php(46): CodeIgniter\Database\BaseBuilder->insert([...])
 5 SYSTEMPATH\CodeIgniter.php(933): App\Controllers\EmployeeController->store()
 6 SYSTEMPATH\CodeIgniter.php(507): CodeIgniter\CodeIgniter->runController(Object(App\Controllers\EmployeeController))
 7 SYSTEMPATH\CodeIgniter.php(354): CodeIgniter\CodeIgniter->handleRequest(null, Object(Config\Cache), false)
 8 SYSTEMPATH\Boot.php(363): CodeIgniter\CodeIgniter->run()
 9 SYSTEMPATH\Boot.php(68): CodeIgniter\Boot::runCodeIgniter(Object(CodeIgniter\CodeIgniter))
10 FCPATH\index.php(59): CodeIgniter\Boot::bootWeb(Object(Config\Paths))
CRITICAL - 2026-04-01 10:00:33 --> [Caused by] mysqli_sql_exception: Duplicate entry 'YHS15120' for key 'employee_id'
in SYSTEMPATH\Database\MySQLi\Connection.php on line 327.
 1 SYSTEMPATH\Database\MySQLi\Connection.php(327): mysqli->query('INSERT INTO `employees` (`employee_id`, `name`, `division`, `position`, `photo`, `status`) VALUES (\'YHS15120\', \'Yayuk Aryanti\', \'Accounting\', \'Chief\', NULL, \'active\')', 0)
 2 SYSTEMPATH\Database\BaseConnection.php(729): CodeIgniter\Database\MySQLi\Connection->execute('INSERT INTO `employees` (`employee_id`, `name`, `division`, `position`, `photo`, `status`) VALUES (\'YHS15120\', \'Yayuk Aryanti\', \'Accounting\', \'Chief\', NULL, \'active\')')
 3 SYSTEMPATH\Database\BaseConnection.php(646): CodeIgniter\Database\BaseConnection->simpleQuery('INSERT INTO `employees` (`employee_id`, `name`, `division`, `position`, `photo`, `status`) VALUES (\'YHS15120\', \'Yayuk Aryanti\', \'Accounting\', \'Chief\', NULL, \'active\')')
 4 SYSTEMPATH\Database\BaseBuilder.php(2345): CodeIgniter\Database\BaseConnection->query('INSERT INTO `employees` (`employee_id`, `name`, `division`, `position`, `photo`, `status`) VALUES (:employee_id:, :name:, :division:, :position:, :photo:, :status:)', [...], false)
 5 APPPATH\Controllers\EmployeeController.php(46): CodeIgniter\Database\BaseBuilder->insert([...])
 6 SYSTEMPATH\CodeIgniter.php(933): App\Controllers\EmployeeController->store()
 7 SYSTEMPATH\CodeIgniter.php(507): CodeIgniter\CodeIgniter->runController(Object(App\Controllers\EmployeeController))
 8 SYSTEMPATH\CodeIgniter.php(354): CodeIgniter\CodeIgniter->handleRequest(null, Object(Config\Cache), false)
 9 SYSTEMPATH\Boot.php(363): CodeIgniter\CodeIgniter->run()
10 SYSTEMPATH\Boot.php(68): CodeIgniter\Boot::runCodeIgniter(Object(CodeIgniter\CodeIgniter))
11 FCPATH\index.php(59): CodeIgniter\Boot::bootWeb(Object(Config\Paths))
