ERROR - 2026-02-21 00:06:19 --> mysqli_sql_exception: Duplicate entry 'FS-HD-002' for key 'uniq_asset_code' in C:\xampp\htdocs\eams\system\Database\MySQLi\Connection.php:327
Stack trace:
#0 C:\xampp\htdocs\eams\system\Database\MySQLi\Connection.php(327): mysqli->query('UPDATE `complia...', 0)
#1 C:\xampp\htdocs\eams\system\Database\BaseConnection.php(729): CodeIgniter\Database\MySQLi\Connection->execute('UPDATE `complia...')
#2 C:\xampp\htdocs\eams\system\Database\BaseConnection.php(646): CodeIgniter\Database\BaseConnection->simpleQuery('UPDATE `complia...')
#3 C:\xampp\htdocs\eams\system\Database\BaseBuilder.php(2521): CodeIgniter\Database\BaseConnection->query('UPDATE `complia...', Array, false)
#4 C:\xampp\htdocs\eams\system\Model.php(461): CodeIgniter\Database\BaseBuilder->update()
#5 C:\xampp\htdocs\eams\system\BaseModel.php(1010): CodeIgniter\Model->doUpdate(Array, Array)
#6 C:\xampp\htdocs\eams\system\Model.php(860): CodeIgniter\BaseModel->update(Array, Array)
#7 C:\xampp\htdocs\eams\app\Controllers\ComplianceInventoryController.php(145): CodeIgniter\Model->update('455', Array)
#8 C:\xampp\htdocs\eams\system\CodeIgniter.php(933): App\Controllers\ComplianceInventoryController->update('455')
#9 C:\xampp\htdocs\eams\system\CodeIgniter.php(507): CodeIgniter\CodeIgniter->runController(Object(App\Controllers\ComplianceInventoryController))
#10 C:\xampp\htdocs\eams\system\CodeIgniter.php(354): CodeIgniter\CodeIgniter->handleRequest(NULL, Object(Config\Cache), false)
#11 C:\xampp\htdocs\eams\system\Boot.php(363): CodeIgniter\CodeIgniter->run()
#12 C:\xampp\htdocs\eams\system\Boot.php(68): CodeIgniter\Boot::runCodeIgniter(Object(CodeIgniter\CodeIgniter))
#13 C:\xampp\htdocs\eams\public\index.php(59): CodeIgniter\Boot::bootWeb(Object(Config\Paths))
#14 C:\xampp\htdocs\eams\system\rewrite.php(44): require_once('C:\\xampp\\htdocs...')
#15 {main}
CRITICAL - 2026-02-21 00:06:19 --> CodeIgniter\Database\Exceptions\DatabaseException: Duplicate entry 'FS-HD-002' for key 'uniq_asset_code'
[Method: POST, Route: compliance/inventory/update/455]
in SYSTEMPATH\Database\BaseConnection.php on line 684.
 1 SYSTEMPATH\Database\BaseBuilder.php(2521): CodeIgniter\Database\BaseConnection->query('UPDATE `compliance_inventory` SET `category_id` = :category_id:, `area_id` = :area_id:, `item_type_id` = :item_type_id:, `asset_code` = :asset_code:, `type_description` = :type_description:, `specific_area` = :specific_area:, `pic` = :pic:, `status` = :status:, `qty` = :qty:, `remark` = :remark:, `expired_date` = :expired_date:, `updated_at` = :updated_at:
WHERE `compliance_inventory`.`id` IN :compliance_inventory.id:', [...], false)
 2 SYSTEMPATH\Model.php(461): CodeIgniter\Database\BaseBuilder->update()
 3 SYSTEMPATH\BaseModel.php(1010): CodeIgniter\Model->doUpdate([...], [...])
 4 SYSTEMPATH\Model.php(860): CodeIgniter\BaseModel->update([...], [...])
 5 APPPATH\Controllers\ComplianceInventoryController.php(145): CodeIgniter\Model->update('455', [...])
 6 SYSTEMPATH\CodeIgniter.php(933): App\Controllers\ComplianceInventoryController->update('455')
 7 SYSTEMPATH\CodeIgniter.php(507): CodeIgniter\CodeIgniter->runController(Object(App\Controllers\ComplianceInventoryController))
 8 SYSTEMPATH\CodeIgniter.php(354): CodeIgniter\CodeIgniter->handleRequest(null, Object(Config\Cache), false)
 9 SYSTEMPATH\Boot.php(363): CodeIgniter\CodeIgniter->run()
10 SYSTEMPATH\Boot.php(68): CodeIgniter\Boot::runCodeIgniter(Object(CodeIgniter\CodeIgniter))
11 FCPATH\index.php(59): CodeIgniter\Boot::bootWeb(Object(Config\Paths))
12 SYSTEMPATH\rewrite.php(44): require_once('C:\\xampp\\htdocs\\eams\\public\\index.php')
CRITICAL - 2026-02-21 00:06:19 --> [Caused by] CodeIgniter\Database\Exceptions\DatabaseException: Duplicate entry 'FS-HD-002' for key 'uniq_asset_code'
in SYSTEMPATH\Database\MySQLi\Connection.php on line 332.
 1 SYSTEMPATH\Database\BaseConnection.php(729): CodeIgniter\Database\MySQLi\Connection->execute('UPDATE `compliance_inventory` SET `category_id` = \'3\', `area_id` = \'12\', `item_type_id` = \'6\', `asset_code` = \'FS-HD-002\', `type_description` = \'\', `specific_area` = \'Office 1\', `pic` = \'\', `status` = \'Good\', `qty` = \'\', `remark` = \'\', `expired_date` = \'\', `updated_at` = \'2026-02-21 00:06:19\'
WHERE `compliance_inventory`.`id` IN (\'455\')')
 2 SYSTEMPATH\Database\BaseConnection.php(646): CodeIgniter\Database\BaseConnection->simpleQuery('UPDATE `compliance_inventory` SET `category_id` = \'3\', `area_id` = \'12\', `item_type_id` = \'6\', `asset_code` = \'FS-HD-002\', `type_description` = \'\', `specific_area` = \'Office 1\', `pic` = \'\', `status` = \'Good\', `qty` = \'\', `remark` = \'\', `expired_date` = \'\', `updated_at` = \'2026-02-21 00:06:19\'
WHERE `compliance_inventory`.`id` IN (\'455\')')
 3 SYSTEMPATH\Database\BaseBuilder.php(2521): CodeIgniter\Database\BaseConnection->query('UPDATE `compliance_inventory` SET `category_id` = :category_id:, `area_id` = :area_id:, `item_type_id` = :item_type_id:, `asset_code` = :asset_code:, `type_description` = :type_description:, `specific_area` = :specific_area:, `pic` = :pic:, `status` = :status:, `qty` = :qty:, `remark` = :remark:, `expired_date` = :expired_date:, `updated_at` = :updated_at:
WHERE `compliance_inventory`.`id` IN :compliance_inventory.id:', [...], false)
 4 SYSTEMPATH\Model.php(461): CodeIgniter\Database\BaseBuilder->update()
 5 SYSTEMPATH\BaseModel.php(1010): CodeIgniter\Model->doUpdate([...], [...])
 6 SYSTEMPATH\Model.php(860): CodeIgniter\BaseModel->update([...], [...])
 7 APPPATH\Controllers\ComplianceInventoryController.php(145): CodeIgniter\Model->update('455', [...])
 8 SYSTEMPATH\CodeIgniter.php(933): App\Controllers\ComplianceInventoryController->update('455')
 9 SYSTEMPATH\CodeIgniter.php(507): CodeIgniter\CodeIgniter->runController(Object(App\Controllers\ComplianceInventoryController))
10 SYSTEMPATH\CodeIgniter.php(354): CodeIgniter\CodeIgniter->handleRequest(null, Object(Config\Cache), false)
11 SYSTEMPATH\Boot.php(363): CodeIgniter\CodeIgniter->run()
12 SYSTEMPATH\Boot.php(68): CodeIgniter\Boot::runCodeIgniter(Object(CodeIgniter\CodeIgniter))
13 FCPATH\index.php(59): CodeIgniter\Boot::bootWeb(Object(Config\Paths))
14 SYSTEMPATH\rewrite.php(44): require_once('C:\\xampp\\htdocs\\eams\\public\\index.php')
CRITICAL - 2026-02-21 00:06:19 --> [Caused by] mysqli_sql_exception: Duplicate entry 'FS-HD-002' for key 'uniq_asset_code'
in SYSTEMPATH\Database\MySQLi\Connection.php on line 327.
 1 SYSTEMPATH\Database\MySQLi\Connection.php(327): mysqli->query('UPDATE `compliance_inventory` SET `category_id` = \'3\', `area_id` = \'12\', `item_type_id` = \'6\', `asset_code` = \'FS-HD-002\', `type_description` = \'\', `specific_area` = \'Office 1\', `pic` = \'\', `status` = \'Good\', `qty` = \'\', `remark` = \'\', `expired_date` = \'\', `updated_at` = \'2026-02-21 00:06:19\'
WHERE `compliance_inventory`.`id` IN (\'455\')', 0)
 2 SYSTEMPATH\Database\BaseConnection.php(729): CodeIgniter\Database\MySQLi\Connection->execute('UPDATE `compliance_inventory` SET `category_id` = \'3\', `area_id` = \'12\', `item_type_id` = \'6\', `asset_code` = \'FS-HD-002\', `type_description` = \'\', `specific_area` = \'Office 1\', `pic` = \'\', `status` = \'Good\', `qty` = \'\', `remark` = \'\', `expired_date` = \'\', `updated_at` = \'2026-02-21 00:06:19\'
WHERE `compliance_inventory`.`id` IN (\'455\')')
 3 SYSTEMPATH\Database\BaseConnection.php(646): CodeIgniter\Database\BaseConnection->simpleQuery('UPDATE `compliance_inventory` SET `category_id` = \'3\', `area_id` = \'12\', `item_type_id` = \'6\', `asset_code` = \'FS-HD-002\', `type_description` = \'\', `specific_area` = \'Office 1\', `pic` = \'\', `status` = \'Good\', `qty` = \'\', `remark` = \'\', `expired_date` = \'\', `updated_at` = \'2026-02-21 00:06:19\'
WHERE `compliance_inventory`.`id` IN (\'455\')')
 4 SYSTEMPATH\Database\BaseBuilder.php(2521): CodeIgniter\Database\BaseConnection->query('UPDATE `compliance_inventory` SET `category_id` = :category_id:, `area_id` = :area_id:, `item_type_id` = :item_type_id:, `asset_code` = :asset_code:, `type_description` = :type_description:, `specific_area` = :specific_area:, `pic` = :pic:, `status` = :status:, `qty` = :qty:, `remark` = :remark:, `expired_date` = :expired_date:, `updated_at` = :updated_at:
WHERE `compliance_inventory`.`id` IN :compliance_inventory.id:', [...], false)
 5 SYSTEMPATH\Model.php(461): CodeIgniter\Database\BaseBuilder->update()
 6 SYSTEMPATH\BaseModel.php(1010): CodeIgniter\Model->doUpdate([...], [...])
 7 SYSTEMPATH\Model.php(860): CodeIgniter\BaseModel->update([...], [...])
 8 APPPATH\Controllers\ComplianceInventoryController.php(145): CodeIgniter\Model->update('455', [...])
 9 SYSTEMPATH\CodeIgniter.php(933): App\Controllers\ComplianceInventoryController->update('455')
10 SYSTEMPATH\CodeIgniter.php(507): CodeIgniter\CodeIgniter->runController(Object(App\Controllers\ComplianceInventoryController))
11 SYSTEMPATH\CodeIgniter.php(354): CodeIgniter\CodeIgniter->handleRequest(null, Object(Config\Cache), false)
12 SYSTEMPATH\Boot.php(363): CodeIgniter\CodeIgniter->run()
13 SYSTEMPATH\Boot.php(68): CodeIgniter\Boot::runCodeIgniter(Object(CodeIgniter\CodeIgniter))
14 FCPATH\index.php(59): CodeIgniter\Boot::bootWeb(Object(Config\Paths))
15 SYSTEMPATH\rewrite.php(44): require_once('C:\\xampp\\htdocs\\eams\\public\\index.php')
ERROR - 2026-02-21 00:06:25 --> mysqli_sql_exception: Duplicate entry 'FS-HD-002' for key 'uniq_asset_code' in C:\xampp\htdocs\eams\system\Database\MySQLi\Connection.php:327
Stack trace:
#0 C:\xampp\htdocs\eams\system\Database\MySQLi\Connection.php(327): mysqli->query('UPDATE `complia...', 0)
#1 C:\xampp\htdocs\eams\system\Database\BaseConnection.php(729): CodeIgniter\Database\MySQLi\Connection->execute('UPDATE `complia...')
#2 C:\xampp\htdocs\eams\system\Database\BaseConnection.php(646): CodeIgniter\Database\BaseConnection->simpleQuery('UPDATE `complia...')
#3 C:\xampp\htdocs\eams\system\Database\BaseBuilder.php(2521): CodeIgniter\Database\BaseConnection->query('UPDATE `complia...', Array, false)
#4 C:\xampp\htdocs\eams\system\Model.php(461): CodeIgniter\Database\BaseBuilder->update()
#5 C:\xampp\htdocs\eams\system\BaseModel.php(1010): CodeIgniter\Model->doUpdate(Array, Array)
#6 C:\xampp\htdocs\eams\system\Model.php(860): CodeIgniter\BaseModel->update(Array, Array)
#7 C:\xampp\htdocs\eams\app\Controllers\ComplianceInventoryController.php(145): CodeIgniter\Model->update('455', Array)
#8 C:\xampp\htdocs\eams\system\CodeIgniter.php(933): App\Controllers\ComplianceInventoryController->update('455')
#9 C:\xampp\htdocs\eams\system\CodeIgniter.php(507): CodeIgniter\CodeIgniter->runController(Object(App\Controllers\ComplianceInventoryController))
#10 C:\xampp\htdocs\eams\system\CodeIgniter.php(354): CodeIgniter\CodeIgniter->handleRequest(NULL, Object(Config\Cache), false)
#11 C:\xampp\htdocs\eams\system\Boot.php(363): CodeIgniter\CodeIgniter->run()
#12 C:\xampp\htdocs\eams\system\Boot.php(68): CodeIgniter\Boot::runCodeIgniter(Object(CodeIgniter\CodeIgniter))
#13 C:\xampp\htdocs\eams\public\index.php(59): CodeIgniter\Boot::bootWeb(Object(Config\Paths))
#14 C:\xampp\htdocs\eams\system\rewrite.php(44): require_once('C:\\xampp\\htdocs...')
#15 {main}
CRITICAL - 2026-02-21 00:06:25 --> CodeIgniter\Database\Exceptions\DatabaseException: Duplicate entry 'FS-HD-002' for key 'uniq_asset_code'
[Method: POST, Route: compliance/inventory/update/455]
in SYSTEMPATH\Database\BaseConnection.php on line 684.
 1 SYSTEMPATH\Database\BaseBuilder.php(2521): CodeIgniter\Database\BaseConnection->query('UPDATE `compliance_inventory` SET `category_id` = :category_id:, `area_id` = :area_id:, `item_type_id` = :item_type_id:, `asset_code` = :asset_code:, `type_description` = :type_description:, `specific_area` = :specific_area:, `pic` = :pic:, `status` = :status:, `qty` = :qty:, `remark` = :remark:, `expired_date` = :expired_date:, `updated_at` = :updated_at:
WHERE `compliance_inventory`.`id` IN :compliance_inventory.id:', [...], false)
 2 SYSTEMPATH\Model.php(461): CodeIgniter\Database\BaseBuilder->update()
 3 SYSTEMPATH\BaseModel.php(1010): CodeIgniter\Model->doUpdate([...], [...])
 4 SYSTEMPATH\Model.php(860): CodeIgniter\BaseModel->update([...], [...])
 5 APPPATH\Controllers\ComplianceInventoryController.php(145): CodeIgniter\Model->update('455', [...])
 6 SYSTEMPATH\CodeIgniter.php(933): App\Controllers\ComplianceInventoryController->update('455')
 7 SYSTEMPATH\CodeIgniter.php(507): CodeIgniter\CodeIgniter->runController(Object(App\Controllers\ComplianceInventoryController))
 8 SYSTEMPATH\CodeIgniter.php(354): CodeIgniter\CodeIgniter->handleRequest(null, Object(Config\Cache), false)
 9 SYSTEMPATH\Boot.php(363): CodeIgniter\CodeIgniter->run()
10 SYSTEMPATH\Boot.php(68): CodeIgniter\Boot::runCodeIgniter(Object(CodeIgniter\CodeIgniter))
11 FCPATH\index.php(59): CodeIgniter\Boot::bootWeb(Object(Config\Paths))
12 SYSTEMPATH\rewrite.php(44): require_once('C:\\xampp\\htdocs\\eams\\public\\index.php')
CRITICAL - 2026-02-21 00:06:25 --> [Caused by] CodeIgniter\Database\Exceptions\DatabaseException: Duplicate entry 'FS-HD-002' for key 'uniq_asset_code'
in SYSTEMPATH\Database\MySQLi\Connection.php on line 332.
 1 SYSTEMPATH\Database\BaseConnection.php(729): CodeIgniter\Database\MySQLi\Connection->execute('UPDATE `compliance_inventory` SET `category_id` = \'3\', `area_id` = \'12\', `item_type_id` = \'6\', `asset_code` = \'FS-HD-002\', `type_description` = \'\', `specific_area` = \'Office 1\', `pic` = \'\', `status` = \'Good\', `qty` = \'\', `remark` = \'\', `expired_date` = \'\', `updated_at` = \'2026-02-21 00:06:25\'
WHERE `compliance_inventory`.`id` IN (\'455\')')
 2 SYSTEMPATH\Database\BaseConnection.php(646): CodeIgniter\Database\BaseConnection->simpleQuery('UPDATE `compliance_inventory` SET `category_id` = \'3\', `area_id` = \'12\', `item_type_id` = \'6\', `asset_code` = \'FS-HD-002\', `type_description` = \'\', `specific_area` = \'Office 1\', `pic` = \'\', `status` = \'Good\', `qty` = \'\', `remark` = \'\', `expired_date` = \'\', `updated_at` = \'2026-02-21 00:06:25\'
WHERE `compliance_inventory`.`id` IN (\'455\')')
 3 SYSTEMPATH\Database\BaseBuilder.php(2521): CodeIgniter\Database\BaseConnection->query('UPDATE `compliance_inventory` SET `category_id` = :category_id:, `area_id` = :area_id:, `item_type_id` = :item_type_id:, `asset_code` = :asset_code:, `type_description` = :type_description:, `specific_area` = :specific_area:, `pic` = :pic:, `status` = :status:, `qty` = :qty:, `remark` = :remark:, `expired_date` = :expired_date:, `updated_at` = :updated_at:
WHERE `compliance_inventory`.`id` IN :compliance_inventory.id:', [...], false)
 4 SYSTEMPATH\Model.php(461): CodeIgniter\Database\BaseBuilder->update()
 5 SYSTEMPATH\BaseModel.php(1010): CodeIgniter\Model->doUpdate([...], [...])
 6 SYSTEMPATH\Model.php(860): CodeIgniter\BaseModel->update([...], [...])
 7 APPPATH\Controllers\ComplianceInventoryController.php(145): CodeIgniter\Model->update('455', [...])
 8 SYSTEMPATH\CodeIgniter.php(933): App\Controllers\ComplianceInventoryController->update('455')
 9 SYSTEMPATH\CodeIgniter.php(507): CodeIgniter\CodeIgniter->runController(Object(App\Controllers\ComplianceInventoryController))
10 SYSTEMPATH\CodeIgniter.php(354): CodeIgniter\CodeIgniter->handleRequest(null, Object(Config\Cache), false)
11 SYSTEMPATH\Boot.php(363): CodeIgniter\CodeIgniter->run()
12 SYSTEMPATH\Boot.php(68): CodeIgniter\Boot::runCodeIgniter(Object(CodeIgniter\CodeIgniter))
13 FCPATH\index.php(59): CodeIgniter\Boot::bootWeb(Object(Config\Paths))
14 SYSTEMPATH\rewrite.php(44): require_once('C:\\xampp\\htdocs\\eams\\public\\index.php')
CRITICAL - 2026-02-21 00:06:25 --> [Caused by] mysqli_sql_exception: Duplicate entry 'FS-HD-002' for key 'uniq_asset_code'
in SYSTEMPATH\Database\MySQLi\Connection.php on line 327.
 1 SYSTEMPATH\Database\MySQLi\Connection.php(327): mysqli->query('UPDATE `compliance_inventory` SET `category_id` = \'3\', `area_id` = \'12\', `item_type_id` = \'6\', `asset_code` = \'FS-HD-002\', `type_description` = \'\', `specific_area` = \'Office 1\', `pic` = \'\', `status` = \'Good\', `qty` = \'\', `remark` = \'\', `expired_date` = \'\', `updated_at` = \'2026-02-21 00:06:25\'
WHERE `compliance_inventory`.`id` IN (\'455\')', 0)
 2 SYSTEMPATH\Database\BaseConnection.php(729): CodeIgniter\Database\MySQLi\Connection->execute('UPDATE `compliance_inventory` SET `category_id` = \'3\', `area_id` = \'12\', `item_type_id` = \'6\', `asset_code` = \'FS-HD-002\', `type_description` = \'\', `specific_area` = \'Office 1\', `pic` = \'\', `status` = \'Good\', `qty` = \'\', `remark` = \'\', `expired_date` = \'\', `updated_at` = \'2026-02-21 00:06:25\'
WHERE `compliance_inventory`.`id` IN (\'455\')')
 3 SYSTEMPATH\Database\BaseConnection.php(646): CodeIgniter\Database\BaseConnection->simpleQuery('UPDATE `compliance_inventory` SET `category_id` = \'3\', `area_id` = \'12\', `item_type_id` = \'6\', `asset_code` = \'FS-HD-002\', `type_description` = \'\', `specific_area` = \'Office 1\', `pic` = \'\', `status` = \'Good\', `qty` = \'\', `remark` = \'\', `expired_date` = \'\', `updated_at` = \'2026-02-21 00:06:25\'
WHERE `compliance_inventory`.`id` IN (\'455\')')
 4 SYSTEMPATH\Database\BaseBuilder.php(2521): CodeIgniter\Database\BaseConnection->query('UPDATE `compliance_inventory` SET `category_id` = :category_id:, `area_id` = :area_id:, `item_type_id` = :item_type_id:, `asset_code` = :asset_code:, `type_description` = :type_description:, `specific_area` = :specific_area:, `pic` = :pic:, `status` = :status:, `qty` = :qty:, `remark` = :remark:, `expired_date` = :expired_date:, `updated_at` = :updated_at:
WHERE `compliance_inventory`.`id` IN :compliance_inventory.id:', [...], false)
 5 SYSTEMPATH\Model.php(461): CodeIgniter\Database\BaseBuilder->update()
 6 SYSTEMPATH\BaseModel.php(1010): CodeIgniter\Model->doUpdate([...], [...])
 7 SYSTEMPATH\Model.php(860): CodeIgniter\BaseModel->update([...], [...])
 8 APPPATH\Controllers\ComplianceInventoryController.php(145): CodeIgniter\Model->update('455', [...])
 9 SYSTEMPATH\CodeIgniter.php(933): App\Controllers\ComplianceInventoryController->update('455')
10 SYSTEMPATH\CodeIgniter.php(507): CodeIgniter\CodeIgniter->runController(Object(App\Controllers\ComplianceInventoryController))
11 SYSTEMPATH\CodeIgniter.php(354): CodeIgniter\CodeIgniter->handleRequest(null, Object(Config\Cache), false)
12 SYSTEMPATH\Boot.php(363): CodeIgniter\CodeIgniter->run()
13 SYSTEMPATH\Boot.php(68): CodeIgniter\Boot::runCodeIgniter(Object(CodeIgniter\CodeIgniter))
14 FCPATH\index.php(59): CodeIgniter\Boot::bootWeb(Object(Config\Paths))
15 SYSTEMPATH\rewrite.php(44): require_once('C:\\xampp\\htdocs\\eams\\public\\index.php')
CRITICAL - 2026-02-21 03:37:43 --> ErrorException: session_start(): Failed to decode session object. Session has been destroyed
[Method: GET, Route: login]
in SYSTEMPATH\Session\Session.php on line 912.
 1 [internal function]: CodeIgniter\Debug\Exceptions->errorHandler(2, 'session_start(): Failed to decode session object. Session has been destroyed', 'C:\\xampp\\htdocs\\eams\\system\\Session\\Session.php', 912)
 2 SYSTEMPATH\Session\Session.php(912): session_start()
 3 SYSTEMPATH\Session\Session.php(243): CodeIgniter\Session\Session->startSession()
 4 SYSTEMPATH\Config\Services.php(715): CodeIgniter\Session\Session->start()
 5 SYSTEMPATH\Config\BaseService.php(312): CodeIgniter\Config\Services::session(Object(Config\Session), false)
 6 SYSTEMPATH\Config\BaseService.php(251): CodeIgniter\Config\BaseService::__callStatic('session', [...])
 7 SYSTEMPATH\Config\Services.php(668): CodeIgniter\Config\BaseService::getSharedInstance('session', null)
 8 SYSTEMPATH\Config\BaseService.php(321): CodeIgniter\Config\Services::session()
 9 SYSTEMPATH\Config\BaseService.php(202): CodeIgniter\Config\BaseService::__callStatic('session', [])
10 SYSTEMPATH\Common.php(1027): CodeIgniter\Config\BaseService::get('session')
11 SYSTEMPATH\Common.php(1000): service('session')
12 APPPATH\Controllers\BaseController.php(29): session()
13 SYSTEMPATH\CodeIgniter.php(904): App\Controllers\BaseController->initController(Object(CodeIgniter\HTTP\IncomingRequest), Object(CodeIgniter\HTTP\Response), Object(CodeIgniter\Log\Logger))
14 SYSTEMPATH\CodeIgniter.php(498): CodeIgniter\CodeIgniter->createController()
15 SYSTEMPATH\CodeIgniter.php(354): CodeIgniter\CodeIgniter->handleRequest(null, Object(Config\Cache), false)
16 SYSTEMPATH\Boot.php(363): CodeIgniter\CodeIgniter->run()
17 SYSTEMPATH\Boot.php(68): CodeIgniter\Boot::runCodeIgniter(Object(CodeIgniter\CodeIgniter))
18 FCPATH\index.php(59): CodeIgniter\Boot::bootWeb(Object(Config\Paths))
19 SYSTEMPATH\rewrite.php(44): require_once('C:\\xampp\\htdocs\\eams\\public\\index.php')
ERROR - 2026-02-21 04:06:30 --> mysqli_sql_exception: Duplicate entry 'HSE-PPE-003' for key 'uniq_asset_code' in C:\xampp\htdocs\eams\system\Database\MySQLi\Connection.php:327
Stack trace:
#0 C:\xampp\htdocs\eams\system\Database\MySQLi\Connection.php(327): mysqli->query('UPDATE `complia...', 0)
#1 C:\xampp\htdocs\eams\system\Database\BaseConnection.php(729): CodeIgniter\Database\MySQLi\Connection->execute('UPDATE `complia...')
#2 C:\xampp\htdocs\eams\system\Database\BaseConnection.php(646): CodeIgniter\Database\BaseConnection->simpleQuery('UPDATE `complia...')
#3 C:\xampp\htdocs\eams\system\Database\BaseBuilder.php(2521): CodeIgniter\Database\BaseConnection->query('UPDATE `complia...', Array, false)
#4 C:\xampp\htdocs\eams\system\Model.php(461): CodeIgniter\Database\BaseBuilder->update()
#5 C:\xampp\htdocs\eams\system\BaseModel.php(1010): CodeIgniter\Model->doUpdate(Array, Array)
#6 C:\xampp\htdocs\eams\system\Model.php(860): CodeIgniter\BaseModel->update(Array, Array)
#7 C:\xampp\htdocs\eams\app\Controllers\ComplianceInventoryController.php(144): CodeIgniter\Model->update('294', Array)
#8 C:\xampp\htdocs\eams\system\CodeIgniter.php(933): App\Controllers\ComplianceInventoryController->update('294')
#9 C:\xampp\htdocs\eams\system\CodeIgniter.php(507): CodeIgniter\CodeIgniter->runController(Object(App\Controllers\ComplianceInventoryController))
#10 C:\xampp\htdocs\eams\system\CodeIgniter.php(354): CodeIgniter\CodeIgniter->handleRequest(NULL, Object(Config\Cache), false)
#11 C:\xampp\htdocs\eams\system\Boot.php(363): CodeIgniter\CodeIgniter->run()
#12 C:\xampp\htdocs\eams\system\Boot.php(68): CodeIgniter\Boot::runCodeIgniter(Object(CodeIgniter\CodeIgniter))
#13 C:\xampp\htdocs\eams\public\index.php(59): CodeIgniter\Boot::bootWeb(Object(Config\Paths))
#14 C:\xampp\htdocs\eams\system\rewrite.php(44): require_once('C:\\xampp\\htdocs...')
#15 {main}
CRITICAL - 2026-02-21 04:06:30 --> CodeIgniter\Database\Exceptions\DatabaseException: Duplicate entry 'HSE-PPE-003' for key 'uniq_asset_code'
[Method: POST, Route: compliance/inventory/update/294]
in SYSTEMPATH\Database\BaseConnection.php on line 684.
 1 SYSTEMPATH\Database\BaseBuilder.php(2521): CodeIgniter\Database\BaseConnection->query('UPDATE `compliance_inventory` SET `category_id` = :category_id:, `area_id` = :area_id:, `item_type_id` = :item_type_id:, `asset_code` = :asset_code:, `type_description` = :type_description:, `specific_area` = :specific_area:, `pic` = :pic:, `status` = :status:, `remark` = :remark:, `expired_date` = :expired_date:, `updated_at` = :updated_at:
WHERE `compliance_inventory`.`id` IN :compliance_inventory.id:', [...], false)
 2 SYSTEMPATH\Model.php(461): CodeIgniter\Database\BaseBuilder->update()
 3 SYSTEMPATH\BaseModel.php(1010): CodeIgniter\Model->doUpdate([...], [...])
 4 SYSTEMPATH\Model.php(860): CodeIgniter\BaseModel->update([...], [...])
 5 APPPATH\Controllers\ComplianceInventoryController.php(144): CodeIgniter\Model->update('294', [...])
 6 SYSTEMPATH\CodeIgniter.php(933): App\Controllers\ComplianceInventoryController->update('294')
 7 SYSTEMPATH\CodeIgniter.php(507): CodeIgniter\CodeIgniter->runController(Object(App\Controllers\ComplianceInventoryController))
 8 SYSTEMPATH\CodeIgniter.php(354): CodeIgniter\CodeIgniter->handleRequest(null, Object(Config\Cache), false)
 9 SYSTEMPATH\Boot.php(363): CodeIgniter\CodeIgniter->run()
10 SYSTEMPATH\Boot.php(68): CodeIgniter\Boot::runCodeIgniter(Object(CodeIgniter\CodeIgniter))
11 FCPATH\index.php(59): CodeIgniter\Boot::bootWeb(Object(Config\Paths))
12 SYSTEMPATH\rewrite.php(44): require_once('C:\\xampp\\htdocs\\eams\\public\\index.php')
CRITICAL - 2026-02-21 04:06:30 --> [Caused by] CodeIgniter\Database\Exceptions\DatabaseException: Duplicate entry 'HSE-PPE-003' for key 'uniq_asset_code'
in SYSTEMPATH\Database\MySQLi\Connection.php on line 332.
 1 SYSTEMPATH\Database\BaseConnection.php(729): CodeIgniter\Database\MySQLi\Connection->execute('UPDATE `compliance_inventory` SET `category_id` = \'2\', `area_id` = \'2\', `item_type_id` = \'48\', `asset_code` = \'HSE-PPE-003\', `type_description` = \'\', `specific_area` = \'Boiler Room\', `pic` = \'\', `status` = \'Good\', `remark` = \'\', `expired_date` = \'\', `updated_at` = \'2026-02-21 04:06:30\'
WHERE `compliance_inventory`.`id` IN (\'294\')')
 2 SYSTEMPATH\Database\BaseConnection.php(646): CodeIgniter\Database\BaseConnection->simpleQuery('UPDATE `compliance_inventory` SET `category_id` = \'2\', `area_id` = \'2\', `item_type_id` = \'48\', `asset_code` = \'HSE-PPE-003\', `type_description` = \'\', `specific_area` = \'Boiler Room\', `pic` = \'\', `status` = \'Good\', `remark` = \'\', `expired_date` = \'\', `updated_at` = \'2026-02-21 04:06:30\'
WHERE `compliance_inventory`.`id` IN (\'294\')')
 3 SYSTEMPATH\Database\BaseBuilder.php(2521): CodeIgniter\Database\BaseConnection->query('UPDATE `compliance_inventory` SET `category_id` = :category_id:, `area_id` = :area_id:, `item_type_id` = :item_type_id:, `asset_code` = :asset_code:, `type_description` = :type_description:, `specific_area` = :specific_area:, `pic` = :pic:, `status` = :status:, `remark` = :remark:, `expired_date` = :expired_date:, `updated_at` = :updated_at:
WHERE `compliance_inventory`.`id` IN :compliance_inventory.id:', [...], false)
 4 SYSTEMPATH\Model.php(461): CodeIgniter\Database\BaseBuilder->update()
 5 SYSTEMPATH\BaseModel.php(1010): CodeIgniter\Model->doUpdate([...], [...])
 6 SYSTEMPATH\Model.php(860): CodeIgniter\BaseModel->update([...], [...])
 7 APPPATH\Controllers\ComplianceInventoryController.php(144): CodeIgniter\Model->update('294', [...])
 8 SYSTEMPATH\CodeIgniter.php(933): App\Controllers\ComplianceInventoryController->update('294')
 9 SYSTEMPATH\CodeIgniter.php(507): CodeIgniter\CodeIgniter->runController(Object(App\Controllers\ComplianceInventoryController))
10 SYSTEMPATH\CodeIgniter.php(354): CodeIgniter\CodeIgniter->handleRequest(null, Object(Config\Cache), false)
11 SYSTEMPATH\Boot.php(363): CodeIgniter\CodeIgniter->run()
12 SYSTEMPATH\Boot.php(68): CodeIgniter\Boot::runCodeIgniter(Object(CodeIgniter\CodeIgniter))
13 FCPATH\index.php(59): CodeIgniter\Boot::bootWeb(Object(Config\Paths))
14 SYSTEMPATH\rewrite.php(44): require_once('C:\\xampp\\htdocs\\eams\\public\\index.php')
CRITICAL - 2026-02-21 04:06:30 --> [Caused by] mysqli_sql_exception: Duplicate entry 'HSE-PPE-003' for key 'uniq_asset_code'
in SYSTEMPATH\Database\MySQLi\Connection.php on line 327.
 1 SYSTEMPATH\Database\MySQLi\Connection.php(327): mysqli->query('UPDATE `compliance_inventory` SET `category_id` = \'2\', `area_id` = \'2\', `item_type_id` = \'48\', `asset_code` = \'HSE-PPE-003\', `type_description` = \'\', `specific_area` = \'Boiler Room\', `pic` = \'\', `status` = \'Good\', `remark` = \'\', `expired_date` = \'\', `updated_at` = \'2026-02-21 04:06:30\'
WHERE `compliance_inventory`.`id` IN (\'294\')', 0)
 2 SYSTEMPATH\Database\BaseConnection.php(729): CodeIgniter\Database\MySQLi\Connection->execute('UPDATE `compliance_inventory` SET `category_id` = \'2\', `area_id` = \'2\', `item_type_id` = \'48\', `asset_code` = \'HSE-PPE-003\', `type_description` = \'\', `specific_area` = \'Boiler Room\', `pic` = \'\', `status` = \'Good\', `remark` = \'\', `expired_date` = \'\', `updated_at` = \'2026-02-21 04:06:30\'
WHERE `compliance_inventory`.`id` IN (\'294\')')
 3 SYSTEMPATH\Database\BaseConnection.php(646): CodeIgniter\Database\BaseConnection->simpleQuery('UPDATE `compliance_inventory` SET `category_id` = \'2\', `area_id` = \'2\', `item_type_id` = \'48\', `asset_code` = \'HSE-PPE-003\', `type_description` = \'\', `specific_area` = \'Boiler Room\', `pic` = \'\', `status` = \'Good\', `remark` = \'\', `expired_date` = \'\', `updated_at` = \'2026-02-21 04:06:30\'
WHERE `compliance_inventory`.`id` IN (\'294\')')
 4 SYSTEMPATH\Database\BaseBuilder.php(2521): CodeIgniter\Database\BaseConnection->query('UPDATE `compliance_inventory` SET `category_id` = :category_id:, `area_id` = :area_id:, `item_type_id` = :item_type_id:, `asset_code` = :asset_code:, `type_description` = :type_description:, `specific_area` = :specific_area:, `pic` = :pic:, `status` = :status:, `remark` = :remark:, `expired_date` = :expired_date:, `updated_at` = :updated_at:
WHERE `compliance_inventory`.`id` IN :compliance_inventory.id:', [...], false)
 5 SYSTEMPATH\Model.php(461): CodeIgniter\Database\BaseBuilder->update()
 6 SYSTEMPATH\BaseModel.php(1010): CodeIgniter\Model->doUpdate([...], [...])
 7 SYSTEMPATH\Model.php(860): CodeIgniter\BaseModel->update([...], [...])
 8 APPPATH\Controllers\ComplianceInventoryController.php(144): CodeIgniter\Model->update('294', [...])
 9 SYSTEMPATH\CodeIgniter.php(933): App\Controllers\ComplianceInventoryController->update('294')
10 SYSTEMPATH\CodeIgniter.php(507): CodeIgniter\CodeIgniter->runController(Object(App\Controllers\ComplianceInventoryController))
11 SYSTEMPATH\CodeIgniter.php(354): CodeIgniter\CodeIgniter->handleRequest(null, Object(Config\Cache), false)
12 SYSTEMPATH\Boot.php(363): CodeIgniter\CodeIgniter->run()
13 SYSTEMPATH\Boot.php(68): CodeIgniter\Boot::runCodeIgniter(Object(CodeIgniter\CodeIgniter))
14 FCPATH\index.php(59): CodeIgniter\Boot::bootWeb(Object(Config\Paths))
15 SYSTEMPATH\rewrite.php(44): require_once('C:\\xampp\\htdocs\\eams\\public\\index.php')
ERROR - 2026-02-21 04:06:43 --> mysqli_sql_exception: Duplicate entry 'HSE-PPE-003' for key 'uniq_asset_code' in C:\xampp\htdocs\eams\system\Database\MySQLi\Connection.php:327
Stack trace:
#0 C:\xampp\htdocs\eams\system\Database\MySQLi\Connection.php(327): mysqli->query('UPDATE `complia...', 0)
#1 C:\xampp\htdocs\eams\system\Database\BaseConnection.php(729): CodeIgniter\Database\MySQLi\Connection->execute('UPDATE `complia...')
#2 C:\xampp\htdocs\eams\system\Database\BaseConnection.php(646): CodeIgniter\Database\BaseConnection->simpleQuery('UPDATE `complia...')
#3 C:\xampp\htdocs\eams\system\Database\BaseBuilder.php(2521): CodeIgniter\Database\BaseConnection->query('UPDATE `complia...', Array, false)
#4 C:\xampp\htdocs\eams\system\Model.php(461): CodeIgniter\Database\BaseBuilder->update()
#5 C:\xampp\htdocs\eams\system\BaseModel.php(1010): CodeIgniter\Model->doUpdate(Array, Array)
#6 C:\xampp\htdocs\eams\system\Model.php(860): CodeIgniter\BaseModel->update(Array, Array)
#7 C:\xampp\htdocs\eams\app\Controllers\ComplianceInventoryController.php(144): CodeIgniter\Model->update('294', Array)
#8 C:\xampp\htdocs\eams\system\CodeIgniter.php(933): App\Controllers\ComplianceInventoryController->update('294')
#9 C:\xampp\htdocs\eams\system\CodeIgniter.php(507): CodeIgniter\CodeIgniter->runController(Object(App\Controllers\ComplianceInventoryController))
#10 C:\xampp\htdocs\eams\system\CodeIgniter.php(354): CodeIgniter\CodeIgniter->handleRequest(NULL, Object(Config\Cache), false)
#11 C:\xampp\htdocs\eams\system\Boot.php(363): CodeIgniter\CodeIgniter->run()
#12 C:\xampp\htdocs\eams\system\Boot.php(68): CodeIgniter\Boot::runCodeIgniter(Object(CodeIgniter\CodeIgniter))
#13 C:\xampp\htdocs\eams\public\index.php(59): CodeIgniter\Boot::bootWeb(Object(Config\Paths))
#14 C:\xampp\htdocs\eams\system\rewrite.php(44): require_once('C:\\xampp\\htdocs...')
#15 {main}
CRITICAL - 2026-02-21 04:06:43 --> CodeIgniter\Database\Exceptions\DatabaseException: Duplicate entry 'HSE-PPE-003' for key 'uniq_asset_code'
[Method: POST, Route: compliance/inventory/update/294]
in SYSTEMPATH\Database\BaseConnection.php on line 684.
 1 SYSTEMPATH\Database\BaseBuilder.php(2521): CodeIgniter\Database\BaseConnection->query('UPDATE `compliance_inventory` SET `category_id` = :category_id:, `area_id` = :area_id:, `item_type_id` = :item_type_id:, `asset_code` = :asset_code:, `type_description` = :type_description:, `specific_area` = :specific_area:, `pic` = :pic:, `status` = :status:, `remark` = :remark:, `expired_date` = :expired_date:, `updated_at` = :updated_at:
WHERE `compliance_inventory`.`id` IN :compliance_inventory.id:', [...], false)
 2 SYSTEMPATH\Model.php(461): CodeIgniter\Database\BaseBuilder->update()
 3 SYSTEMPATH\BaseModel.php(1010): CodeIgniter\Model->doUpdate([...], [...])
 4 SYSTEMPATH\Model.php(860): CodeIgniter\BaseModel->update([...], [...])
 5 APPPATH\Controllers\ComplianceInventoryController.php(144): CodeIgniter\Model->update('294', [...])
 6 SYSTEMPATH\CodeIgniter.php(933): App\Controllers\ComplianceInventoryController->update('294')
 7 SYSTEMPATH\CodeIgniter.php(507): CodeIgniter\CodeIgniter->runController(Object(App\Controllers\ComplianceInventoryController))
 8 SYSTEMPATH\CodeIgniter.php(354): CodeIgniter\CodeIgniter->handleRequest(null, Object(Config\Cache), false)
 9 SYSTEMPATH\Boot.php(363): CodeIgniter\CodeIgniter->run()
10 SYSTEMPATH\Boot.php(68): CodeIgniter\Boot::runCodeIgniter(Object(CodeIgniter\CodeIgniter))
11 FCPATH\index.php(59): CodeIgniter\Boot::bootWeb(Object(Config\Paths))
12 SYSTEMPATH\rewrite.php(44): require_once('C:\\xampp\\htdocs\\eams\\public\\index.php')
CRITICAL - 2026-02-21 04:06:43 --> [Caused by] CodeIgniter\Database\Exceptions\DatabaseException: Duplicate entry 'HSE-PPE-003' for key 'uniq_asset_code'
in SYSTEMPATH\Database\MySQLi\Connection.php on line 332.
 1 SYSTEMPATH\Database\BaseConnection.php(729): CodeIgniter\Database\MySQLi\Connection->execute('UPDATE `compliance_inventory` SET `category_id` = \'2\', `area_id` = \'2\', `item_type_id` = \'48\', `asset_code` = \'HSE-PPE-003\', `type_description` = \'\', `specific_area` = \'Boiler Room\', `pic` = \'\', `status` = \'Good\', `remark` = \'\', `expired_date` = \'\', `updated_at` = \'2026-02-21 04:06:43\'
WHERE `compliance_inventory`.`id` IN (\'294\')')
 2 SYSTEMPATH\Database\BaseConnection.php(646): CodeIgniter\Database\BaseConnection->simpleQuery('UPDATE `compliance_inventory` SET `category_id` = \'2\', `area_id` = \'2\', `item_type_id` = \'48\', `asset_code` = \'HSE-PPE-003\', `type_description` = \'\', `specific_area` = \'Boiler Room\', `pic` = \'\', `status` = \'Good\', `remark` = \'\', `expired_date` = \'\', `updated_at` = \'2026-02-21 04:06:43\'
WHERE `compliance_inventory`.`id` IN (\'294\')')
 3 SYSTEMPATH\Database\BaseBuilder.php(2521): CodeIgniter\Database\BaseConnection->query('UPDATE `compliance_inventory` SET `category_id` = :category_id:, `area_id` = :area_id:, `item_type_id` = :item_type_id:, `asset_code` = :asset_code:, `type_description` = :type_description:, `specific_area` = :specific_area:, `pic` = :pic:, `status` = :status:, `remark` = :remark:, `expired_date` = :expired_date:, `updated_at` = :updated_at:
WHERE `compliance_inventory`.`id` IN :compliance_inventory.id:', [...], false)
 4 SYSTEMPATH\Model.php(461): CodeIgniter\Database\BaseBuilder->update()
 5 SYSTEMPATH\BaseModel.php(1010): CodeIgniter\Model->doUpdate([...], [...])
 6 SYSTEMPATH\Model.php(860): CodeIgniter\BaseModel->update([...], [...])
 7 APPPATH\Controllers\ComplianceInventoryController.php(144): CodeIgniter\Model->update('294', [...])
 8 SYSTEMPATH\CodeIgniter.php(933): App\Controllers\ComplianceInventoryController->update('294')
 9 SYSTEMPATH\CodeIgniter.php(507): CodeIgniter\CodeIgniter->runController(Object(App\Controllers\ComplianceInventoryController))
10 SYSTEMPATH\CodeIgniter.php(354): CodeIgniter\CodeIgniter->handleRequest(null, Object(Config\Cache), false)
11 SYSTEMPATH\Boot.php(363): CodeIgniter\CodeIgniter->run()
12 SYSTEMPATH\Boot.php(68): CodeIgniter\Boot::runCodeIgniter(Object(CodeIgniter\CodeIgniter))
13 FCPATH\index.php(59): CodeIgniter\Boot::bootWeb(Object(Config\Paths))
14 SYSTEMPATH\rewrite.php(44): require_once('C:\\xampp\\htdocs\\eams\\public\\index.php')
CRITICAL - 2026-02-21 04:06:43 --> [Caused by] mysqli_sql_exception: Duplicate entry 'HSE-PPE-003' for key 'uniq_asset_code'
in SYSTEMPATH\Database\MySQLi\Connection.php on line 327.
 1 SYSTEMPATH\Database\MySQLi\Connection.php(327): mysqli->query('UPDATE `compliance_inventory` SET `category_id` = \'2\', `area_id` = \'2\', `item_type_id` = \'48\', `asset_code` = \'HSE-PPE-003\', `type_description` = \'\', `specific_area` = \'Boiler Room\', `pic` = \'\', `status` = \'Good\', `remark` = \'\', `expired_date` = \'\', `updated_at` = \'2026-02-21 04:06:43\'
WHERE `compliance_inventory`.`id` IN (\'294\')', 0)
 2 SYSTEMPATH\Database\BaseConnection.php(729): CodeIgniter\Database\MySQLi\Connection->execute('UPDATE `compliance_inventory` SET `category_id` = \'2\', `area_id` = \'2\', `item_type_id` = \'48\', `asset_code` = \'HSE-PPE-003\', `type_description` = \'\', `specific_area` = \'Boiler Room\', `pic` = \'\', `status` = \'Good\', `remark` = \'\', `expired_date` = \'\', `updated_at` = \'2026-02-21 04:06:43\'
WHERE `compliance_inventory`.`id` IN (\'294\')')
 3 SYSTEMPATH\Database\BaseConnection.php(646): CodeIgniter\Database\BaseConnection->simpleQuery('UPDATE `compliance_inventory` SET `category_id` = \'2\', `area_id` = \'2\', `item_type_id` = \'48\', `asset_code` = \'HSE-PPE-003\', `type_description` = \'\', `specific_area` = \'Boiler Room\', `pic` = \'\', `status` = \'Good\', `remark` = \'\', `expired_date` = \'\', `updated_at` = \'2026-02-21 04:06:43\'
WHERE `compliance_inventory`.`id` IN (\'294\')')
 4 SYSTEMPATH\Database\BaseBuilder.php(2521): CodeIgniter\Database\BaseConnection->query('UPDATE `compliance_inventory` SET `category_id` = :category_id:, `area_id` = :area_id:, `item_type_id` = :item_type_id:, `asset_code` = :asset_code:, `type_description` = :type_description:, `specific_area` = :specific_area:, `pic` = :pic:, `status` = :status:, `remark` = :remark:, `expired_date` = :expired_date:, `updated_at` = :updated_at:
WHERE `compliance_inventory`.`id` IN :compliance_inventory.id:', [...], false)
 5 SYSTEMPATH\Model.php(461): CodeIgniter\Database\BaseBuilder->update()
 6 SYSTEMPATH\BaseModel.php(1010): CodeIgniter\Model->doUpdate([...], [...])
 7 SYSTEMPATH\Model.php(860): CodeIgniter\BaseModel->update([...], [...])
 8 APPPATH\Controllers\ComplianceInventoryController.php(144): CodeIgniter\Model->update('294', [...])
 9 SYSTEMPATH\CodeIgniter.php(933): App\Controllers\ComplianceInventoryController->update('294')
10 SYSTEMPATH\CodeIgniter.php(507): CodeIgniter\CodeIgniter->runController(Object(App\Controllers\ComplianceInventoryController))
11 SYSTEMPATH\CodeIgniter.php(354): CodeIgniter\CodeIgniter->handleRequest(null, Object(Config\Cache), false)
12 SYSTEMPATH\Boot.php(363): CodeIgniter\CodeIgniter->run()
13 SYSTEMPATH\Boot.php(68): CodeIgniter\Boot::runCodeIgniter(Object(CodeIgniter\CodeIgniter))
14 FCPATH\index.php(59): CodeIgniter\Boot::bootWeb(Object(Config\Paths))
15 SYSTEMPATH\rewrite.php(44): require_once('C:\\xampp\\htdocs\\eams\\public\\index.php')
ERROR - 2026-02-21 04:07:19 --> mysqli_sql_exception: Duplicate entry 'HSE-PPE-003' for key 'uniq_asset_code' in C:\xampp\htdocs\eams\system\Database\MySQLi\Connection.php:327
Stack trace:
#0 C:\xampp\htdocs\eams\system\Database\MySQLi\Connection.php(327): mysqli->query('UPDATE `complia...', 0)
#1 C:\xampp\htdocs\eams\system\Database\BaseConnection.php(729): CodeIgniter\Database\MySQLi\Connection->execute('UPDATE `complia...')
#2 C:\xampp\htdocs\eams\system\Database\BaseConnection.php(646): CodeIgniter\Database\BaseConnection->simpleQuery('UPDATE `complia...')
#3 C:\xampp\htdocs\eams\system\Database\BaseBuilder.php(2521): CodeIgniter\Database\BaseConnection->query('UPDATE `complia...', Array, false)
#4 C:\xampp\htdocs\eams\system\Model.php(461): CodeIgniter\Database\BaseBuilder->update()
#5 C:\xampp\htdocs\eams\system\BaseModel.php(1010): CodeIgniter\Model->doUpdate(Array, Array)
#6 C:\xampp\htdocs\eams\system\Model.php(860): CodeIgniter\BaseModel->update(Array, Array)
#7 C:\xampp\htdocs\eams\app\Controllers\ComplianceInventoryController.php(144): CodeIgniter\Model->update('294', Array)
#8 C:\xampp\htdocs\eams\system\CodeIgniter.php(933): App\Controllers\ComplianceInventoryController->update('294')
#9 C:\xampp\htdocs\eams\system\CodeIgniter.php(507): CodeIgniter\CodeIgniter->runController(Object(App\Controllers\ComplianceInventoryController))
#10 C:\xampp\htdocs\eams\system\CodeIgniter.php(354): CodeIgniter\CodeIgniter->handleRequest(NULL, Object(Config\Cache), false)
#11 C:\xampp\htdocs\eams\system\Boot.php(363): CodeIgniter\CodeIgniter->run()
#12 C:\xampp\htdocs\eams\system\Boot.php(68): CodeIgniter\Boot::runCodeIgniter(Object(CodeIgniter\CodeIgniter))
#13 C:\xampp\htdocs\eams\public\index.php(59): CodeIgniter\Boot::bootWeb(Object(Config\Paths))
#14 C:\xampp\htdocs\eams\system\rewrite.php(44): require_once('C:\\xampp\\htdocs...')
#15 {main}
CRITICAL - 2026-02-21 04:07:19 --> CodeIgniter\Database\Exceptions\DatabaseException: Duplicate entry 'HSE-PPE-003' for key 'uniq_asset_code'
[Method: POST, Route: compliance/inventory/update/294]
in SYSTEMPATH\Database\BaseConnection.php on line 684.
 1 SYSTEMPATH\Database\BaseBuilder.php(2521): CodeIgniter\Database\BaseConnection->query('UPDATE `compliance_inventory` SET `category_id` = :category_id:, `area_id` = :area_id:, `item_type_id` = :item_type_id:, `asset_code` = :asset_code:, `type_description` = :type_description:, `specific_area` = :specific_area:, `pic` = :pic:, `status` = :status:, `remark` = :remark:, `expired_date` = :expired_date:, `updated_at` = :updated_at:
WHERE `compliance_inventory`.`id` IN :compliance_inventory.id:', [...], false)
 2 SYSTEMPATH\Model.php(461): CodeIgniter\Database\BaseBuilder->update()
 3 SYSTEMPATH\BaseModel.php(1010): CodeIgniter\Model->doUpdate([...], [...])
 4 SYSTEMPATH\Model.php(860): CodeIgniter\BaseModel->update([...], [...])
 5 APPPATH\Controllers\ComplianceInventoryController.php(144): CodeIgniter\Model->update('294', [...])
 6 SYSTEMPATH\CodeIgniter.php(933): App\Controllers\ComplianceInventoryController->update('294')
 7 SYSTEMPATH\CodeIgniter.php(507): CodeIgniter\CodeIgniter->runController(Object(App\Controllers\ComplianceInventoryController))
 8 SYSTEMPATH\CodeIgniter.php(354): CodeIgniter\CodeIgniter->handleRequest(null, Object(Config\Cache), false)
 9 SYSTEMPATH\Boot.php(363): CodeIgniter\CodeIgniter->run()
10 SYSTEMPATH\Boot.php(68): CodeIgniter\Boot::runCodeIgniter(Object(CodeIgniter\CodeIgniter))
11 FCPATH\index.php(59): CodeIgniter\Boot::bootWeb(Object(Config\Paths))
12 SYSTEMPATH\rewrite.php(44): require_once('C:\\xampp\\htdocs\\eams\\public\\index.php')
CRITICAL - 2026-02-21 04:07:19 --> [Caused by] CodeIgniter\Database\Exceptions\DatabaseException: Duplicate entry 'HSE-PPE-003' for key 'uniq_asset_code'
in SYSTEMPATH\Database\MySQLi\Connection.php on line 332.
 1 SYSTEMPATH\Database\BaseConnection.php(729): CodeIgniter\Database\MySQLi\Connection->execute('UPDATE `compliance_inventory` SET `category_id` = \'2\', `area_id` = \'2\', `item_type_id` = \'48\', `asset_code` = \'HSE-PPE-003\', `type_description` = \'\', `specific_area` = \'Boiler Room\', `pic` = \'\', `status` = \'Good\', `remark` = \'\', `expired_date` = \'\', `updated_at` = \'2026-02-21 04:07:19\'
WHERE `compliance_inventory`.`id` IN (\'294\')')
 2 SYSTEMPATH\Database\BaseConnection.php(646): CodeIgniter\Database\BaseConnection->simpleQuery('UPDATE `compliance_inventory` SET `category_id` = \'2\', `area_id` = \'2\', `item_type_id` = \'48\', `asset_code` = \'HSE-PPE-003\', `type_description` = \'\', `specific_area` = \'Boiler Room\', `pic` = \'\', `status` = \'Good\', `remark` = \'\', `expired_date` = \'\', `updated_at` = \'2026-02-21 04:07:19\'
WHERE `compliance_inventory`.`id` IN (\'294\')')
 3 SYSTEMPATH\Database\BaseBuilder.php(2521): CodeIgniter\Database\BaseConnection->query('UPDATE `compliance_inventory` SET `category_id` = :category_id:, `area_id` = :area_id:, `item_type_id` = :item_type_id:, `asset_code` = :asset_code:, `type_description` = :type_description:, `specific_area` = :specific_area:, `pic` = :pic:, `status` = :status:, `remark` = :remark:, `expired_date` = :expired_date:, `updated_at` = :updated_at:
WHERE `compliance_inventory`.`id` IN :compliance_inventory.id:', [...], false)
 4 SYSTEMPATH\Model.php(461): CodeIgniter\Database\BaseBuilder->update()
 5 SYSTEMPATH\BaseModel.php(1010): CodeIgniter\Model->doUpdate([...], [...])
 6 SYSTEMPATH\Model.php(860): CodeIgniter\BaseModel->update([...], [...])
 7 APPPATH\Controllers\ComplianceInventoryController.php(144): CodeIgniter\Model->update('294', [...])
 8 SYSTEMPATH\CodeIgniter.php(933): App\Controllers\ComplianceInventoryController->update('294')
 9 SYSTEMPATH\CodeIgniter.php(507): CodeIgniter\CodeIgniter->runController(Object(App\Controllers\ComplianceInventoryController))
10 SYSTEMPATH\CodeIgniter.php(354): CodeIgniter\CodeIgniter->handleRequest(null, Object(Config\Cache), false)
11 SYSTEMPATH\Boot.php(363): CodeIgniter\CodeIgniter->run()
12 SYSTEMPATH\Boot.php(68): CodeIgniter\Boot::runCodeIgniter(Object(CodeIgniter\CodeIgniter))
13 FCPATH\index.php(59): CodeIgniter\Boot::bootWeb(Object(Config\Paths))
14 SYSTEMPATH\rewrite.php(44): require_once('C:\\xampp\\htdocs\\eams\\public\\index.php')
CRITICAL - 2026-02-21 04:07:19 --> [Caused by] mysqli_sql_exception: Duplicate entry 'HSE-PPE-003' for key 'uniq_asset_code'
in SYSTEMPATH\Database\MySQLi\Connection.php on line 327.
 1 SYSTEMPATH\Database\MySQLi\Connection.php(327): mysqli->query('UPDATE `compliance_inventory` SET `category_id` = \'2\', `area_id` = \'2\', `item_type_id` = \'48\', `asset_code` = \'HSE-PPE-003\', `type_description` = \'\', `specific_area` = \'Boiler Room\', `pic` = \'\', `status` = \'Good\', `remark` = \'\', `expired_date` = \'\', `updated_at` = \'2026-02-21 04:07:19\'
WHERE `compliance_inventory`.`id` IN (\'294\')', 0)
 2 SYSTEMPATH\Database\BaseConnection.php(729): CodeIgniter\Database\MySQLi\Connection->execute('UPDATE `compliance_inventory` SET `category_id` = \'2\', `area_id` = \'2\', `item_type_id` = \'48\', `asset_code` = \'HSE-PPE-003\', `type_description` = \'\', `specific_area` = \'Boiler Room\', `pic` = \'\', `status` = \'Good\', `remark` = \'\', `expired_date` = \'\', `updated_at` = \'2026-02-21 04:07:19\'
WHERE `compliance_inventory`.`id` IN (\'294\')')
 3 SYSTEMPATH\Database\BaseConnection.php(646): CodeIgniter\Database\BaseConnection->simpleQuery('UPDATE `compliance_inventory` SET `category_id` = \'2\', `area_id` = \'2\', `item_type_id` = \'48\', `asset_code` = \'HSE-PPE-003\', `type_description` = \'\', `specific_area` = \'Boiler Room\', `pic` = \'\', `status` = \'Good\', `remark` = \'\', `expired_date` = \'\', `updated_at` = \'2026-02-21 04:07:19\'
WHERE `compliance_inventory`.`id` IN (\'294\')')
 4 SYSTEMPATH\Database\BaseBuilder.php(2521): CodeIgniter\Database\BaseConnection->query('UPDATE `compliance_inventory` SET `category_id` = :category_id:, `area_id` = :area_id:, `item_type_id` = :item_type_id:, `asset_code` = :asset_code:, `type_description` = :type_description:, `specific_area` = :specific_area:, `pic` = :pic:, `status` = :status:, `remark` = :remark:, `expired_date` = :expired_date:, `updated_at` = :updated_at:
WHERE `compliance_inventory`.`id` IN :compliance_inventory.id:', [...], false)
 5 SYSTEMPATH\Model.php(461): CodeIgniter\Database\BaseBuilder->update()
 6 SYSTEMPATH\BaseModel.php(1010): CodeIgniter\Model->doUpdate([...], [...])
 7 SYSTEMPATH\Model.php(860): CodeIgniter\BaseModel->update([...], [...])
 8 APPPATH\Controllers\ComplianceInventoryController.php(144): CodeIgniter\Model->update('294', [...])
 9 SYSTEMPATH\CodeIgniter.php(933): App\Controllers\ComplianceInventoryController->update('294')
10 SYSTEMPATH\CodeIgniter.php(507): CodeIgniter\CodeIgniter->runController(Object(App\Controllers\ComplianceInventoryController))
11 SYSTEMPATH\CodeIgniter.php(354): CodeIgniter\CodeIgniter->handleRequest(null, Object(Config\Cache), false)
12 SYSTEMPATH\Boot.php(363): CodeIgniter\CodeIgniter->run()
13 SYSTEMPATH\Boot.php(68): CodeIgniter\Boot::runCodeIgniter(Object(CodeIgniter\CodeIgniter))
14 FCPATH\index.php(59): CodeIgniter\Boot::bootWeb(Object(Config\Paths))
15 SYSTEMPATH\rewrite.php(44): require_once('C:\\xampp\\htdocs\\eams\\public\\index.php')
ERROR - 2026-02-21 04:07:40 --> mysqli_sql_exception: Duplicate entry 'HSE-PPE-003' for key 'uniq_asset_code' in C:\xampp\htdocs\eams\system\Database\MySQLi\Connection.php:327
Stack trace:
#0 C:\xampp\htdocs\eams\system\Database\MySQLi\Connection.php(327): mysqli->query('UPDATE `complia...', 0)
#1 C:\xampp\htdocs\eams\system\Database\BaseConnection.php(729): CodeIgniter\Database\MySQLi\Connection->execute('UPDATE `complia...')
#2 C:\xampp\htdocs\eams\system\Database\BaseConnection.php(646): CodeIgniter\Database\BaseConnection->simpleQuery('UPDATE `complia...')
#3 C:\xampp\htdocs\eams\system\Database\BaseBuilder.php(2521): CodeIgniter\Database\BaseConnection->query('UPDATE `complia...', Array, false)
#4 C:\xampp\htdocs\eams\system\Model.php(461): CodeIgniter\Database\BaseBuilder->update()
#5 C:\xampp\htdocs\eams\system\BaseModel.php(1010): CodeIgniter\Model->doUpdate(Array, Array)
#6 C:\xampp\htdocs\eams\system\Model.php(860): CodeIgniter\BaseModel->update(Array, Array)
#7 C:\xampp\htdocs\eams\app\Controllers\ComplianceInventoryController.php(144): CodeIgniter\Model->update('294', Array)
#8 C:\xampp\htdocs\eams\system\CodeIgniter.php(933): App\Controllers\ComplianceInventoryController->update('294')
#9 C:\xampp\htdocs\eams\system\CodeIgniter.php(507): CodeIgniter\CodeIgniter->runController(Object(App\Controllers\ComplianceInventoryController))
#10 C:\xampp\htdocs\eams\system\CodeIgniter.php(354): CodeIgniter\CodeIgniter->handleRequest(NULL, Object(Config\Cache), false)
#11 C:\xampp\htdocs\eams\system\Boot.php(363): CodeIgniter\CodeIgniter->run()
#12 C:\xampp\htdocs\eams\system\Boot.php(68): CodeIgniter\Boot::runCodeIgniter(Object(CodeIgniter\CodeIgniter))
#13 C:\xampp\htdocs\eams\public\index.php(59): CodeIgniter\Boot::bootWeb(Object(Config\Paths))
#14 C:\xampp\htdocs\eams\system\rewrite.php(44): require_once('C:\\xampp\\htdocs...')
#15 {main}
CRITICAL - 2026-02-21 04:07:40 --> CodeIgniter\Database\Exceptions\DatabaseException: Duplicate entry 'HSE-PPE-003' for key 'uniq_asset_code'
[Method: POST, Route: compliance/inventory/update/294]
in SYSTEMPATH\Database\BaseConnection.php on line 684.
 1 SYSTEMPATH\Database\BaseBuilder.php(2521): CodeIgniter\Database\BaseConnection->query('UPDATE `compliance_inventory` SET `category_id` = :category_id:, `area_id` = :area_id:, `item_type_id` = :item_type_id:, `asset_code` = :asset_code:, `type_description` = :type_description:, `specific_area` = :specific_area:, `pic` = :pic:, `status` = :status:, `remark` = :remark:, `expired_date` = :expired_date:, `updated_at` = :updated_at:
WHERE `compliance_inventory`.`id` IN :compliance_inventory.id:', [...], false)
 2 SYSTEMPATH\Model.php(461): CodeIgniter\Database\BaseBuilder->update()
 3 SYSTEMPATH\BaseModel.php(1010): CodeIgniter\Model->doUpdate([...], [...])
 4 SYSTEMPATH\Model.php(860): CodeIgniter\BaseModel->update([...], [...])
 5 APPPATH\Controllers\ComplianceInventoryController.php(144): CodeIgniter\Model->update('294', [...])
 6 SYSTEMPATH\CodeIgniter.php(933): App\Controllers\ComplianceInventoryController->update('294')
 7 SYSTEMPATH\CodeIgniter.php(507): CodeIgniter\CodeIgniter->runController(Object(App\Controllers\ComplianceInventoryController))
 8 SYSTEMPATH\CodeIgniter.php(354): CodeIgniter\CodeIgniter->handleRequest(null, Object(Config\Cache), false)
 9 SYSTEMPATH\Boot.php(363): CodeIgniter\CodeIgniter->run()
10 SYSTEMPATH\Boot.php(68): CodeIgniter\Boot::runCodeIgniter(Object(CodeIgniter\CodeIgniter))
11 FCPATH\index.php(59): CodeIgniter\Boot::bootWeb(Object(Config\Paths))
12 SYSTEMPATH\rewrite.php(44): require_once('C:\\xampp\\htdocs\\eams\\public\\index.php')
CRITICAL - 2026-02-21 04:07:40 --> [Caused by] CodeIgniter\Database\Exceptions\DatabaseException: Duplicate entry 'HSE-PPE-003' for key 'uniq_asset_code'
in SYSTEMPATH\Database\MySQLi\Connection.php on line 332.
 1 SYSTEMPATH\Database\BaseConnection.php(729): CodeIgniter\Database\MySQLi\Connection->execute('UPDATE `compliance_inventory` SET `category_id` = \'2\', `area_id` = \'2\', `item_type_id` = \'48\', `asset_code` = \'HSE-PPE-003\', `type_description` = \'\', `specific_area` = \'Boiler Room\', `pic` = \'\', `status` = \'Good\', `remark` = \'\', `expired_date` = \'\', `updated_at` = \'2026-02-21 04:07:40\'
WHERE `compliance_inventory`.`id` IN (\'294\')')
 2 SYSTEMPATH\Database\BaseConnection.php(646): CodeIgniter\Database\BaseConnection->simpleQuery('UPDATE `compliance_inventory` SET `category_id` = \'2\', `area_id` = \'2\', `item_type_id` = \'48\', `asset_code` = \'HSE-PPE-003\', `type_description` = \'\', `specific_area` = \'Boiler Room\', `pic` = \'\', `status` = \'Good\', `remark` = \'\', `expired_date` = \'\', `updated_at` = \'2026-02-21 04:07:40\'
WHERE `compliance_inventory`.`id` IN (\'294\')')
 3 SYSTEMPATH\Database\BaseBuilder.php(2521): CodeIgniter\Database\BaseConnection->query('UPDATE `compliance_inventory` SET `category_id` = :category_id:, `area_id` = :area_id:, `item_type_id` = :item_type_id:, `asset_code` = :asset_code:, `type_description` = :type_description:, `specific_area` = :specific_area:, `pic` = :pic:, `status` = :status:, `remark` = :remark:, `expired_date` = :expired_date:, `updated_at` = :updated_at:
WHERE `compliance_inventory`.`id` IN :compliance_inventory.id:', [...], false)
 4 SYSTEMPATH\Model.php(461): CodeIgniter\Database\BaseBuilder->update()
 5 SYSTEMPATH\BaseModel.php(1010): CodeIgniter\Model->doUpdate([...], [...])
 6 SYSTEMPATH\Model.php(860): CodeIgniter\BaseModel->update([...], [...])
 7 APPPATH\Controllers\ComplianceInventoryController.php(144): CodeIgniter\Model->update('294', [...])
 8 SYSTEMPATH\CodeIgniter.php(933): App\Controllers\ComplianceInventoryController->update('294')
 9 SYSTEMPATH\CodeIgniter.php(507): CodeIgniter\CodeIgniter->runController(Object(App\Controllers\ComplianceInventoryController))
10 SYSTEMPATH\CodeIgniter.php(354): CodeIgniter\CodeIgniter->handleRequest(null, Object(Config\Cache), false)
11 SYSTEMPATH\Boot.php(363): CodeIgniter\CodeIgniter->run()
12 SYSTEMPATH\Boot.php(68): CodeIgniter\Boot::runCodeIgniter(Object(CodeIgniter\CodeIgniter))
13 FCPATH\index.php(59): CodeIgniter\Boot::bootWeb(Object(Config\Paths))
14 SYSTEMPATH\rewrite.php(44): require_once('C:\\xampp\\htdocs\\eams\\public\\index.php')
CRITICAL - 2026-02-21 04:07:40 --> [Caused by] mysqli_sql_exception: Duplicate entry 'HSE-PPE-003' for key 'uniq_asset_code'
in SYSTEMPATH\Database\MySQLi\Connection.php on line 327.
 1 SYSTEMPATH\Database\MySQLi\Connection.php(327): mysqli->query('UPDATE `compliance_inventory` SET `category_id` = \'2\', `area_id` = \'2\', `item_type_id` = \'48\', `asset_code` = \'HSE-PPE-003\', `type_description` = \'\', `specific_area` = \'Boiler Room\', `pic` = \'\', `status` = \'Good\', `remark` = \'\', `expired_date` = \'\', `updated_at` = \'2026-02-21 04:07:40\'
WHERE `compliance_inventory`.`id` IN (\'294\')', 0)
 2 SYSTEMPATH\Database\BaseConnection.php(729): CodeIgniter\Database\MySQLi\Connection->execute('UPDATE `compliance_inventory` SET `category_id` = \'2\', `area_id` = \'2\', `item_type_id` = \'48\', `asset_code` = \'HSE-PPE-003\', `type_description` = \'\', `specific_area` = \'Boiler Room\', `pic` = \'\', `status` = \'Good\', `remark` = \'\', `expired_date` = \'\', `updated_at` = \'2026-02-21 04:07:40\'
WHERE `compliance_inventory`.`id` IN (\'294\')')
 3 SYSTEMPATH\Database\BaseConnection.php(646): CodeIgniter\Database\BaseConnection->simpleQuery('UPDATE `compliance_inventory` SET `category_id` = \'2\', `area_id` = \'2\', `item_type_id` = \'48\', `asset_code` = \'HSE-PPE-003\', `type_description` = \'\', `specific_area` = \'Boiler Room\', `pic` = \'\', `status` = \'Good\', `remark` = \'\', `expired_date` = \'\', `updated_at` = \'2026-02-21 04:07:40\'
WHERE `compliance_inventory`.`id` IN (\'294\')')
 4 SYSTEMPATH\Database\BaseBuilder.php(2521): CodeIgniter\Database\BaseConnection->query('UPDATE `compliance_inventory` SET `category_id` = :category_id:, `area_id` = :area_id:, `item_type_id` = :item_type_id:, `asset_code` = :asset_code:, `type_description` = :type_description:, `specific_area` = :specific_area:, `pic` = :pic:, `status` = :status:, `remark` = :remark:, `expired_date` = :expired_date:, `updated_at` = :updated_at:
WHERE `compliance_inventory`.`id` IN :compliance_inventory.id:', [...], false)
 5 SYSTEMPATH\Model.php(461): CodeIgniter\Database\BaseBuilder->update()
 6 SYSTEMPATH\BaseModel.php(1010): CodeIgniter\Model->doUpdate([...], [...])
 7 SYSTEMPATH\Model.php(860): CodeIgniter\BaseModel->update([...], [...])
 8 APPPATH\Controllers\ComplianceInventoryController.php(144): CodeIgniter\Model->update('294', [...])
 9 SYSTEMPATH\CodeIgniter.php(933): App\Controllers\ComplianceInventoryController->update('294')
10 SYSTEMPATH\CodeIgniter.php(507): CodeIgniter\CodeIgniter->runController(Object(App\Controllers\ComplianceInventoryController))
11 SYSTEMPATH\CodeIgniter.php(354): CodeIgniter\CodeIgniter->handleRequest(null, Object(Config\Cache), false)
12 SYSTEMPATH\Boot.php(363): CodeIgniter\CodeIgniter->run()
13 SYSTEMPATH\Boot.php(68): CodeIgniter\Boot::runCodeIgniter(Object(CodeIgniter\CodeIgniter))
14 FCPATH\index.php(59): CodeIgniter\Boot::bootWeb(Object(Config\Paths))
15 SYSTEMPATH\rewrite.php(44): require_once('C:\\xampp\\htdocs\\eams\\public\\index.php')
