ERROR - 2026-04-22 16:31:27 --> mysqli_sql_exception: Table 'asset_compliance_system.user_roles' doesn't exist in C:\xampp\htdocs\eams\system\Database\MySQLi\Connection.php:327
Stack trace:
#0 C:\xampp\htdocs\eams\system\Database\MySQLi\Connection.php(327): mysqli->query('SELECT *\nFROM `...', 0)
#1 C:\xampp\htdocs\eams\system\Database\BaseConnection.php(729): CodeIgniter\Database\MySQLi\Connection->execute('SELECT *\nFROM `...')
#2 C:\xampp\htdocs\eams\system\Database\BaseConnection.php(646): CodeIgniter\Database\BaseConnection->simpleQuery('SELECT *\nFROM `...')
#3 C:\xampp\htdocs\eams\system\Database\BaseBuilder.php(1649): CodeIgniter\Database\BaseConnection->query('SELECT *\nFROM `...', Array, false)
#4 C:\xampp\htdocs\eams\system\Model.php(286): CodeIgniter\Database\BaseBuilder->get()
#5 C:\xampp\htdocs\eams\system\BaseModel.php(677): CodeIgniter\Model->doFindAll(0, 0)
#6 C:\xampp\htdocs\eams\app\Controllers\UserController.php(56): CodeIgniter\BaseModel->findAll()
#7 C:\xampp\htdocs\eams\app\Controllers\UserController.php(106): App\Controllers\UserController->loadRoles()
#8 C:\xampp\htdocs\eams\system\CodeIgniter.php(933): App\Controllers\UserController->index()
#9 C:\xampp\htdocs\eams\system\CodeIgniter.php(507): CodeIgniter\CodeIgniter->runController(Object(App\Controllers\UserController))
#10 C:\xampp\htdocs\eams\system\CodeIgniter.php(354): CodeIgniter\CodeIgniter->handleRequest(NULL, Object(Config\Cache), false)
#11 C:\xampp\htdocs\eams\system\Boot.php(363): CodeIgniter\CodeIgniter->run()
#12 C:\xampp\htdocs\eams\system\Boot.php(68): CodeIgniter\Boot::runCodeIgniter(Object(CodeIgniter\CodeIgniter))
#13 C:\xampp\htdocs\eams\public\index.php(59): CodeIgniter\Boot::bootWeb(Object(Config\Paths))
#14 {main}
CRITICAL - 2026-04-22 16:31:27 --> CodeIgniter\Database\Exceptions\DatabaseException: Table 'asset_compliance_system.user_roles' doesn't exist
[Method: GET, Route: users]
in SYSTEMPATH\Database\BaseConnection.php on line 684.
 1 SYSTEMPATH\Database\BaseBuilder.php(1649): CodeIgniter\Database\BaseConnection->query('SELECT *
FROM `user_roles`
ORDER BY `name` ASC', [], false)
 2 SYSTEMPATH\Model.php(286): CodeIgniter\Database\BaseBuilder->get()
 3 SYSTEMPATH\BaseModel.php(677): CodeIgniter\Model->doFindAll(0, 0)
 4 APPPATH\Controllers\UserController.php(56): CodeIgniter\BaseModel->findAll()
 5 APPPATH\Controllers\UserController.php(106): App\Controllers\UserController->loadRoles()
 6 SYSTEMPATH\CodeIgniter.php(933): App\Controllers\UserController->index()
 7 SYSTEMPATH\CodeIgniter.php(507): CodeIgniter\CodeIgniter->runController(Object(App\Controllers\UserController))
 8 SYSTEMPATH\CodeIgniter.php(354): CodeIgniter\CodeIgniter->handleRequest(null, Object(Config\Cache), false)
 9 SYSTEMPATH\Boot.php(363): CodeIgniter\CodeIgniter->run()
10 SYSTEMPATH\Boot.php(68): CodeIgniter\Boot::runCodeIgniter(Object(CodeIgniter\CodeIgniter))
11 FCPATH\index.php(59): CodeIgniter\Boot::bootWeb(Object(Config\Paths))
CRITICAL - 2026-04-22 16:31:27 --> [Caused by] CodeIgniter\Database\Exceptions\DatabaseException: Table 'asset_compliance_system.user_roles' doesn't exist
in SYSTEMPATH\Database\MySQLi\Connection.php on line 332.
 1 SYSTEMPATH\Database\BaseConnection.php(729): CodeIgniter\Database\MySQLi\Connection->execute('SELECT *
FROM `user_roles`
ORDER BY `name` ASC')
 2 SYSTEMPATH\Database\BaseConnection.php(646): CodeIgniter\Database\BaseConnection->simpleQuery('SELECT *
FROM `user_roles`
ORDER BY `name` ASC')
 3 SYSTEMPATH\Database\BaseBuilder.php(1649): CodeIgniter\Database\BaseConnection->query('SELECT *
FROM `user_roles`
ORDER BY `name` ASC', [], false)
 4 SYSTEMPATH\Model.php(286): CodeIgniter\Database\BaseBuilder->get()
 5 SYSTEMPATH\BaseModel.php(677): CodeIgniter\Model->doFindAll(0, 0)
 6 APPPATH\Controllers\UserController.php(56): CodeIgniter\BaseModel->findAll()
 7 APPPATH\Controllers\UserController.php(106): App\Controllers\UserController->loadRoles()
 8 SYSTEMPATH\CodeIgniter.php(933): App\Controllers\UserController->index()
 9 SYSTEMPATH\CodeIgniter.php(507): CodeIgniter\CodeIgniter->runController(Object(App\Controllers\UserController))
10 SYSTEMPATH\CodeIgniter.php(354): CodeIgniter\CodeIgniter->handleRequest(null, Object(Config\Cache), false)
11 SYSTEMPATH\Boot.php(363): CodeIgniter\CodeIgniter->run()
12 SYSTEMPATH\Boot.php(68): CodeIgniter\Boot::runCodeIgniter(Object(CodeIgniter\CodeIgniter))
13 FCPATH\index.php(59): CodeIgniter\Boot::bootWeb(Object(Config\Paths))
CRITICAL - 2026-04-22 16:31:27 --> [Caused by] mysqli_sql_exception: Table 'asset_compliance_system.user_roles' doesn't exist
in SYSTEMPATH\Database\MySQLi\Connection.php on line 327.
 1 SYSTEMPATH\Database\MySQLi\Connection.php(327): mysqli->query('SELECT *
FROM `user_roles`
ORDER BY `name` ASC', 0)
 2 SYSTEMPATH\Database\BaseConnection.php(729): CodeIgniter\Database\MySQLi\Connection->execute('SELECT *
FROM `user_roles`
ORDER BY `name` ASC')
 3 SYSTEMPATH\Database\BaseConnection.php(646): CodeIgniter\Database\BaseConnection->simpleQuery('SELECT *
FROM `user_roles`
ORDER BY `name` ASC')
 4 SYSTEMPATH\Database\BaseBuilder.php(1649): CodeIgniter\Database\BaseConnection->query('SELECT *
FROM `user_roles`
ORDER BY `name` ASC', [], false)
 5 SYSTEMPATH\Model.php(286): CodeIgniter\Database\BaseBuilder->get()
 6 SYSTEMPATH\BaseModel.php(677): CodeIgniter\Model->doFindAll(0, 0)
 7 APPPATH\Controllers\UserController.php(56): CodeIgniter\BaseModel->findAll()
 8 APPPATH\Controllers\UserController.php(106): App\Controllers\UserController->loadRoles()
 9 SYSTEMPATH\CodeIgniter.php(933): App\Controllers\UserController->index()
10 SYSTEMPATH\CodeIgniter.php(507): CodeIgniter\CodeIgniter->runController(Object(App\Controllers\UserController))
11 SYSTEMPATH\CodeIgniter.php(354): CodeIgniter\CodeIgniter->handleRequest(null, Object(Config\Cache), false)
12 SYSTEMPATH\Boot.php(363): CodeIgniter\CodeIgniter->run()
13 SYSTEMPATH\Boot.php(68): CodeIgniter\Boot::runCodeIgniter(Object(CodeIgniter\CodeIgniter))
14 FCPATH\index.php(59): CodeIgniter\Boot::bootWeb(Object(Config\Paths))
ERROR - 2026-04-22 17:30:39 --> mysqli_sql_exception: Table 'asset_compliance_system.patrol_layouts' doesn't exist in C:\xampp\htdocs\eams\system\Database\MySQLi\Connection.php:327
Stack trace:
#0 C:\xampp\htdocs\eams\system\Database\MySQLi\Connection.php(327): mysqli->query('SELECT *\nFROM `...', 0)
#1 C:\xampp\htdocs\eams\system\Database\BaseConnection.php(729): CodeIgniter\Database\MySQLi\Connection->execute('SELECT *\nFROM `...')
#2 C:\xampp\htdocs\eams\system\Database\BaseConnection.php(646): CodeIgniter\Database\BaseConnection->simpleQuery('SELECT *\nFROM `...')
#3 C:\xampp\htdocs\eams\system\Database\BaseBuilder.php(1649): CodeIgniter\Database\BaseConnection->query('SELECT *\nFROM `...', Array, false)
#4 C:\xampp\htdocs\eams\app\Controllers\PatrolController.php(98): CodeIgniter\Database\BaseBuilder->get()
#5 C:\xampp\htdocs\eams\app\Controllers\PatrolController.php(276): App\Controllers\PatrolController->loadActiveLayout()
#6 C:\xampp\htdocs\eams\app\Controllers\PatrolController.php(353): App\Controllers\PatrolController->buildLandingBoot()
#7 C:\xampp\htdocs\eams\system\CodeIgniter.php(933): App\Controllers\PatrolController->index()
#8 C:\xampp\htdocs\eams\system\CodeIgniter.php(507): CodeIgniter\CodeIgniter->runController(Object(App\Controllers\PatrolController))
#9 C:\xampp\htdocs\eams\system\CodeIgniter.php(354): CodeIgniter\CodeIgniter->handleRequest(NULL, Object(Config\Cache), false)
#10 C:\xampp\htdocs\eams\system\Boot.php(363): CodeIgniter\CodeIgniter->run()
#11 C:\xampp\htdocs\eams\system\Boot.php(68): CodeIgniter\Boot::runCodeIgniter(Object(CodeIgniter\CodeIgniter))
#12 C:\xampp\htdocs\eams\public\index.php(59): CodeIgniter\Boot::bootWeb(Object(Config\Paths))
#13 {main}
CRITICAL - 2026-04-22 17:30:39 --> CodeIgniter\Database\Exceptions\DatabaseException: Table 'asset_compliance_system.patrol_layouts' doesn't exist
[Method: GET, Route: patrol]
in SYSTEMPATH\Database\BaseConnection.php on line 684.
 1 SYSTEMPATH\Database\BaseBuilder.php(1649): CodeIgniter\Database\BaseConnection->query('SELECT *
FROM `patrol_layouts`
WHERE `active` = :active:
ORDER BY `id` DESC', [...], false)
 2 APPPATH\Controllers\PatrolController.php(98): CodeIgniter\Database\BaseBuilder->get()
 3 APPPATH\Controllers\PatrolController.php(276): App\Controllers\PatrolController->loadActiveLayout()
 4 APPPATH\Controllers\PatrolController.php(353): App\Controllers\PatrolController->buildLandingBoot()
 5 SYSTEMPATH\CodeIgniter.php(933): App\Controllers\PatrolController->index()
 6 SYSTEMPATH\CodeIgniter.php(507): CodeIgniter\CodeIgniter->runController(Object(App\Controllers\PatrolController))
 7 SYSTEMPATH\CodeIgniter.php(354): CodeIgniter\CodeIgniter->handleRequest(null, Object(Config\Cache), false)
 8 SYSTEMPATH\Boot.php(363): CodeIgniter\CodeIgniter->run()
 9 SYSTEMPATH\Boot.php(68): CodeIgniter\Boot::runCodeIgniter(Object(CodeIgniter\CodeIgniter))
10 FCPATH\index.php(59): CodeIgniter\Boot::bootWeb(Object(Config\Paths))
CRITICAL - 2026-04-22 17:30:39 --> [Caused by] CodeIgniter\Database\Exceptions\DatabaseException: Table 'asset_compliance_system.patrol_layouts' doesn't exist
in SYSTEMPATH\Database\MySQLi\Connection.php on line 332.
 1 SYSTEMPATH\Database\BaseConnection.php(729): CodeIgniter\Database\MySQLi\Connection->execute('SELECT *
FROM `patrol_layouts`
WHERE `active` = 1
ORDER BY `id` DESC')
 2 SYSTEMPATH\Database\BaseConnection.php(646): CodeIgniter\Database\BaseConnection->simpleQuery('SELECT *
FROM `patrol_layouts`
WHERE `active` = 1
ORDER BY `id` DESC')
 3 SYSTEMPATH\Database\BaseBuilder.php(1649): CodeIgniter\Database\BaseConnection->query('SELECT *
FROM `patrol_layouts`
WHERE `active` = :active:
ORDER BY `id` DESC', [...], false)
 4 APPPATH\Controllers\PatrolController.php(98): CodeIgniter\Database\BaseBuilder->get()
 5 APPPATH\Controllers\PatrolController.php(276): App\Controllers\PatrolController->loadActiveLayout()
 6 APPPATH\Controllers\PatrolController.php(353): App\Controllers\PatrolController->buildLandingBoot()
 7 SYSTEMPATH\CodeIgniter.php(933): App\Controllers\PatrolController->index()
 8 SYSTEMPATH\CodeIgniter.php(507): CodeIgniter\CodeIgniter->runController(Object(App\Controllers\PatrolController))
 9 SYSTEMPATH\CodeIgniter.php(354): CodeIgniter\CodeIgniter->handleRequest(null, Object(Config\Cache), false)
10 SYSTEMPATH\Boot.php(363): CodeIgniter\CodeIgniter->run()
11 SYSTEMPATH\Boot.php(68): CodeIgniter\Boot::runCodeIgniter(Object(CodeIgniter\CodeIgniter))
12 FCPATH\index.php(59): CodeIgniter\Boot::bootWeb(Object(Config\Paths))
CRITICAL - 2026-04-22 17:30:39 --> [Caused by] mysqli_sql_exception: Table 'asset_compliance_system.patrol_layouts' doesn't exist
in SYSTEMPATH\Database\MySQLi\Connection.php on line 327.
 1 SYSTEMPATH\Database\MySQLi\Connection.php(327): mysqli->query('SELECT *
FROM `patrol_layouts`
WHERE `active` = 1
ORDER BY `id` DESC', 0)
 2 SYSTEMPATH\Database\BaseConnection.php(729): CodeIgniter\Database\MySQLi\Connection->execute('SELECT *
FROM `patrol_layouts`
WHERE `active` = 1
ORDER BY `id` DESC')
 3 SYSTEMPATH\Database\BaseConnection.php(646): CodeIgniter\Database\BaseConnection->simpleQuery('SELECT *
FROM `patrol_layouts`
WHERE `active` = 1
ORDER BY `id` DESC')
 4 SYSTEMPATH\Database\BaseBuilder.php(1649): CodeIgniter\Database\BaseConnection->query('SELECT *
FROM `patrol_layouts`
WHERE `active` = :active:
ORDER BY `id` DESC', [...], false)
 5 APPPATH\Controllers\PatrolController.php(98): CodeIgniter\Database\BaseBuilder->get()
 6 APPPATH\Controllers\PatrolController.php(276): App\Controllers\PatrolController->loadActiveLayout()
 7 APPPATH\Controllers\PatrolController.php(353): App\Controllers\PatrolController->buildLandingBoot()
 8 SYSTEMPATH\CodeIgniter.php(933): App\Controllers\PatrolController->index()
 9 SYSTEMPATH\CodeIgniter.php(507): CodeIgniter\CodeIgniter->runController(Object(App\Controllers\PatrolController))
10 SYSTEMPATH\CodeIgniter.php(354): CodeIgniter\CodeIgniter->handleRequest(null, Object(Config\Cache), false)
11 SYSTEMPATH\Boot.php(363): CodeIgniter\CodeIgniter->run()
12 SYSTEMPATH\Boot.php(68): CodeIgniter\Boot::runCodeIgniter(Object(CodeIgniter\CodeIgniter))
13 FCPATH\index.php(59): CodeIgniter\Boot::bootWeb(Object(Config\Paths))
ERROR - 2026-04-22 17:31:51 --> mysqli_sql_exception: Table 'asset_compliance_system.patrol_layouts' doesn't exist in C:\xampp\htdocs\eams\system\Database\MySQLi\Connection.php:327
Stack trace:
#0 C:\xampp\htdocs\eams\system\Database\MySQLi\Connection.php(327): mysqli->query('SELECT *\nFROM `...', 0)
#1 C:\xampp\htdocs\eams\system\Database\BaseConnection.php(729): CodeIgniter\Database\MySQLi\Connection->execute('SELECT *\nFROM `...')
#2 C:\xampp\htdocs\eams\system\Database\BaseConnection.php(646): CodeIgniter\Database\BaseConnection->simpleQuery('SELECT *\nFROM `...')
#3 C:\xampp\htdocs\eams\system\Database\BaseBuilder.php(1649): CodeIgniter\Database\BaseConnection->query('SELECT *\nFROM `...', Array, false)
#4 C:\xampp\htdocs\eams\app\Controllers\PatrolController.php(98): CodeIgniter\Database\BaseBuilder->get()
#5 C:\xampp\htdocs\eams\app\Controllers\PatrolController.php(276): App\Controllers\PatrolController->loadActiveLayout()
#6 C:\xampp\htdocs\eams\app\Controllers\PatrolController.php(353): App\Controllers\PatrolController->buildLandingBoot()
#7 C:\xampp\htdocs\eams\system\CodeIgniter.php(933): App\Controllers\PatrolController->index()
#8 C:\xampp\htdocs\eams\system\CodeIgniter.php(507): CodeIgniter\CodeIgniter->runController(Object(App\Controllers\PatrolController))
#9 C:\xampp\htdocs\eams\system\CodeIgniter.php(354): CodeIgniter\CodeIgniter->handleRequest(NULL, Object(Config\Cache), false)
#10 C:\xampp\htdocs\eams\system\Boot.php(363): CodeIgniter\CodeIgniter->run()
#11 C:\xampp\htdocs\eams\system\Boot.php(68): CodeIgniter\Boot::runCodeIgniter(Object(CodeIgniter\CodeIgniter))
#12 C:\xampp\htdocs\eams\public\index.php(59): CodeIgniter\Boot::bootWeb(Object(Config\Paths))
#13 {main}
CRITICAL - 2026-04-22 17:31:51 --> CodeIgniter\Database\Exceptions\DatabaseException: Table 'asset_compliance_system.patrol_layouts' doesn't exist
[Method: GET, Route: patrol]
in SYSTEMPATH\Database\BaseConnection.php on line 684.
 1 SYSTEMPATH\Database\BaseBuilder.php(1649): CodeIgniter\Database\BaseConnection->query('SELECT *
FROM `patrol_layouts`
WHERE `active` = :active:
ORDER BY `id` DESC', [...], false)
 2 APPPATH\Controllers\PatrolController.php(98): CodeIgniter\Database\BaseBuilder->get()
 3 APPPATH\Controllers\PatrolController.php(276): App\Controllers\PatrolController->loadActiveLayout()
 4 APPPATH\Controllers\PatrolController.php(353): App\Controllers\PatrolController->buildLandingBoot()
 5 SYSTEMPATH\CodeIgniter.php(933): App\Controllers\PatrolController->index()
 6 SYSTEMPATH\CodeIgniter.php(507): CodeIgniter\CodeIgniter->runController(Object(App\Controllers\PatrolController))
 7 SYSTEMPATH\CodeIgniter.php(354): CodeIgniter\CodeIgniter->handleRequest(null, Object(Config\Cache), false)
 8 SYSTEMPATH\Boot.php(363): CodeIgniter\CodeIgniter->run()
 9 SYSTEMPATH\Boot.php(68): CodeIgniter\Boot::runCodeIgniter(Object(CodeIgniter\CodeIgniter))
10 FCPATH\index.php(59): CodeIgniter\Boot::bootWeb(Object(Config\Paths))
CRITICAL - 2026-04-22 17:31:51 --> [Caused by] CodeIgniter\Database\Exceptions\DatabaseException: Table 'asset_compliance_system.patrol_layouts' doesn't exist
in SYSTEMPATH\Database\MySQLi\Connection.php on line 332.
 1 SYSTEMPATH\Database\BaseConnection.php(729): CodeIgniter\Database\MySQLi\Connection->execute('SELECT *
FROM `patrol_layouts`
WHERE `active` = 1
ORDER BY `id` DESC')
 2 SYSTEMPATH\Database\BaseConnection.php(646): CodeIgniter\Database\BaseConnection->simpleQuery('SELECT *
FROM `patrol_layouts`
WHERE `active` = 1
ORDER BY `id` DESC')
 3 SYSTEMPATH\Database\BaseBuilder.php(1649): CodeIgniter\Database\BaseConnection->query('SELECT *
FROM `patrol_layouts`
WHERE `active` = :active:
ORDER BY `id` DESC', [...], false)
 4 APPPATH\Controllers\PatrolController.php(98): CodeIgniter\Database\BaseBuilder->get()
 5 APPPATH\Controllers\PatrolController.php(276): App\Controllers\PatrolController->loadActiveLayout()
 6 APPPATH\Controllers\PatrolController.php(353): App\Controllers\PatrolController->buildLandingBoot()
 7 SYSTEMPATH\CodeIgniter.php(933): App\Controllers\PatrolController->index()
 8 SYSTEMPATH\CodeIgniter.php(507): CodeIgniter\CodeIgniter->runController(Object(App\Controllers\PatrolController))
 9 SYSTEMPATH\CodeIgniter.php(354): CodeIgniter\CodeIgniter->handleRequest(null, Object(Config\Cache), false)
10 SYSTEMPATH\Boot.php(363): CodeIgniter\CodeIgniter->run()
11 SYSTEMPATH\Boot.php(68): CodeIgniter\Boot::runCodeIgniter(Object(CodeIgniter\CodeIgniter))
12 FCPATH\index.php(59): CodeIgniter\Boot::bootWeb(Object(Config\Paths))
CRITICAL - 2026-04-22 17:31:51 --> [Caused by] mysqli_sql_exception: Table 'asset_compliance_system.patrol_layouts' doesn't exist
in SYSTEMPATH\Database\MySQLi\Connection.php on line 327.
 1 SYSTEMPATH\Database\MySQLi\Connection.php(327): mysqli->query('SELECT *
FROM `patrol_layouts`
WHERE `active` = 1
ORDER BY `id` DESC', 0)
 2 SYSTEMPATH\Database\BaseConnection.php(729): CodeIgniter\Database\MySQLi\Connection->execute('SELECT *
FROM `patrol_layouts`
WHERE `active` = 1
ORDER BY `id` DESC')
 3 SYSTEMPATH\Database\BaseConnection.php(646): CodeIgniter\Database\BaseConnection->simpleQuery('SELECT *
FROM `patrol_layouts`
WHERE `active` = 1
ORDER BY `id` DESC')
 4 SYSTEMPATH\Database\BaseBuilder.php(1649): CodeIgniter\Database\BaseConnection->query('SELECT *
FROM `patrol_layouts`
WHERE `active` = :active:
ORDER BY `id` DESC', [...], false)
 5 APPPATH\Controllers\PatrolController.php(98): CodeIgniter\Database\BaseBuilder->get()
 6 APPPATH\Controllers\PatrolController.php(276): App\Controllers\PatrolController->loadActiveLayout()
 7 APPPATH\Controllers\PatrolController.php(353): App\Controllers\PatrolController->buildLandingBoot()
 8 SYSTEMPATH\CodeIgniter.php(933): App\Controllers\PatrolController->index()
 9 SYSTEMPATH\CodeIgniter.php(507): CodeIgniter\CodeIgniter->runController(Object(App\Controllers\PatrolController))
10 SYSTEMPATH\CodeIgniter.php(354): CodeIgniter\CodeIgniter->handleRequest(null, Object(Config\Cache), false)
11 SYSTEMPATH\Boot.php(363): CodeIgniter\CodeIgniter->run()
12 SYSTEMPATH\Boot.php(68): CodeIgniter\Boot::runCodeIgniter(Object(CodeIgniter\CodeIgniter))
13 FCPATH\index.php(59): CodeIgniter\Boot::bootWeb(Object(Config\Paths))
ERROR - 2026-04-22 17:33:02 --> mysqli_sql_exception: Table 'asset_compliance_system.patrol_layouts' doesn't exist in C:\xampp\htdocs\eams\system\Database\MySQLi\Connection.php:327
Stack trace:
#0 C:\xampp\htdocs\eams\system\Database\MySQLi\Connection.php(327): mysqli->query('SELECT *\nFROM `...', 0)
#1 C:\xampp\htdocs\eams\system\Database\BaseConnection.php(729): CodeIgniter\Database\MySQLi\Connection->execute('SELECT *\nFROM `...')
#2 C:\xampp\htdocs\eams\system\Database\BaseConnection.php(646): CodeIgniter\Database\BaseConnection->simpleQuery('SELECT *\nFROM `...')
#3 C:\xampp\htdocs\eams\system\Database\BaseBuilder.php(1649): CodeIgniter\Database\BaseConnection->query('SELECT *\nFROM `...', Array, false)
#4 C:\xampp\htdocs\eams\app\Controllers\PatrolController.php(98): CodeIgniter\Database\BaseBuilder->get()
#5 C:\xampp\htdocs\eams\app\Controllers\PatrolController.php(276): App\Controllers\PatrolController->loadActiveLayout()
#6 C:\xampp\htdocs\eams\app\Controllers\PatrolController.php(353): App\Controllers\PatrolController->buildLandingBoot()
#7 C:\xampp\htdocs\eams\system\CodeIgniter.php(933): App\Controllers\PatrolController->index()
#8 C:\xampp\htdocs\eams\system\CodeIgniter.php(507): CodeIgniter\CodeIgniter->runController(Object(App\Controllers\PatrolController))
#9 C:\xampp\htdocs\eams\system\CodeIgniter.php(354): CodeIgniter\CodeIgniter->handleRequest(NULL, Object(Config\Cache), false)
#10 C:\xampp\htdocs\eams\system\Boot.php(363): CodeIgniter\CodeIgniter->run()
#11 C:\xampp\htdocs\eams\system\Boot.php(68): CodeIgniter\Boot::runCodeIgniter(Object(CodeIgniter\CodeIgniter))
#12 C:\xampp\htdocs\eams\public\index.php(59): CodeIgniter\Boot::bootWeb(Object(Config\Paths))
#13 {main}
CRITICAL - 2026-04-22 17:33:02 --> CodeIgniter\Database\Exceptions\DatabaseException: Table 'asset_compliance_system.patrol_layouts' doesn't exist
[Method: GET, Route: patrol]
in SYSTEMPATH\Database\BaseConnection.php on line 684.
 1 SYSTEMPATH\Database\BaseBuilder.php(1649): CodeIgniter\Database\BaseConnection->query('SELECT *
FROM `patrol_layouts`
WHERE `active` = :active:
ORDER BY `id` DESC', [...], false)
 2 APPPATH\Controllers\PatrolController.php(98): CodeIgniter\Database\BaseBuilder->get()
 3 APPPATH\Controllers\PatrolController.php(276): App\Controllers\PatrolController->loadActiveLayout()
 4 APPPATH\Controllers\PatrolController.php(353): App\Controllers\PatrolController->buildLandingBoot()
 5 SYSTEMPATH\CodeIgniter.php(933): App\Controllers\PatrolController->index()
 6 SYSTEMPATH\CodeIgniter.php(507): CodeIgniter\CodeIgniter->runController(Object(App\Controllers\PatrolController))
 7 SYSTEMPATH\CodeIgniter.php(354): CodeIgniter\CodeIgniter->handleRequest(null, Object(Config\Cache), false)
 8 SYSTEMPATH\Boot.php(363): CodeIgniter\CodeIgniter->run()
 9 SYSTEMPATH\Boot.php(68): CodeIgniter\Boot::runCodeIgniter(Object(CodeIgniter\CodeIgniter))
10 FCPATH\index.php(59): CodeIgniter\Boot::bootWeb(Object(Config\Paths))
CRITICAL - 2026-04-22 17:33:02 --> [Caused by] CodeIgniter\Database\Exceptions\DatabaseException: Table 'asset_compliance_system.patrol_layouts' doesn't exist
in SYSTEMPATH\Database\MySQLi\Connection.php on line 332.
 1 SYSTEMPATH\Database\BaseConnection.php(729): CodeIgniter\Database\MySQLi\Connection->execute('SELECT *
FROM `patrol_layouts`
WHERE `active` = 1
ORDER BY `id` DESC')
 2 SYSTEMPATH\Database\BaseConnection.php(646): CodeIgniter\Database\BaseConnection->simpleQuery('SELECT *
FROM `patrol_layouts`
WHERE `active` = 1
ORDER BY `id` DESC')
 3 SYSTEMPATH\Database\BaseBuilder.php(1649): CodeIgniter\Database\BaseConnection->query('SELECT *
FROM `patrol_layouts`
WHERE `active` = :active:
ORDER BY `id` DESC', [...], false)
 4 APPPATH\Controllers\PatrolController.php(98): CodeIgniter\Database\BaseBuilder->get()
 5 APPPATH\Controllers\PatrolController.php(276): App\Controllers\PatrolController->loadActiveLayout()
 6 APPPATH\Controllers\PatrolController.php(353): App\Controllers\PatrolController->buildLandingBoot()
 7 SYSTEMPATH\CodeIgniter.php(933): App\Controllers\PatrolController->index()
 8 SYSTEMPATH\CodeIgniter.php(507): CodeIgniter\CodeIgniter->runController(Object(App\Controllers\PatrolController))
 9 SYSTEMPATH\CodeIgniter.php(354): CodeIgniter\CodeIgniter->handleRequest(null, Object(Config\Cache), false)
10 SYSTEMPATH\Boot.php(363): CodeIgniter\CodeIgniter->run()
11 SYSTEMPATH\Boot.php(68): CodeIgniter\Boot::runCodeIgniter(Object(CodeIgniter\CodeIgniter))
12 FCPATH\index.php(59): CodeIgniter\Boot::bootWeb(Object(Config\Paths))
CRITICAL - 2026-04-22 17:33:02 --> [Caused by] mysqli_sql_exception: Table 'asset_compliance_system.patrol_layouts' doesn't exist
in SYSTEMPATH\Database\MySQLi\Connection.php on line 327.
 1 SYSTEMPATH\Database\MySQLi\Connection.php(327): mysqli->query('SELECT *
FROM `patrol_layouts`
WHERE `active` = 1
ORDER BY `id` DESC', 0)
 2 SYSTEMPATH\Database\BaseConnection.php(729): CodeIgniter\Database\MySQLi\Connection->execute('SELECT *
FROM `patrol_layouts`
WHERE `active` = 1
ORDER BY `id` DESC')
 3 SYSTEMPATH\Database\BaseConnection.php(646): CodeIgniter\Database\BaseConnection->simpleQuery('SELECT *
FROM `patrol_layouts`
WHERE `active` = 1
ORDER BY `id` DESC')
 4 SYSTEMPATH\Database\BaseBuilder.php(1649): CodeIgniter\Database\BaseConnection->query('SELECT *
FROM `patrol_layouts`
WHERE `active` = :active:
ORDER BY `id` DESC', [...], false)
 5 APPPATH\Controllers\PatrolController.php(98): CodeIgniter\Database\BaseBuilder->get()
 6 APPPATH\Controllers\PatrolController.php(276): App\Controllers\PatrolController->loadActiveLayout()
 7 APPPATH\Controllers\PatrolController.php(353): App\Controllers\PatrolController->buildLandingBoot()
 8 SYSTEMPATH\CodeIgniter.php(933): App\Controllers\PatrolController->index()
 9 SYSTEMPATH\CodeIgniter.php(507): CodeIgniter\CodeIgniter->runController(Object(App\Controllers\PatrolController))
10 SYSTEMPATH\CodeIgniter.php(354): CodeIgniter\CodeIgniter->handleRequest(null, Object(Config\Cache), false)
11 SYSTEMPATH\Boot.php(363): CodeIgniter\CodeIgniter->run()
12 SYSTEMPATH\Boot.php(68): CodeIgniter\Boot::runCodeIgniter(Object(CodeIgniter\CodeIgniter))
13 FCPATH\index.php(59): CodeIgniter\Boot::bootWeb(Object(Config\Paths))
ERROR - 2026-04-22 17:33:10 --> mysqli_sql_exception: Table 'asset_compliance_system.patrol_layouts' doesn't exist in C:\xampp\htdocs\eams\system\Database\MySQLi\Connection.php:327
Stack trace:
#0 C:\xampp\htdocs\eams\system\Database\MySQLi\Connection.php(327): mysqli->query('SELECT *\nFROM `...', 0)
#1 C:\xampp\htdocs\eams\system\Database\BaseConnection.php(729): CodeIgniter\Database\MySQLi\Connection->execute('SELECT *\nFROM `...')
#2 C:\xampp\htdocs\eams\system\Database\BaseConnection.php(646): CodeIgniter\Database\BaseConnection->simpleQuery('SELECT *\nFROM `...')
#3 C:\xampp\htdocs\eams\system\Database\BaseBuilder.php(1649): CodeIgniter\Database\BaseConnection->query('SELECT *\nFROM `...', Array, false)
#4 C:\xampp\htdocs\eams\app\Controllers\PatrolController.php(98): CodeIgniter\Database\BaseBuilder->get()
#5 C:\xampp\htdocs\eams\app\Controllers\PatrolController.php(276): App\Controllers\PatrolController->loadActiveLayout()
#6 C:\xampp\htdocs\eams\app\Controllers\PatrolController.php(353): App\Controllers\PatrolController->buildLandingBoot()
#7 C:\xampp\htdocs\eams\system\CodeIgniter.php(933): App\Controllers\PatrolController->index()
#8 C:\xampp\htdocs\eams\system\CodeIgniter.php(507): CodeIgniter\CodeIgniter->runController(Object(App\Controllers\PatrolController))
#9 C:\xampp\htdocs\eams\system\CodeIgniter.php(354): CodeIgniter\CodeIgniter->handleRequest(NULL, Object(Config\Cache), false)
#10 C:\xampp\htdocs\eams\system\Boot.php(363): CodeIgniter\CodeIgniter->run()
#11 C:\xampp\htdocs\eams\system\Boot.php(68): CodeIgniter\Boot::runCodeIgniter(Object(CodeIgniter\CodeIgniter))
#12 C:\xampp\htdocs\eams\public\index.php(59): CodeIgniter\Boot::bootWeb(Object(Config\Paths))
#13 {main}
CRITICAL - 2026-04-22 17:33:10 --> CodeIgniter\Database\Exceptions\DatabaseException: Table 'asset_compliance_system.patrol_layouts' doesn't exist
[Method: GET, Route: patrol]
in SYSTEMPATH\Database\BaseConnection.php on line 684.
 1 SYSTEMPATH\Database\BaseBuilder.php(1649): CodeIgniter\Database\BaseConnection->query('SELECT *
FROM `patrol_layouts`
WHERE `active` = :active:
ORDER BY `id` DESC', [...], false)
 2 APPPATH\Controllers\PatrolController.php(98): CodeIgniter\Database\BaseBuilder->get()
 3 APPPATH\Controllers\PatrolController.php(276): App\Controllers\PatrolController->loadActiveLayout()
 4 APPPATH\Controllers\PatrolController.php(353): App\Controllers\PatrolController->buildLandingBoot()
 5 SYSTEMPATH\CodeIgniter.php(933): App\Controllers\PatrolController->index()
 6 SYSTEMPATH\CodeIgniter.php(507): CodeIgniter\CodeIgniter->runController(Object(App\Controllers\PatrolController))
 7 SYSTEMPATH\CodeIgniter.php(354): CodeIgniter\CodeIgniter->handleRequest(null, Object(Config\Cache), false)
 8 SYSTEMPATH\Boot.php(363): CodeIgniter\CodeIgniter->run()
 9 SYSTEMPATH\Boot.php(68): CodeIgniter\Boot::runCodeIgniter(Object(CodeIgniter\CodeIgniter))
10 FCPATH\index.php(59): CodeIgniter\Boot::bootWeb(Object(Config\Paths))
CRITICAL - 2026-04-22 17:33:10 --> [Caused by] CodeIgniter\Database\Exceptions\DatabaseException: Table 'asset_compliance_system.patrol_layouts' doesn't exist
in SYSTEMPATH\Database\MySQLi\Connection.php on line 332.
 1 SYSTEMPATH\Database\BaseConnection.php(729): CodeIgniter\Database\MySQLi\Connection->execute('SELECT *
FROM `patrol_layouts`
WHERE `active` = 1
ORDER BY `id` DESC')
 2 SYSTEMPATH\Database\BaseConnection.php(646): CodeIgniter\Database\BaseConnection->simpleQuery('SELECT *
FROM `patrol_layouts`
WHERE `active` = 1
ORDER BY `id` DESC')
 3 SYSTEMPATH\Database\BaseBuilder.php(1649): CodeIgniter\Database\BaseConnection->query('SELECT *
FROM `patrol_layouts`
WHERE `active` = :active:
ORDER BY `id` DESC', [...], false)
 4 APPPATH\Controllers\PatrolController.php(98): CodeIgniter\Database\BaseBuilder->get()
 5 APPPATH\Controllers\PatrolController.php(276): App\Controllers\PatrolController->loadActiveLayout()
 6 APPPATH\Controllers\PatrolController.php(353): App\Controllers\PatrolController->buildLandingBoot()
 7 SYSTEMPATH\CodeIgniter.php(933): App\Controllers\PatrolController->index()
 8 SYSTEMPATH\CodeIgniter.php(507): CodeIgniter\CodeIgniter->runController(Object(App\Controllers\PatrolController))
 9 SYSTEMPATH\CodeIgniter.php(354): CodeIgniter\CodeIgniter->handleRequest(null, Object(Config\Cache), false)
10 SYSTEMPATH\Boot.php(363): CodeIgniter\CodeIgniter->run()
11 SYSTEMPATH\Boot.php(68): CodeIgniter\Boot::runCodeIgniter(Object(CodeIgniter\CodeIgniter))
12 FCPATH\index.php(59): CodeIgniter\Boot::bootWeb(Object(Config\Paths))
CRITICAL - 2026-04-22 17:33:10 --> [Caused by] mysqli_sql_exception: Table 'asset_compliance_system.patrol_layouts' doesn't exist
in SYSTEMPATH\Database\MySQLi\Connection.php on line 327.
 1 SYSTEMPATH\Database\MySQLi\Connection.php(327): mysqli->query('SELECT *
FROM `patrol_layouts`
WHERE `active` = 1
ORDER BY `id` DESC', 0)
 2 SYSTEMPATH\Database\BaseConnection.php(729): CodeIgniter\Database\MySQLi\Connection->execute('SELECT *
FROM `patrol_layouts`
WHERE `active` = 1
ORDER BY `id` DESC')
 3 SYSTEMPATH\Database\BaseConnection.php(646): CodeIgniter\Database\BaseConnection->simpleQuery('SELECT *
FROM `patrol_layouts`
WHERE `active` = 1
ORDER BY `id` DESC')
 4 SYSTEMPATH\Database\BaseBuilder.php(1649): CodeIgniter\Database\BaseConnection->query('SELECT *
FROM `patrol_layouts`
WHERE `active` = :active:
ORDER BY `id` DESC', [...], false)
 5 APPPATH\Controllers\PatrolController.php(98): CodeIgniter\Database\BaseBuilder->get()
 6 APPPATH\Controllers\PatrolController.php(276): App\Controllers\PatrolController->loadActiveLayout()
 7 APPPATH\Controllers\PatrolController.php(353): App\Controllers\PatrolController->buildLandingBoot()
 8 SYSTEMPATH\CodeIgniter.php(933): App\Controllers\PatrolController->index()
 9 SYSTEMPATH\CodeIgniter.php(507): CodeIgniter\CodeIgniter->runController(Object(App\Controllers\PatrolController))
10 SYSTEMPATH\CodeIgniter.php(354): CodeIgniter\CodeIgniter->handleRequest(null, Object(Config\Cache), false)
11 SYSTEMPATH\Boot.php(363): CodeIgniter\CodeIgniter->run()
12 SYSTEMPATH\Boot.php(68): CodeIgniter\Boot::runCodeIgniter(Object(CodeIgniter\CodeIgniter))
13 FCPATH\index.php(59): CodeIgniter\Boot::bootWeb(Object(Config\Paths))
ERROR - 2026-04-22 17:35:34 --> mysqli_sql_exception: Table 'asset_compliance_system.patrol_layouts' doesn't exist in C:\xampp\htdocs\eams\system\Database\MySQLi\Connection.php:327
Stack trace:
#0 C:\xampp\htdocs\eams\system\Database\MySQLi\Connection.php(327): mysqli->query('SELECT *\nFROM `...', 0)
#1 C:\xampp\htdocs\eams\system\Database\BaseConnection.php(729): CodeIgniter\Database\MySQLi\Connection->execute('SELECT *\nFROM `...')
#2 C:\xampp\htdocs\eams\system\Database\BaseConnection.php(646): CodeIgniter\Database\BaseConnection->simpleQuery('SELECT *\nFROM `...')
#3 C:\xampp\htdocs\eams\system\Database\BaseBuilder.php(1649): CodeIgniter\Database\BaseConnection->query('SELECT *\nFROM `...', Array, false)
#4 C:\xampp\htdocs\eams\app\Controllers\PatrolController.php(98): CodeIgniter\Database\BaseBuilder->get()
#5 C:\xampp\htdocs\eams\app\Controllers\PatrolController.php(276): App\Controllers\PatrolController->loadActiveLayout()
#6 C:\xampp\htdocs\eams\app\Controllers\PatrolController.php(353): App\Controllers\PatrolController->buildLandingBoot()
#7 C:\xampp\htdocs\eams\system\CodeIgniter.php(933): App\Controllers\PatrolController->index()
#8 C:\xampp\htdocs\eams\system\CodeIgniter.php(507): CodeIgniter\CodeIgniter->runController(Object(App\Controllers\PatrolController))
#9 C:\xampp\htdocs\eams\system\CodeIgniter.php(354): CodeIgniter\CodeIgniter->handleRequest(NULL, Object(Config\Cache), false)
#10 C:\xampp\htdocs\eams\system\Boot.php(363): CodeIgniter\CodeIgniter->run()
#11 C:\xampp\htdocs\eams\system\Boot.php(68): CodeIgniter\Boot::runCodeIgniter(Object(CodeIgniter\CodeIgniter))
#12 C:\xampp\htdocs\eams\public\index.php(59): CodeIgniter\Boot::bootWeb(Object(Config\Paths))
#13 {main}
CRITICAL - 2026-04-22 17:35:34 --> CodeIgniter\Database\Exceptions\DatabaseException: Table 'asset_compliance_system.patrol_layouts' doesn't exist
[Method: GET, Route: patrol]
in SYSTEMPATH\Database\BaseConnection.php on line 684.
 1 SYSTEMPATH\Database\BaseBuilder.php(1649): CodeIgniter\Database\BaseConnection->query('SELECT *
FROM `patrol_layouts`
WHERE `active` = :active:
ORDER BY `id` DESC', [...], false)
 2 APPPATH\Controllers\PatrolController.php(98): CodeIgniter\Database\BaseBuilder->get()
 3 APPPATH\Controllers\PatrolController.php(276): App\Controllers\PatrolController->loadActiveLayout()
 4 APPPATH\Controllers\PatrolController.php(353): App\Controllers\PatrolController->buildLandingBoot()
 5 SYSTEMPATH\CodeIgniter.php(933): App\Controllers\PatrolController->index()
 6 SYSTEMPATH\CodeIgniter.php(507): CodeIgniter\CodeIgniter->runController(Object(App\Controllers\PatrolController))
 7 SYSTEMPATH\CodeIgniter.php(354): CodeIgniter\CodeIgniter->handleRequest(null, Object(Config\Cache), false)
 8 SYSTEMPATH\Boot.php(363): CodeIgniter\CodeIgniter->run()
 9 SYSTEMPATH\Boot.php(68): CodeIgniter\Boot::runCodeIgniter(Object(CodeIgniter\CodeIgniter))
10 FCPATH\index.php(59): CodeIgniter\Boot::bootWeb(Object(Config\Paths))
CRITICAL - 2026-04-22 17:35:34 --> [Caused by] CodeIgniter\Database\Exceptions\DatabaseException: Table 'asset_compliance_system.patrol_layouts' doesn't exist
in SYSTEMPATH\Database\MySQLi\Connection.php on line 332.
 1 SYSTEMPATH\Database\BaseConnection.php(729): CodeIgniter\Database\MySQLi\Connection->execute('SELECT *
FROM `patrol_layouts`
WHERE `active` = 1
ORDER BY `id` DESC')
 2 SYSTEMPATH\Database\BaseConnection.php(646): CodeIgniter\Database\BaseConnection->simpleQuery('SELECT *
FROM `patrol_layouts`
WHERE `active` = 1
ORDER BY `id` DESC')
 3 SYSTEMPATH\Database\BaseBuilder.php(1649): CodeIgniter\Database\BaseConnection->query('SELECT *
FROM `patrol_layouts`
WHERE `active` = :active:
ORDER BY `id` DESC', [...], false)
 4 APPPATH\Controllers\PatrolController.php(98): CodeIgniter\Database\BaseBuilder->get()
 5 APPPATH\Controllers\PatrolController.php(276): App\Controllers\PatrolController->loadActiveLayout()
 6 APPPATH\Controllers\PatrolController.php(353): App\Controllers\PatrolController->buildLandingBoot()
 7 SYSTEMPATH\CodeIgniter.php(933): App\Controllers\PatrolController->index()
 8 SYSTEMPATH\CodeIgniter.php(507): CodeIgniter\CodeIgniter->runController(Object(App\Controllers\PatrolController))
 9 SYSTEMPATH\CodeIgniter.php(354): CodeIgniter\CodeIgniter->handleRequest(null, Object(Config\Cache), false)
10 SYSTEMPATH\Boot.php(363): CodeIgniter\CodeIgniter->run()
11 SYSTEMPATH\Boot.php(68): CodeIgniter\Boot::runCodeIgniter(Object(CodeIgniter\CodeIgniter))
12 FCPATH\index.php(59): CodeIgniter\Boot::bootWeb(Object(Config\Paths))
CRITICAL - 2026-04-22 17:35:34 --> [Caused by] mysqli_sql_exception: Table 'asset_compliance_system.patrol_layouts' doesn't exist
in SYSTEMPATH\Database\MySQLi\Connection.php on line 327.
 1 SYSTEMPATH\Database\MySQLi\Connection.php(327): mysqli->query('SELECT *
FROM `patrol_layouts`
WHERE `active` = 1
ORDER BY `id` DESC', 0)
 2 SYSTEMPATH\Database\BaseConnection.php(729): CodeIgniter\Database\MySQLi\Connection->execute('SELECT *
FROM `patrol_layouts`
WHERE `active` = 1
ORDER BY `id` DESC')
 3 SYSTEMPATH\Database\BaseConnection.php(646): CodeIgniter\Database\BaseConnection->simpleQuery('SELECT *
FROM `patrol_layouts`
WHERE `active` = 1
ORDER BY `id` DESC')
 4 SYSTEMPATH\Database\BaseBuilder.php(1649): CodeIgniter\Database\BaseConnection->query('SELECT *
FROM `patrol_layouts`
WHERE `active` = :active:
ORDER BY `id` DESC', [...], false)
 5 APPPATH\Controllers\PatrolController.php(98): CodeIgniter\Database\BaseBuilder->get()
 6 APPPATH\Controllers\PatrolController.php(276): App\Controllers\PatrolController->loadActiveLayout()
 7 APPPATH\Controllers\PatrolController.php(353): App\Controllers\PatrolController->buildLandingBoot()
 8 SYSTEMPATH\CodeIgniter.php(933): App\Controllers\PatrolController->index()
 9 SYSTEMPATH\CodeIgniter.php(507): CodeIgniter\CodeIgniter->runController(Object(App\Controllers\PatrolController))
10 SYSTEMPATH\CodeIgniter.php(354): CodeIgniter\CodeIgniter->handleRequest(null, Object(Config\Cache), false)
11 SYSTEMPATH\Boot.php(363): CodeIgniter\CodeIgniter->run()
12 SYSTEMPATH\Boot.php(68): CodeIgniter\Boot::runCodeIgniter(Object(CodeIgniter\CodeIgniter))
13 FCPATH\index.php(59): CodeIgniter\Boot::bootWeb(Object(Config\Paths))
ERROR - 2026-04-22 17:35:37 --> mysqli_sql_exception: Table 'asset_compliance_system.patrol_layouts' doesn't exist in C:\xampp\htdocs\eams\system\Database\MySQLi\Connection.php:327
Stack trace:
#0 C:\xampp\htdocs\eams\system\Database\MySQLi\Connection.php(327): mysqli->query('SELECT *\nFROM `...', 0)
#1 C:\xampp\htdocs\eams\system\Database\BaseConnection.php(729): CodeIgniter\Database\MySQLi\Connection->execute('SELECT *\nFROM `...')
#2 C:\xampp\htdocs\eams\system\Database\BaseConnection.php(646): CodeIgniter\Database\BaseConnection->simpleQuery('SELECT *\nFROM `...')
#3 C:\xampp\htdocs\eams\system\Database\BaseBuilder.php(1649): CodeIgniter\Database\BaseConnection->query('SELECT *\nFROM `...', Array, false)
#4 C:\xampp\htdocs\eams\app\Controllers\PatrolController.php(98): CodeIgniter\Database\BaseBuilder->get()
#5 C:\xampp\htdocs\eams\app\Controllers\PatrolController.php(276): App\Controllers\PatrolController->loadActiveLayout()
#6 C:\xampp\htdocs\eams\app\Controllers\PatrolController.php(353): App\Controllers\PatrolController->buildLandingBoot()
#7 C:\xampp\htdocs\eams\system\CodeIgniter.php(933): App\Controllers\PatrolController->index()
#8 C:\xampp\htdocs\eams\system\CodeIgniter.php(507): CodeIgniter\CodeIgniter->runController(Object(App\Controllers\PatrolController))
#9 C:\xampp\htdocs\eams\system\CodeIgniter.php(354): CodeIgniter\CodeIgniter->handleRequest(NULL, Object(Config\Cache), false)
#10 C:\xampp\htdocs\eams\system\Boot.php(363): CodeIgniter\CodeIgniter->run()
#11 C:\xampp\htdocs\eams\system\Boot.php(68): CodeIgniter\Boot::runCodeIgniter(Object(CodeIgniter\CodeIgniter))
#12 C:\xampp\htdocs\eams\public\index.php(59): CodeIgniter\Boot::bootWeb(Object(Config\Paths))
#13 {main}
CRITICAL - 2026-04-22 17:35:37 --> CodeIgniter\Database\Exceptions\DatabaseException: Table 'asset_compliance_system.patrol_layouts' doesn't exist
[Method: GET, Route: patrol]
in SYSTEMPATH\Database\BaseConnection.php on line 684.
 1 SYSTEMPATH\Database\BaseBuilder.php(1649): CodeIgniter\Database\BaseConnection->query('SELECT *
FROM `patrol_layouts`
WHERE `active` = :active:
ORDER BY `id` DESC', [...], false)
 2 APPPATH\Controllers\PatrolController.php(98): CodeIgniter\Database\BaseBuilder->get()
 3 APPPATH\Controllers\PatrolController.php(276): App\Controllers\PatrolController->loadActiveLayout()
 4 APPPATH\Controllers\PatrolController.php(353): App\Controllers\PatrolController->buildLandingBoot()
 5 SYSTEMPATH\CodeIgniter.php(933): App\Controllers\PatrolController->index()
 6 SYSTEMPATH\CodeIgniter.php(507): CodeIgniter\CodeIgniter->runController(Object(App\Controllers\PatrolController))
 7 SYSTEMPATH\CodeIgniter.php(354): CodeIgniter\CodeIgniter->handleRequest(null, Object(Config\Cache), false)
 8 SYSTEMPATH\Boot.php(363): CodeIgniter\CodeIgniter->run()
 9 SYSTEMPATH\Boot.php(68): CodeIgniter\Boot::runCodeIgniter(Object(CodeIgniter\CodeIgniter))
10 FCPATH\index.php(59): CodeIgniter\Boot::bootWeb(Object(Config\Paths))
CRITICAL - 2026-04-22 17:35:37 --> [Caused by] CodeIgniter\Database\Exceptions\DatabaseException: Table 'asset_compliance_system.patrol_layouts' doesn't exist
in SYSTEMPATH\Database\MySQLi\Connection.php on line 332.
 1 SYSTEMPATH\Database\BaseConnection.php(729): CodeIgniter\Database\MySQLi\Connection->execute('SELECT *
FROM `patrol_layouts`
WHERE `active` = 1
ORDER BY `id` DESC')
 2 SYSTEMPATH\Database\BaseConnection.php(646): CodeIgniter\Database\BaseConnection->simpleQuery('SELECT *
FROM `patrol_layouts`
WHERE `active` = 1
ORDER BY `id` DESC')
 3 SYSTEMPATH\Database\BaseBuilder.php(1649): CodeIgniter\Database\BaseConnection->query('SELECT *
FROM `patrol_layouts`
WHERE `active` = :active:
ORDER BY `id` DESC', [...], false)
 4 APPPATH\Controllers\PatrolController.php(98): CodeIgniter\Database\BaseBuilder->get()
 5 APPPATH\Controllers\PatrolController.php(276): App\Controllers\PatrolController->loadActiveLayout()
 6 APPPATH\Controllers\PatrolController.php(353): App\Controllers\PatrolController->buildLandingBoot()
 7 SYSTEMPATH\CodeIgniter.php(933): App\Controllers\PatrolController->index()
 8 SYSTEMPATH\CodeIgniter.php(507): CodeIgniter\CodeIgniter->runController(Object(App\Controllers\PatrolController))
 9 SYSTEMPATH\CodeIgniter.php(354): CodeIgniter\CodeIgniter->handleRequest(null, Object(Config\Cache), false)
10 SYSTEMPATH\Boot.php(363): CodeIgniter\CodeIgniter->run()
11 SYSTEMPATH\Boot.php(68): CodeIgniter\Boot::runCodeIgniter(Object(CodeIgniter\CodeIgniter))
12 FCPATH\index.php(59): CodeIgniter\Boot::bootWeb(Object(Config\Paths))
CRITICAL - 2026-04-22 17:35:37 --> [Caused by] mysqli_sql_exception: Table 'asset_compliance_system.patrol_layouts' doesn't exist
in SYSTEMPATH\Database\MySQLi\Connection.php on line 327.
 1 SYSTEMPATH\Database\MySQLi\Connection.php(327): mysqli->query('SELECT *
FROM `patrol_layouts`
WHERE `active` = 1
ORDER BY `id` DESC', 0)
 2 SYSTEMPATH\Database\BaseConnection.php(729): CodeIgniter\Database\MySQLi\Connection->execute('SELECT *
FROM `patrol_layouts`
WHERE `active` = 1
ORDER BY `id` DESC')
 3 SYSTEMPATH\Database\BaseConnection.php(646): CodeIgniter\Database\BaseConnection->simpleQuery('SELECT *
FROM `patrol_layouts`
WHERE `active` = 1
ORDER BY `id` DESC')
 4 SYSTEMPATH\Database\BaseBuilder.php(1649): CodeIgniter\Database\BaseConnection->query('SELECT *
FROM `patrol_layouts`
WHERE `active` = :active:
ORDER BY `id` DESC', [...], false)
 5 APPPATH\Controllers\PatrolController.php(98): CodeIgniter\Database\BaseBuilder->get()
 6 APPPATH\Controllers\PatrolController.php(276): App\Controllers\PatrolController->loadActiveLayout()
 7 APPPATH\Controllers\PatrolController.php(353): App\Controllers\PatrolController->buildLandingBoot()
 8 SYSTEMPATH\CodeIgniter.php(933): App\Controllers\PatrolController->index()
 9 SYSTEMPATH\CodeIgniter.php(507): CodeIgniter\CodeIgniter->runController(Object(App\Controllers\PatrolController))
10 SYSTEMPATH\CodeIgniter.php(354): CodeIgniter\CodeIgniter->handleRequest(null, Object(Config\Cache), false)
11 SYSTEMPATH\Boot.php(363): CodeIgniter\CodeIgniter->run()
12 SYSTEMPATH\Boot.php(68): CodeIgniter\Boot::runCodeIgniter(Object(CodeIgniter\CodeIgniter))
13 FCPATH\index.php(59): CodeIgniter\Boot::bootWeb(Object(Config\Paths))
ERROR - 2026-04-22 17:35:42 --> mysqli_sql_exception: Table 'asset_compliance_system.patrol_layouts' doesn't exist in C:\xampp\htdocs\eams\system\Database\MySQLi\Connection.php:327
Stack trace:
#0 C:\xampp\htdocs\eams\system\Database\MySQLi\Connection.php(327): mysqli->query('SELECT *\nFROM `...', 0)
#1 C:\xampp\htdocs\eams\system\Database\BaseConnection.php(729): CodeIgniter\Database\MySQLi\Connection->execute('SELECT *\nFROM `...')
#2 C:\xampp\htdocs\eams\system\Database\BaseConnection.php(646): CodeIgniter\Database\BaseConnection->simpleQuery('SELECT *\nFROM `...')
#3 C:\xampp\htdocs\eams\system\Database\BaseBuilder.php(1649): CodeIgniter\Database\BaseConnection->query('SELECT *\nFROM `...', Array, false)
#4 C:\xampp\htdocs\eams\app\Controllers\PatrolController.php(98): CodeIgniter\Database\BaseBuilder->get()
#5 C:\xampp\htdocs\eams\app\Controllers\PatrolController.php(303): App\Controllers\PatrolController->loadActiveLayout()
#6 C:\xampp\htdocs\eams\app\Controllers\PatrolController.php(365): App\Controllers\PatrolController->buildDashboardBoot()
#7 C:\xampp\htdocs\eams\system\CodeIgniter.php(933): App\Controllers\PatrolController->dashboard()
#8 C:\xampp\htdocs\eams\system\CodeIgniter.php(507): CodeIgniter\CodeIgniter->runController(Object(App\Controllers\PatrolController))
#9 C:\xampp\htdocs\eams\system\CodeIgniter.php(354): CodeIgniter\CodeIgniter->handleRequest(NULL, Object(Config\Cache), false)
#10 C:\xampp\htdocs\eams\system\Boot.php(363): CodeIgniter\CodeIgniter->run()
#11 C:\xampp\htdocs\eams\system\Boot.php(68): CodeIgniter\Boot::runCodeIgniter(Object(CodeIgniter\CodeIgniter))
#12 C:\xampp\htdocs\eams\public\index.php(59): CodeIgniter\Boot::bootWeb(Object(Config\Paths))
#13 {main}
CRITICAL - 2026-04-22 17:35:42 --> CodeIgniter\Database\Exceptions\DatabaseException: Table 'asset_compliance_system.patrol_layouts' doesn't exist
[Method: GET, Route: patrol/dashboard]
in SYSTEMPATH\Database\BaseConnection.php on line 684.
 1 SYSTEMPATH\Database\BaseBuilder.php(1649): CodeIgniter\Database\BaseConnection->query('SELECT *
FROM `patrol_layouts`
WHERE `active` = :active:
ORDER BY `id` DESC', [...], false)
 2 APPPATH\Controllers\PatrolController.php(98): CodeIgniter\Database\BaseBuilder->get()
 3 APPPATH\Controllers\PatrolController.php(303): App\Controllers\PatrolController->loadActiveLayout()
 4 APPPATH\Controllers\PatrolController.php(365): App\Controllers\PatrolController->buildDashboardBoot()
 5 SYSTEMPATH\CodeIgniter.php(933): App\Controllers\PatrolController->dashboard()
 6 SYSTEMPATH\CodeIgniter.php(507): CodeIgniter\CodeIgniter->runController(Object(App\Controllers\PatrolController))
 7 SYSTEMPATH\CodeIgniter.php(354): CodeIgniter\CodeIgniter->handleRequest(null, Object(Config\Cache), false)
 8 SYSTEMPATH\Boot.php(363): CodeIgniter\CodeIgniter->run()
 9 SYSTEMPATH\Boot.php(68): CodeIgniter\Boot::runCodeIgniter(Object(CodeIgniter\CodeIgniter))
10 FCPATH\index.php(59): CodeIgniter\Boot::bootWeb(Object(Config\Paths))
CRITICAL - 2026-04-22 17:35:42 --> [Caused by] CodeIgniter\Database\Exceptions\DatabaseException: Table 'asset_compliance_system.patrol_layouts' doesn't exist
in SYSTEMPATH\Database\MySQLi\Connection.php on line 332.
 1 SYSTEMPATH\Database\BaseConnection.php(729): CodeIgniter\Database\MySQLi\Connection->execute('SELECT *
FROM `patrol_layouts`
WHERE `active` = 1
ORDER BY `id` DESC')
 2 SYSTEMPATH\Database\BaseConnection.php(646): CodeIgniter\Database\BaseConnection->simpleQuery('SELECT *
FROM `patrol_layouts`
WHERE `active` = 1
ORDER BY `id` DESC')
 3 SYSTEMPATH\Database\BaseBuilder.php(1649): CodeIgniter\Database\BaseConnection->query('SELECT *
FROM `patrol_layouts`
WHERE `active` = :active:
ORDER BY `id` DESC', [...], false)
 4 APPPATH\Controllers\PatrolController.php(98): CodeIgniter\Database\BaseBuilder->get()
 5 APPPATH\Controllers\PatrolController.php(303): App\Controllers\PatrolController->loadActiveLayout()
 6 APPPATH\Controllers\PatrolController.php(365): App\Controllers\PatrolController->buildDashboardBoot()
 7 SYSTEMPATH\CodeIgniter.php(933): App\Controllers\PatrolController->dashboard()
 8 SYSTEMPATH\CodeIgniter.php(507): CodeIgniter\CodeIgniter->runController(Object(App\Controllers\PatrolController))
 9 SYSTEMPATH\CodeIgniter.php(354): CodeIgniter\CodeIgniter->handleRequest(null, Object(Config\Cache), false)
10 SYSTEMPATH\Boot.php(363): CodeIgniter\CodeIgniter->run()
11 SYSTEMPATH\Boot.php(68): CodeIgniter\Boot::runCodeIgniter(Object(CodeIgniter\CodeIgniter))
12 FCPATH\index.php(59): CodeIgniter\Boot::bootWeb(Object(Config\Paths))
CRITICAL - 2026-04-22 17:35:42 --> [Caused by] mysqli_sql_exception: Table 'asset_compliance_system.patrol_layouts' doesn't exist
in SYSTEMPATH\Database\MySQLi\Connection.php on line 327.
 1 SYSTEMPATH\Database\MySQLi\Connection.php(327): mysqli->query('SELECT *
FROM `patrol_layouts`
WHERE `active` = 1
ORDER BY `id` DESC', 0)
 2 SYSTEMPATH\Database\BaseConnection.php(729): CodeIgniter\Database\MySQLi\Connection->execute('SELECT *
FROM `patrol_layouts`
WHERE `active` = 1
ORDER BY `id` DESC')
 3 SYSTEMPATH\Database\BaseConnection.php(646): CodeIgniter\Database\BaseConnection->simpleQuery('SELECT *
FROM `patrol_layouts`
WHERE `active` = 1
ORDER BY `id` DESC')
 4 SYSTEMPATH\Database\BaseBuilder.php(1649): CodeIgniter\Database\BaseConnection->query('SELECT *
FROM `patrol_layouts`
WHERE `active` = :active:
ORDER BY `id` DESC', [...], false)
 5 APPPATH\Controllers\PatrolController.php(98): CodeIgniter\Database\BaseBuilder->get()
 6 APPPATH\Controllers\PatrolController.php(303): App\Controllers\PatrolController->loadActiveLayout()
 7 APPPATH\Controllers\PatrolController.php(365): App\Controllers\PatrolController->buildDashboardBoot()
 8 SYSTEMPATH\CodeIgniter.php(933): App\Controllers\PatrolController->dashboard()
 9 SYSTEMPATH\CodeIgniter.php(507): CodeIgniter\CodeIgniter->runController(Object(App\Controllers\PatrolController))
10 SYSTEMPATH\CodeIgniter.php(354): CodeIgniter\CodeIgniter->handleRequest(null, Object(Config\Cache), false)
11 SYSTEMPATH\Boot.php(363): CodeIgniter\CodeIgniter->run()
12 SYSTEMPATH\Boot.php(68): CodeIgniter\Boot::runCodeIgniter(Object(CodeIgniter\CodeIgniter))
13 FCPATH\index.php(59): CodeIgniter\Boot::bootWeb(Object(Config\Paths))
ERROR - 2026-04-22 17:35:46 --> mysqli_sql_exception: Table 'asset_compliance_system.patrol_layouts' doesn't exist in C:\xampp\htdocs\eams\system\Database\MySQLi\Connection.php:327
Stack trace:
#0 C:\xampp\htdocs\eams\system\Database\MySQLi\Connection.php(327): mysqli->query('SELECT *\nFROM `...', 0)
#1 C:\xampp\htdocs\eams\system\Database\BaseConnection.php(729): CodeIgniter\Database\MySQLi\Connection->execute('SELECT *\nFROM `...')
#2 C:\xampp\htdocs\eams\system\Database\BaseConnection.php(646): CodeIgniter\Database\BaseConnection->simpleQuery('SELECT *\nFROM `...')
#3 C:\xampp\htdocs\eams\system\Database\BaseBuilder.php(1649): CodeIgniter\Database\BaseConnection->query('SELECT *\nFROM `...', Array, false)
#4 C:\xampp\htdocs\eams\app\Controllers\PatrolController.php(98): CodeIgniter\Database\BaseBuilder->get()
#5 C:\xampp\htdocs\eams\app\Controllers\PatrolController.php(276): App\Controllers\PatrolController->loadActiveLayout()
#6 C:\xampp\htdocs\eams\app\Controllers\PatrolController.php(353): App\Controllers\PatrolController->buildLandingBoot()
#7 C:\xampp\htdocs\eams\system\CodeIgniter.php(933): App\Controllers\PatrolController->index()
#8 C:\xampp\htdocs\eams\system\CodeIgniter.php(507): CodeIgniter\CodeIgniter->runController(Object(App\Controllers\PatrolController))
#9 C:\xampp\htdocs\eams\system\CodeIgniter.php(354): CodeIgniter\CodeIgniter->handleRequest(NULL, Object(Config\Cache), false)
#10 C:\xampp\htdocs\eams\system\Boot.php(363): CodeIgniter\CodeIgniter->run()
#11 C:\xampp\htdocs\eams\system\Boot.php(68): CodeIgniter\Boot::runCodeIgniter(Object(CodeIgniter\CodeIgniter))
#12 C:\xampp\htdocs\eams\public\index.php(59): CodeIgniter\Boot::bootWeb(Object(Config\Paths))
#13 {main}
CRITICAL - 2026-04-22 17:35:46 --> CodeIgniter\Database\Exceptions\DatabaseException: Table 'asset_compliance_system.patrol_layouts' doesn't exist
[Method: GET, Route: patrol]
in SYSTEMPATH\Database\BaseConnection.php on line 684.
 1 SYSTEMPATH\Database\BaseBuilder.php(1649): CodeIgniter\Database\BaseConnection->query('SELECT *
FROM `patrol_layouts`
WHERE `active` = :active:
ORDER BY `id` DESC', [...], false)
 2 APPPATH\Controllers\PatrolController.php(98): CodeIgniter\Database\BaseBuilder->get()
 3 APPPATH\Controllers\PatrolController.php(276): App\Controllers\PatrolController->loadActiveLayout()
 4 APPPATH\Controllers\PatrolController.php(353): App\Controllers\PatrolController->buildLandingBoot()
 5 SYSTEMPATH\CodeIgniter.php(933): App\Controllers\PatrolController->index()
 6 SYSTEMPATH\CodeIgniter.php(507): CodeIgniter\CodeIgniter->runController(Object(App\Controllers\PatrolController))
 7 SYSTEMPATH\CodeIgniter.php(354): CodeIgniter\CodeIgniter->handleRequest(null, Object(Config\Cache), false)
 8 SYSTEMPATH\Boot.php(363): CodeIgniter\CodeIgniter->run()
 9 SYSTEMPATH\Boot.php(68): CodeIgniter\Boot::runCodeIgniter(Object(CodeIgniter\CodeIgniter))
10 FCPATH\index.php(59): CodeIgniter\Boot::bootWeb(Object(Config\Paths))
CRITICAL - 2026-04-22 17:35:46 --> [Caused by] CodeIgniter\Database\Exceptions\DatabaseException: Table 'asset_compliance_system.patrol_layouts' doesn't exist
in SYSTEMPATH\Database\MySQLi\Connection.php on line 332.
 1 SYSTEMPATH\Database\BaseConnection.php(729): CodeIgniter\Database\MySQLi\Connection->execute('SELECT *
FROM `patrol_layouts`
WHERE `active` = 1
ORDER BY `id` DESC')
 2 SYSTEMPATH\Database\BaseConnection.php(646): CodeIgniter\Database\BaseConnection->simpleQuery('SELECT *
FROM `patrol_layouts`
WHERE `active` = 1
ORDER BY `id` DESC')
 3 SYSTEMPATH\Database\BaseBuilder.php(1649): CodeIgniter\Database\BaseConnection->query('SELECT *
FROM `patrol_layouts`
WHERE `active` = :active:
ORDER BY `id` DESC', [...], false)
 4 APPPATH\Controllers\PatrolController.php(98): CodeIgniter\Database\BaseBuilder->get()
 5 APPPATH\Controllers\PatrolController.php(276): App\Controllers\PatrolController->loadActiveLayout()
 6 APPPATH\Controllers\PatrolController.php(353): App\Controllers\PatrolController->buildLandingBoot()
 7 SYSTEMPATH\CodeIgniter.php(933): App\Controllers\PatrolController->index()
 8 SYSTEMPATH\CodeIgniter.php(507): CodeIgniter\CodeIgniter->runController(Object(App\Controllers\PatrolController))
 9 SYSTEMPATH\CodeIgniter.php(354): CodeIgniter\CodeIgniter->handleRequest(null, Object(Config\Cache), false)
10 SYSTEMPATH\Boot.php(363): CodeIgniter\CodeIgniter->run()
11 SYSTEMPATH\Boot.php(68): CodeIgniter\Boot::runCodeIgniter(Object(CodeIgniter\CodeIgniter))
12 FCPATH\index.php(59): CodeIgniter\Boot::bootWeb(Object(Config\Paths))
CRITICAL - 2026-04-22 17:35:46 --> [Caused by] mysqli_sql_exception: Table 'asset_compliance_system.patrol_layouts' doesn't exist
in SYSTEMPATH\Database\MySQLi\Connection.php on line 327.
 1 SYSTEMPATH\Database\MySQLi\Connection.php(327): mysqli->query('SELECT *
FROM `patrol_layouts`
WHERE `active` = 1
ORDER BY `id` DESC', 0)
 2 SYSTEMPATH\Database\BaseConnection.php(729): CodeIgniter\Database\MySQLi\Connection->execute('SELECT *
FROM `patrol_layouts`
WHERE `active` = 1
ORDER BY `id` DESC')
 3 SYSTEMPATH\Database\BaseConnection.php(646): CodeIgniter\Database\BaseConnection->simpleQuery('SELECT *
FROM `patrol_layouts`
WHERE `active` = 1
ORDER BY `id` DESC')
 4 SYSTEMPATH\Database\BaseBuilder.php(1649): CodeIgniter\Database\BaseConnection->query('SELECT *
FROM `patrol_layouts`
WHERE `active` = :active:
ORDER BY `id` DESC', [...], false)
 5 APPPATH\Controllers\PatrolController.php(98): CodeIgniter\Database\BaseBuilder->get()
 6 APPPATH\Controllers\PatrolController.php(276): App\Controllers\PatrolController->loadActiveLayout()
 7 APPPATH\Controllers\PatrolController.php(353): App\Controllers\PatrolController->buildLandingBoot()
 8 SYSTEMPATH\CodeIgniter.php(933): App\Controllers\PatrolController->index()
 9 SYSTEMPATH\CodeIgniter.php(507): CodeIgniter\CodeIgniter->runController(Object(App\Controllers\PatrolController))
10 SYSTEMPATH\CodeIgniter.php(354): CodeIgniter\CodeIgniter->handleRequest(null, Object(Config\Cache), false)
11 SYSTEMPATH\Boot.php(363): CodeIgniter\CodeIgniter->run()
12 SYSTEMPATH\Boot.php(68): CodeIgniter\Boot::runCodeIgniter(Object(CodeIgniter\CodeIgniter))
13 FCPATH\index.php(59): CodeIgniter\Boot::bootWeb(Object(Config\Paths))
